Archive member included to satisfy reference by file (symbol)

d:/qianrushi/ide/mounriver/mounriver_studio/toolchain/risc-v embedded gcc/bin/../lib/gcc/riscv-none-embed/8.2.0/../../../../riscv-none-embed/lib/rv32imafc/ilp32f\libm.a(lib_a-s_cos.o)
                              ./zf_device/zf_device_gps_tau1201.o (cos)
d:/qianrushi/ide/mounriver/mounriver_studio/toolchain/risc-v embedded gcc/bin/../lib/gcc/riscv-none-embed/8.2.0/../../../../riscv-none-embed/lib/rv32imafc/ilp32f\libm.a(lib_a-s_sin.o)
                              ./zf_device/zf_device_gps_tau1201.o (sin)
d:/qianrushi/ide/mounriver/mounriver_studio/toolchain/risc-v embedded gcc/bin/../lib/gcc/riscv-none-embed/8.2.0/../../../../riscv-none-embed/lib/rv32imafc/ilp32f\libm.a(lib_a-w_asin.o)
                              ./zf_device/zf_device_gps_tau1201.o (asin)
d:/qianrushi/ide/mounriver/mounriver_studio/toolchain/risc-v embedded gcc/bin/../lib/gcc/riscv-none-embed/8.2.0/../../../../riscv-none-embed/lib/rv32imafc/ilp32f\libm.a(lib_a-w_atan2.o)
                              ./zf_device/zf_device_gps_tau1201.o (atan2)
d:/qianrushi/ide/mounriver/mounriver_studio/toolchain/risc-v embedded gcc/bin/../lib/gcc/riscv-none-embed/8.2.0/../../../../riscv-none-embed/lib/rv32imafc/ilp32f\libm.a(lib_a-w_pow.o)
                              ./zf_device/zf_device_gps_tau1201.o (pow)
d:/qianrushi/ide/mounriver/mounriver_studio/toolchain/risc-v embedded gcc/bin/../lib/gcc/riscv-none-embed/8.2.0/../../../../riscv-none-embed/lib/rv32imafc/ilp32f\libm.a(lib_a-w_sqrt.o)
                              ./zf_device/zf_device_gps_tau1201.o (sqrt)
d:/qianrushi/ide/mounriver/mounriver_studio/toolchain/risc-v embedded gcc/bin/../lib/gcc/riscv-none-embed/8.2.0/../../../../riscv-none-embed/lib/rv32imafc/ilp32f\libm.a(lib_a-e_asin.o)
                              d:/qianrushi/ide/mounriver/mounriver_studio/toolchain/risc-v embedded gcc/bin/../lib/gcc/riscv-none-embed/8.2.0/../../../../riscv-none-embed/lib/rv32imafc/ilp32f\libm.a(lib_a-w_asin.o) (__ieee754_asin)
d:/qianrushi/ide/mounriver/mounriver_studio/toolchain/risc-v embedded gcc/bin/../lib/gcc/riscv-none-embed/8.2.0/../../../../riscv-none-embed/lib/rv32imafc/ilp32f\libm.a(lib_a-e_atan2.o)
                              d:/qianrushi/ide/mounriver/mounriver_studio/toolchain/risc-v embedded gcc/bin/../lib/gcc/riscv-none-embed/8.2.0/../../../../riscv-none-embed/lib/rv32imafc/ilp32f\libm.a(lib_a-w_atan2.o) (__ieee754_atan2)
d:/qianrushi/ide/mounriver/mounriver_studio/toolchain/risc-v embedded gcc/bin/../lib/gcc/riscv-none-embed/8.2.0/../../../../riscv-none-embed/lib/rv32imafc/ilp32f\libm.a(lib_a-e_pow.o)
                              d:/qianrushi/ide/mounriver/mounriver_studio/toolchain/risc-v embedded gcc/bin/../lib/gcc/riscv-none-embed/8.2.0/../../../../riscv-none-embed/lib/rv32imafc/ilp32f\libm.a(lib_a-w_pow.o) (__ieee754_pow)
d:/qianrushi/ide/mounriver/mounriver_studio/toolchain/risc-v embedded gcc/bin/../lib/gcc/riscv-none-embed/8.2.0/../../../../riscv-none-embed/lib/rv32imafc/ilp32f\libm.a(lib_a-e_rem_pio2.o)
                              d:/qianrushi/ide/mounriver/mounriver_studio/toolchain/risc-v embedded gcc/bin/../lib/gcc/riscv-none-embed/8.2.0/../../../../riscv-none-embed/lib/rv32imafc/ilp32f\libm.a(lib_a-s_cos.o) (__ieee754_rem_pio2)
d:/qianrushi/ide/mounriver/mounriver_studio/toolchain/risc-v embedded gcc/bin/../lib/gcc/riscv-none-embed/8.2.0/../../../../riscv-none-embed/lib/rv32imafc/ilp32f\libm.a(lib_a-e_sqrt.o)
                              d:/qianrushi/ide/mounriver/mounriver_studio/toolchain/risc-v embedded gcc/bin/../lib/gcc/riscv-none-embed/8.2.0/../../../../riscv-none-embed/lib/rv32imafc/ilp32f\libm.a(lib_a-w_sqrt.o) (__ieee754_sqrt)
d:/qianrushi/ide/mounriver/mounriver_studio/toolchain/risc-v embedded gcc/bin/../lib/gcc/riscv-none-embed/8.2.0/../../../../riscv-none-embed/lib/rv32imafc/ilp32f\libm.a(lib_a-k_cos.o)
                              d:/qianrushi/ide/mounriver/mounriver_studio/toolchain/risc-v embedded gcc/bin/../lib/gcc/riscv-none-embed/8.2.0/../../../../riscv-none-embed/lib/rv32imafc/ilp32f\libm.a(lib_a-s_cos.o) (__kernel_cos)
d:/qianrushi/ide/mounriver/mounriver_studio/toolchain/risc-v embedded gcc/bin/../lib/gcc/riscv-none-embed/8.2.0/../../../../riscv-none-embed/lib/rv32imafc/ilp32f\libm.a(lib_a-k_rem_pio2.o)
                              d:/qianrushi/ide/mounriver/mounriver_studio/toolchain/risc-v embedded gcc/bin/../lib/gcc/riscv-none-embed/8.2.0/../../../../riscv-none-embed/lib/rv32imafc/ilp32f\libm.a(lib_a-e_rem_pio2.o) (__kernel_rem_pio2)
d:/qianrushi/ide/mounriver/mounriver_studio/toolchain/risc-v embedded gcc/bin/../lib/gcc/riscv-none-embed/8.2.0/../../../../riscv-none-embed/lib/rv32imafc/ilp32f\libm.a(lib_a-k_sin.o)
                              d:/qianrushi/ide/mounriver/mounriver_studio/toolchain/risc-v embedded gcc/bin/../lib/gcc/riscv-none-embed/8.2.0/../../../../riscv-none-embed/lib/rv32imafc/ilp32f\libm.a(lib_a-s_cos.o) (__kernel_sin)
[...]
Memory Configuration

Name             Origin             Length             Attributes
RAM              0x0000000020000000 0x0000000000010000 xrw
FLASH            0x0000000000000000 0x0000000000040000 xr
*default*        0x0000000000000000 0xffffffffffffffff

Linker script and memory map

LOAD ./zf_driver/zf_driver_adc.o
LOAD ./zf_driver/zf_driver_delay.o
LOAD ./zf_driver/zf_driver_dvp.o
LOAD ./zf_driver/zf_driver_encoder.o
LOAD ./zf_driver/zf_driver_exti.o
LOAD ./zf_driver/zf_driver_flash.o
LOAD ./zf_driver/zf_driver_gpio.o
LOAD ./zf_driver/zf_driver_iic.o
LOAD ./zf_driver/zf_driver_pit.o
LOAD ./zf_driver/zf_driver_pwm.o
LOAD ./zf_driver/zf_driver_soft_iic.o
LOAD ./zf_driver/zf_driver_soft_spi.o
LOAD ./zf_driver/zf_driver_spi.o
LOAD ./zf_driver/zf_driver_timer.o
LOAD ./zf_driver/zf_driver_uart.o
LOAD ./zf_driver/zf_driver_usb_cdc.o
LOAD ./zf_device/zf_device_absolute_encoder.o
LOAD ./zf_device/zf_device_aht20.o
LOAD ./zf_device/zf_device_bluetooth_ch9141.o
LOAD ./zf_device/zf_device_camera.o
LOAD ./zf_device/zf_device_dl1a.o
LOAD ./zf_device/zf_device_dm1xa.o
LOAD ./zf_device/zf_device_gps_tau1201.o
LOAD ./zf_device/zf_device_icm20602.o
LOAD ./zf_device/zf_device_imu660ra.o
LOAD ./zf_device/zf_device_imu963ra.o
LOAD ./zf_device/zf_device_ips114.o
LOAD ./zf_device/zf_device_ips200.o
LOAD ./zf_device/zf_device_k24c02.o
LOAD ./zf_device/zf_device_key.o
LOAD ./zf_device/zf_device_mpu6050.o
LOAD ./zf_device/zf_device_mt9v03x_dvp.o
LOAD ./zf_device/zf_device_oled.o
LOAD ./zf_device/zf_device_scc8660_dvp.o
LOAD ./zf_device/zf_device_tft180.o
LOAD ./zf_device/zf_device_type.o
LOAD ./zf_device/zf_device_virtual_oscilloscope.o
LOAD ./zf_device/zf_device_w25q32.o
LOAD ./zf_device/zf_device_wifi_uart.o
LOAD ./zf_device/zf_device_wireless_ch573.o
LOAD ./zf_device/zf_device_wireless_uart.o
LOAD ./zf_common/zf_common_clock.o
LOAD ./zf_common/zf_common_debug.o
LOAD ./zf_common/zf_common_fifo.o
LOAD ./zf_common/zf_common_font.o
LOAD ./zf_common/zf_common_function.o
LOAD ./zf_common/zf_common_interrupt.o
LOAD ./user_c/isr.o
LOAD ./user_c/main.o
LOAD ./sdk/Startup/startup_ch32v30x_D8C.o
LOAD ./sdk/Peripheral/ch32v30x_adc.o
LOAD ./sdk/Peripheral/ch32v30x_bkp.o
LOAD ./sdk/Peripheral/ch32v30x_can.o
LOAD ./sdk/Peripheral/ch32v30x_crc.o
LOAD ./sdk/Peripheral/ch32v30x_dac.o
LOAD ./sdk/Peripheral/ch32v30x_dbgmcu.o
LOAD ./sdk/Peripheral/ch32v30x_dma.o
LOAD ./sdk/Peripheral/ch32v30x_dvp.o
LOAD ./sdk/Peripheral/ch32v30x_eth.o
LOAD ./sdk/Peripheral/ch32v30x_exti.o
LOAD ./sdk/Peripheral/ch32v30x_flash.o
LOAD ./sdk/Peripheral/ch32v30x_fsmc.o
LOAD ./sdk/Peripheral/ch32v30x_gpio.o
LOAD ./sdk/Peripheral/ch32v30x_i2c.o
LOAD ./sdk/Peripheral/ch32v30x_iwdg.o
LOAD ./sdk/Peripheral/ch32v30x_opa.o
LOAD ./sdk/Peripheral/ch32v30x_pwr.o
LOAD ./sdk/Peripheral/ch32v30x_rcc.o
LOAD ./sdk/Peripheral/ch32v30x_rng.o
LOAD ./sdk/Peripheral/ch32v30x_rtc.o
LOAD ./sdk/Peripheral/ch32v30x_sdio.o
LOAD ./sdk/Peripheral/ch32v30x_spi.o
LOAD ./sdk/Peripheral/ch32v30x_tim.o
LOAD ./sdk/Peripheral/ch32v30x_usart.o
LOAD ./sdk/Peripheral/ch32v30x_usbotg_device.o
LOAD ./sdk/Peripheral/ch32v30x_wwdg.o
LOAD ./sdk/Core/core_riscv.o
LOAD ./code/gyro.o
LOAD ./code/imgproc.o
LOAD ./code/motor.o
LOAD ./code/pit.o
LOAD ./code/servo.o
LOAD d:/qianrushi/ide/mounriver/mounriver_studio/toolchain/risc-v embedded gcc/bin/../lib/gcc/riscv-none-embed/8.2.0/../../../../riscv-none-embed/lib/rv32imafc/ilp32f\libm.a
LOAD C:\Users\lid\Desktop\CHV307_Library\ch_car_ver3\libraries\zf_device\libzf_device_config.a
LOAD d:/qianrushi/ide/mounriver/mounriver_studio/toolchain/risc-v embedded gcc/bin/../lib/gcc/riscv-none-embed/8.2.0/rv32imafc/ilp32f\libgcc.a
LOAD d:/qianrushi/ide/mounriver/mounriver_studio/toolchain/risc-v embedded gcc/bin/../lib/gcc/riscv-none-embed/8.2.0/../../../../riscv-none-embed/lib/rv32imafc/ilp32f\libg_nano.a
LOAD d:/qianrushi/ide/mounriver/mounriver_studio/toolchain/risc-v embedded gcc/bin/../lib/gcc/riscv-none-embed/8.2.0/../../../../riscv-none-embed/lib/rv32imafc/ilp32f\libc_nano.a
LOAD d:/qianrushi/ide/mounriver/mounriver_studio/toolchain/risc-v embedded gcc/bin/../lib/gcc/riscv-none-embed/8.2.0/rv32imafc/ilp32f\libgcc.a
START GROUP
LOAD d:/qianrushi/ide/mounriver/mounriver_studio/toolchain/risc-v embedded gcc/bin/../lib/gcc/riscv-none-embed/8.2.0/rv32imafc/ilp32f\libgcc.a
LOAD d:/qianrushi/ide/mounriver/mounriver_studio/toolchain/risc-v embedded gcc/bin/../lib/gcc/riscv-none-embed/8.2.0/../../../../riscv-none-embed/lib/rv32imafc/ilp32f\libc_nano.a
LOAD d:/qianrushi/ide/mounriver/mounriver_studio/toolchain/risc-v embedded gcc/bin/../lib/gcc/riscv-none-embed/8.2.0/../../../../riscv-none-embed/lib/rv32imafc/ilp32f\libnosys.a
END GROUP
START GROUP
LOAD d:/qianrushi/ide/mounriver/mounriver_studio/toolchain/risc-v embedded gcc/bin/../lib/gcc/riscv-none-embed/8.2.0/rv32imafc/ilp32f\libgcc.a
LOAD d:/qianrushi/ide/mounriver/mounriver_studio/toolchain/risc-v embedded gcc/bin/../lib/gcc/riscv-none-embed/8.2.0/../../../../riscv-none-embed/lib/rv32imafc/ilp32f\libc_nano.a
LOAD d:/qianrushi/ide/mounriver/mounriver_studio/toolchain/risc-v embedded gcc/bin/../lib/gcc/riscv-none-embed/8.2.0/../../../../riscv-none-embed/lib/rv32imafc/ilp32f\libnosys.a
END GROUP
                0x0000000000000800                __stack_size = 0x800
                [!provide]                        PROVIDE (_stack_size = __stack_size)

.init           0x0000000000000000       0x38
                0x0000000000000000                _sinit = .
                0x0000000000000000                . = ALIGN (0x4)
 *(SORT_NONE(.init))
 .init          0x0000000000000000       0x38 ./sdk/Startup/startup_ch32v30x_D8C.o
                0x0000000000000000                _start
                0x0000000000000038                . = ALIGN (0x4)
                0x0000000000000038                _einit = .

.vector         0x0000000000000038      0x1c8
 *(.vector)
 .vector        0x0000000000000038      0x1a0 ./sdk/Startup/startup_ch32v30x_D8C.o
                0x0000000000000200                . = ALIGN (0x40)
 *fill*         0x00000000000001d8       0x28 

.text           0x0000000000000200    0x145cc
                0x0000000000000200                . = ALIGN (0x4)
 *(.text)
 .text          0x0000000000000200       0xa8 d:/qianrushi/ide/mounriver/mounriver_studio/toolchain/risc-v embedded gcc/bin/../lib/gcc/riscv-none-embed/8.2.0/../../../../riscv-none-embed/lib/rv32imafc/ilp32f\libg_nano.a(lib_a-memset.o)
                0x0000000000000200                memset
 *(.text.*)
 .text.system_delay
                0x00000000000002a8       0x9a ./zf_driver/zf_driver_delay.o
                0x00000000000002a8                system_delay
 .text.dvp_gpio_init
                0x0000000000000342      0x102 ./zf_driver/zf_driver_dvp.o
                0x0000000000000342                dvp_gpio_init
 .text.dvp_camera_init
                0x0000000000000444      0x144 ./zf_driver/zf_driver_dvp.o
                0x0000000000000444                dvp_camera_init
 .text.gpio_set_level
                0x0000000000000588       0x78 ./zf_driver/zf_driver_gpio.o
                0x0000000000000588                gpio_set_level
 .text.gpio_get_level
                0x0000000000000600       0x42 ./zf_driver/zf_driver_gpio.o
                0x0000000000000600                gpio_get_level
 .text.gpio_init
                0x0000000000000642      0x15c ./zf_driver/zf_driver_gpio.o
                0x0000000000000642                gpio_init
 .text.pit_init
                0x000000000000079e      0x218 ./zf_driver/zf_driver_pit.o
                0x000000000000079e                pit_init
 .text.pwm_set_duty
                0x00000000000009b6      0x166 ./zf_driver/zf_driver_pwm.o
                0x00000000000009b6                pwm_set_duty
 .text.pwm_init
                0x0000000000000b1c      0x416 ./zf_driver/zf_driver_pwm.o
                0x0000000000000b1c                pwm_init
 .text.soft_iic_start
                0x0000000000000f32      0x128 ./zf_driver/zf_driver_soft_iic.o
 .text.soft_iic_stop
                0x000000000000105a      0x142 ./zf_driver/zf_driver_soft_iic.o
 .text.soft_iic_send_ack
                0x000000000000119c      0x196 ./zf_driver/zf_driver_soft_iic.o
 .text.soft_iic_wait_ack
                0x0000000000001332      0x160 ./zf_driver/zf_driver_soft_iic.o
 .text.soft_iic_send_data
                0x0000000000001492      0x16e ./zf_driver/zf_driver_soft_iic.o
 .text.soft_iic_read_data
                0x0000000000001600      0x1e8 ./zf_driver/zf_driver_soft_iic.o
 .text.soft_iic_sccb_write_register
                0x00000000000017e8       0x80 ./zf_driver/zf_driver_soft_iic.o
                0x00000000000017e8                soft_iic_sccb_write_register
 .text.soft_iic_sccb_read_register
                0x0000000000001868       0xb4 ./zf_driver/zf_driver_soft_iic.o
                0x0000000000001868                soft_iic_sccb_read_register
 .text.soft_iic_init
                0x000000000000191c       0xb2 ./zf_driver/zf_driver_soft_iic.o
                0x000000000000191c                soft_iic_init
 .text.spi_write_8bit
                0x00000000000019ce       0x6a ./zf_driver/zf_driver_spi.o
                0x00000000000019ce                spi_write_8bit
 .text.spi_write_16bit
                0x0000000000001a38       0xa6 ./zf_driver/zf_driver_spi.o
                0x0000000000001a38                spi_write_16bit
 .text.spi_write_8bit_register
                0x0000000000001ade       0xc4 ./zf_driver/zf_driver_spi.o
                0x0000000000001ade                spi_write_8bit_register
 .text.spi_write_8bit_registers
                0x0000000000001ba2       0xba ./zf_driver/zf_driver_spi.o
                0x0000000000001ba2                spi_write_8bit_registers
 .text.spi_read_8bit_registers
                0x0000000000001c5c       0xe4 ./zf_driver/zf_driver_spi.o
                0x0000000000001c5c                spi_read_8bit_registers
 .text.spi_init
                0x0000000000001d40      0x2f0 ./zf_driver/zf_driver_spi.o
                0x0000000000001d40                spi_init
 .text.timer_funciton_check
                0x0000000000002030       0x66 ./zf_driver/zf_driver_timer.o
                0x0000000000002030                timer_funciton_check
 .text.timer_clock_enable
                0x0000000000002096       0xe2 ./zf_driver/zf_driver_timer.o
                0x0000000000002096                timer_clock_enable
 .text.timer_get
                0x0000000000002178       0xfe ./zf_driver/zf_driver_timer.o
                0x0000000000002178                timer_get
 .text.timer_clear
                0x0000000000002276       0xc4 ./zf_driver/zf_driver_timer.o
                0x0000000000002276                timer_clear
 .text.timer_init
                0x000000000000233a      0x1a0 ./zf_driver/zf_driver_timer.o
                0x000000000000233a                timer_init
 .text.uart_write_byte
                0x00000000000024da       0x56 ./zf_driver/zf_driver_uart.o
                0x00000000000024da                uart_write_byte
 .text.uart_write_buffer
                0x0000000000002530       0x64 ./zf_driver/zf_driver_uart.o
                0x0000000000002530                uart_write_buffer
 .text.uart_write_string
                0x0000000000002594       0x60 ./zf_driver/zf_driver_uart.o
                0x0000000000002594                uart_write_string
 .text.uart_rx_interrupt
                0x00000000000025f4       0x84 ./zf_driver/zf_driver_uart.o
                0x00000000000025f4                uart_rx_interrupt
 .text.uart_query_byte
                0x0000000000002678       0x5e ./zf_driver/zf_driver_uart.o
                0x0000000000002678                uart_query_byte
 .text.uart_init
                0x00000000000026d6      0x5a6 ./zf_driver/zf_driver_uart.o
                0x00000000000026d6                uart_init
 .text.camera_fifo_init
                0x0000000000002c7c       0x22 ./zf_device/zf_device_camera.o
                0x0000000000002c7c                camera_fifo_init
 .text.dm1xa_sound_callback
                0x0000000000002c9e       0xf6 ./zf_device/zf_device_dm1xa.o
                0x0000000000002c9e                dm1xa_sound_callback
 .text.dm1xa_light_callback
                0x0000000000002d94       0x32 ./zf_device/zf_device_dm1xa.o
                0x0000000000002d94                dm1xa_light_callback
 .text.gps_uart_callback
                0x0000000000002dc6      0x10a ./zf_device/zf_device_gps_tau1201.o
                0x0000000000002dc6                gps_uart_callback
 .text.imu660ra_write_register
                0x0000000000002ed0       0x52 ./zf_device/zf_device_imu660ra.o
 .text.imu660ra_write_registers
                0x0000000000002f22       0x54 ./zf_device/zf_device_imu660ra.o
 .text.imu660ra_read_register
                0x0000000000002f76       0x58 ./zf_device/zf_device_imu660ra.o
 .text.imu660ra_self_check
                0x0000000000002fce       0x6a ./zf_device/zf_device_imu660ra.o
 .text.imu660ra_init
                0x0000000000003038      0x132 ./zf_device/zf_device_imu660ra.o
                0x0000000000003038                imu660ra_init
 .text.ips200_write_data
                0x000000000000316a       0x32 ./zf_device/zf_device_ips200.o
 .text.ips200_write_command
                0x000000000000319c       0xf8 ./zf_device/zf_device_ips200.o
 .text.ips200_write_8bit_data
                0x0000000000003294       0x8a ./zf_device/zf_device_ips200.o
 .text.ips200_write_16bit_data
                0x000000000000331e       0xca ./zf_device/zf_device_ips200.o
 .text.ips200_set_region
                0x00000000000033e8       0xe6 ./zf_device/zf_device_ips200.o
 .text.ips200_debug_init
                0x00000000000034ce       0x7e ./zf_device/zf_device_ips200.o
 .text.ips200_clear
                0x000000000000354c       0x9e ./zf_device/zf_device_ips200.o
                0x000000000000354c                ips200_clear
 .text.ips200_set_dir
                0x00000000000035ea       0x46 ./zf_device/zf_device_ips200.o
                0x00000000000035ea                ips200_set_dir
 .text.ips200_set_color
                0x0000000000003630       0x34 ./zf_device/zf_device_ips200.o
                0x0000000000003630                ips200_set_color
 .text.ips200_draw_point
                0x0000000000003664       0xb6 ./zf_device/zf_device_ips200.o
                0x0000000000003664                ips200_draw_point
 .text.ips200_show_char
                0x000000000000371a      0x2aa ./zf_device/zf_device_ips200.o
                0x000000000000371a                ips200_show_char
 .text.ips200_show_string
                0x00000000000039c4      0x11a ./zf_device/zf_device_ips200.o
                0x00000000000039c4                ips200_show_string
 .text.ips200_show_float
                0x0000000000003ade      0x1ae ./zf_device/zf_device_ips200.o
                0x0000000000003ade                ips200_show_float
 .text.ips200_show_gray_image
                0x0000000000003c8c      0x23c ./zf_device/zf_device_ips200.o
                0x0000000000003c8c                ips200_show_gray_image
 .text.ips200_init
                0x0000000000003ec8      0x438 ./zf_device/zf_device_ips200.o
                0x0000000000003ec8                ips200_init
 .text.mt9v03x_set_config
                0x0000000000004300      0x14c ./zf_device/zf_device_mt9v03x_dvp.o
 .text.mt9v03x_get_config
                0x000000000000444c      0x174 ./zf_device/zf_device_mt9v03x_dvp.o
 .text.mt9v03x_uart_handler
                0x00000000000045c0       0x44 ./zf_device/zf_device_mt9v03x_dvp.o
 .text.mt9v03x_dvp_handler
                0x0000000000004604       0x14 ./zf_device/zf_device_mt9v03x_dvp.o
                0x0000000000004604                mt9v03x_dvp_handler
 .text.mt9v03x_get_version
                0x0000000000004618       0xda ./zf_device/zf_device_mt9v03x_dvp.o
                0x0000000000004618                mt9v03x_get_version
 .text.mt9v03x_init
                0x00000000000046f2      0x18a ./zf_device/zf_device_mt9v03x_dvp.o
                0x00000000000046f2                mt9v03x_init
 .text.type_default_callback
                0x000000000000487c        0xe ./zf_device/zf_device_type.o
 .text.set_camera_type
                0x000000000000488a       0x52 ./zf_device/zf_device_type.o
                0x000000000000488a                set_camera_type
 .text.clock_reset
                0x00000000000048dc       0x76 ./zf_common/zf_common_clock.o
 .text.clock_set_freq
                0x0000000000004952      0x1d8 ./zf_common/zf_common_clock.o
 .text.clock_init
                0x0000000000004b2a       0x2e ./zf_common/zf_common_clock.o
                0x0000000000004b2a                clock_init
 .text.__NOP    0x0000000000004b58       0x10 ./zf_common/zf_common_debug.o
 .text.debug_delay
                0x0000000000004b68       0x54 ./zf_common/zf_common_debug.o
 .text.debug_protective_handler
                0x0000000000004bbc        0xe ./zf_common/zf_common_debug.o
 .text.debug_uart_str_output
                0x0000000000004bca       0x20 ./zf_common/zf_common_debug.o
 .text.debug_output
                0x0000000000004bea      0x564 ./zf_common/zf_common_debug.o
 .text._write   0x000000000000514e       0x7c ./zf_common/zf_common_debug.o
                0x000000000000514e                _write
 .text.debug_assert_handler
                0x00000000000051ca       0x68 ./zf_common/zf_common_debug.o
                0x00000000000051ca                debug_assert_handler
 .text.debug_log_handler
                0x0000000000005232       0x4e ./zf_common/zf_common_debug.o
                0x0000000000005232                debug_log_handler
 .text.debug_output_struct_init
                0x0000000000005280       0x5a ./zf_common/zf_common_debug.o
                0x0000000000005280                debug_output_struct_init
 .text.debug_output_init
                0x00000000000052da       0xa8 ./zf_common/zf_common_debug.o
                0x00000000000052da                debug_output_init
 .text.debug_init
                0x0000000000005382       0x4a ./zf_common/zf_common_debug.o
                0x0000000000005382                debug_init
 .text.fifo_head_offset
                0x00000000000053cc       0x4e ./zf_common/zf_common_fifo.o
 .text.fifo_end_offset
                0x000000000000541a       0x4e ./zf_common/zf_common_fifo.o
 .text.fifo_clear
                0x0000000000005468      0x100 ./zf_common/zf_common_fifo.o
                0x0000000000005468                fifo_clear
 .text.fifo_used
                0x0000000000005568       0x44 ./zf_common/zf_common_fifo.o
                0x0000000000005568                fifo_used
 .text.fifo_write_element
                0x00000000000055ac      0x118 ./zf_common/zf_common_fifo.o
                0x00000000000055ac                fifo_write_element
 .text.fifo_write_buffer
                0x00000000000056c4      0x304 ./zf_common/zf_common_fifo.o
                0x00000000000056c4                fifo_write_buffer
 .text.fifo_read_buffer
                0x00000000000059c8      0x2e0 ./zf_common/zf_common_fifo.o
                0x00000000000059c8                fifo_read_buffer
 .text.fifo_init
                0x0000000000005ca8       0x96 ./zf_common/zf_common_fifo.o
                0x0000000000005ca8                fifo_init
 .text.func_float_to_str
                0x0000000000005d3e      0x260 ./zf_common/zf_common_function.o
                0x0000000000005d3e                func_float_to_str
 .text.__enable_irq
                0x0000000000005f9e       0x18 ./zf_common/zf_common_interrupt.o
 .text.__disable_irq
                0x0000000000005fb6       0x14 ./zf_common/zf_common_interrupt.o
 .text.NVIC_EnableIRQ
                0x0000000000005fca       0x32 ./zf_common/zf_common_interrupt.o
 .text.NVIC_DisableIRQ
                0x0000000000005ffc       0x32 ./zf_common/zf_common_interrupt.o
 .text.NVIC_SetPriority
                0x000000000000602e       0x2a ./zf_common/zf_common_interrupt.o
 .text.interrupt_enable
                0x0000000000006058       0x1e ./zf_common/zf_common_interrupt.o
                0x0000000000006058                interrupt_enable
 .text.interrupt_disable
                0x0000000000006076       0x1e ./zf_common/zf_common_interrupt.o
                0x0000000000006076                interrupt_disable
 .text.interrupt_set_priority
                0x0000000000006094       0x2a ./zf_common/zf_common_interrupt.o
                0x0000000000006094                interrupt_set_priority
 .text.interrupt_global_enable
                0x00000000000060be       0x32 ./zf_common/zf_common_interrupt.o
                0x00000000000060be                interrupt_global_enable
 .text.interrupt_global_disable
                0x00000000000060f0       0x2c ./zf_common/zf_common_interrupt.o
                0x00000000000060f0                interrupt_global_disable
 .text.interrupt_init
                0x000000000000611c       0x18 ./zf_common/zf_common_interrupt.o
                0x000000000000611c                interrupt_init
 .text.USART1_IRQHandler
                0x0000000000006134       0x84 ./user_c/isr.o
                0x0000000000006134                USART1_IRQHandler
 .text.USART2_IRQHandler
                0x00000000000061b8       0x84 ./user_c/isr.o
                0x00000000000061b8                USART2_IRQHandler
 .text.USART3_IRQHandler
                0x000000000000623c       0x84 ./user_c/isr.o
                0x000000000000623c                USART3_IRQHandler
 .text.UART4_IRQHandler
                0x00000000000062c0       0x84 ./user_c/isr.o
                0x00000000000062c0                UART4_IRQHandler
 .text.UART5_IRQHandler
                0x0000000000006344       0x82 ./user_c/isr.o
                0x0000000000006344                UART5_IRQHandler
 .text.UART6_IRQHandler
                0x00000000000063c6       0x84 ./user_c/isr.o
                0x00000000000063c6                UART6_IRQHandler
 .text.UART7_IRQHandler
                0x000000000000644a       0x8a ./user_c/isr.o
                0x000000000000644a                UART7_IRQHandler
 .text.UART8_IRQHandler
                0x00000000000064d4       0x80 ./user_c/isr.o
                0x00000000000064d4                UART8_IRQHandler
 .text.DVP_IRQHandler
                0x0000000000006554       0x90 ./user_c/isr.o
                0x0000000000006554                DVP_IRQHandler
 .text.EXTI0_IRQHandler
                0x00000000000065e4       0x74 ./user_c/isr.o
                0x00000000000065e4                EXTI0_IRQHandler
 .text.EXTI1_IRQHandler
                0x0000000000006658       0x74 ./user_c/isr.o
                0x0000000000006658                EXTI1_IRQHandler
 .text.EXTI2_IRQHandler
                0x00000000000066cc       0x74 ./user_c/isr.o
                0x00000000000066cc                EXTI2_IRQHandler
 .text.EXTI3_IRQHandler
                0x0000000000006740       0x74 ./user_c/isr.o
                0x0000000000006740                EXTI3_IRQHandler
 .text.EXTI4_IRQHandler
                0x00000000000067b4       0x74 ./user_c/isr.o
                0x00000000000067b4                EXTI4_IRQHandler
 .text.EXTI9_5_IRQHandler
                0x0000000000006828       0xd8 ./user_c/isr.o
                0x0000000000006828                EXTI9_5_IRQHandler
 .text.EXTI15_10_IRQHandler
                0x0000000000006900       0xec ./user_c/isr.o
                0x0000000000006900                EXTI15_10_IRQHandler
 .text.TIM1_UP_IRQHandler
                0x00000000000069ec       0x80 ./user_c/isr.o
                0x00000000000069ec                TIM1_UP_IRQHandler
 .text.TIM2_IRQHandler
                0x0000000000006a6c       0x78 ./user_c/isr.o
                0x0000000000006a6c                TIM2_IRQHandler
 .text.TIM3_IRQHandler
                0x0000000000006ae4       0x80 ./user_c/isr.o
                0x0000000000006ae4                TIM3_IRQHandler
 .text.TIM4_IRQHandler
                0x0000000000006b64       0x80 ./user_c/isr.o
                0x0000000000006b64                TIM4_IRQHandler
 .text.TIM5_IRQHandler
                0x0000000000006be4       0x80 ./user_c/isr.o
                0x0000000000006be4                TIM5_IRQHandler
 .text.TIM6_IRQHandler
                0x0000000000006c64       0xd0 ./user_c/isr.o
                0x0000000000006c64                TIM6_IRQHandler
 .text.TIM7_IRQHandler
                0x0000000000006d34       0x80 ./user_c/isr.o
                0x0000000000006d34                TIM7_IRQHandler
 .text.TIM8_UP_IRQHandler
                0x0000000000006db4       0x80 ./user_c/isr.o
                0x0000000000006db4                TIM8_UP_IRQHandler
 .text.TIM9_UP_IRQHandler
                0x0000000000006e34       0x80 ./user_c/isr.o
                0x0000000000006e34                TIM9_UP_IRQHandler
 .text.TIM10_UP_IRQHandler
                0x0000000000006eb4       0x78 ./user_c/isr.o
                0x0000000000006eb4                TIM10_UP_IRQHandler
 .text.NMI_Handler
                0x0000000000006f2c       0x10 ./user_c/isr.o
                0x0000000000006f2c                NMI_Handler
 .text.HardFault_Handler
                0x0000000000006f3c        0x8 ./user_c/isr.o
                0x0000000000006f3c                HardFault_Handler
 .text.main     0x0000000000006f44       0x48 ./user_c/main.o
                0x0000000000006f44                main
 .text.vector_handler
                0x0000000000006f8c       0xbe ./sdk/Startup/startup_ch32v30x_D8C.o
                0x0000000000006f90                Ecall_M_Mode_Handler
                0x0000000000006f92                Ecall_U_Mode_Handler
                0x0000000000006f94                Break_Point_Handler
                0x0000000000006f96                SysTick_Handler
                0x0000000000006f98                SW_Handler
                0x0000000000006f9a                WWDG_IRQHandler
                0x0000000000006f9c                PVD_IRQHandler
                0x0000000000006f9e                TAMPER_IRQHandler
                0x0000000000006fa0                RTC_IRQHandler
                0x0000000000006fa2                FLASH_IRQHandler
                0x0000000000006fa4                RCC_IRQHandler
                0x0000000000006fb0                DMA1_Channel1_IRQHandler
                0x0000000000006fb2                DMA1_Channel2_IRQHandler
                0x0000000000006fb4                DMA1_Channel3_IRQHandler
                0x0000000000006fb6                DMA1_Channel4_IRQHandler
                0x0000000000006fb8                DMA1_Channel5_IRQHandler
                0x0000000000006fba                DMA1_Channel6_IRQHandler
                0x0000000000006fbc                DMA1_Channel7_IRQHandler
                0x0000000000006fbe                ADC1_2_IRQHandler
                0x0000000000006fc0                USB_HP_CAN1_TX_IRQHandler
                0x0000000000006fc2                USB_LP_CAN1_RX0_IRQHandler
                0x0000000000006fc4                CAN1_RX1_IRQHandler
                0x0000000000006fc6                CAN1_SCE_IRQHandler
                0x0000000000006fca                TIM1_BRK_IRQHandler
                0x0000000000006fce                TIM1_TRG_COM_IRQHandler
                0x0000000000006fd0                TIM1_CC_IRQHandler
                0x0000000000006fd8                I2C1_EV_IRQHandler
                0x0000000000006fda                I2C1_ER_IRQHandler
                0x0000000000006fdc                I2C2_EV_IRQHandler
                0x0000000000006fde                I2C2_ER_IRQHandler
                0x0000000000006fe0                SPI1_IRQHandler
                0x0000000000006fe2                SPI2_IRQHandler
                0x0000000000006fec                RTCAlarm_IRQHandler
                0x0000000000006fee                USBWakeUp_IRQHandler
                0x0000000000006ff0                TIM8_BRK_IRQHandler
                0x0000000000006ff4                TIM8_TRG_COM_IRQHandler
                0x0000000000006ff6                TIM8_CC_IRQHandler
                0x0000000000006ff8                RNG_IRQHandler
                0x0000000000006ffa                FSMC_IRQHandler
                0x0000000000006ffc                SDIO_IRQHandler
                0x0000000000007000                SPI3_IRQHandler
                0x000000000000700a                DMA2_Channel1_IRQHandler
                0x000000000000700c                DMA2_Channel2_IRQHandler
                0x000000000000700e                DMA2_Channel3_IRQHandler
                0x0000000000007010                DMA2_Channel4_IRQHandler
                0x0000000000007012                DMA2_Channel5_IRQHandler
                0x0000000000007014                ETH_IRQHandler
                0x0000000000007016                ETH_WKUP_IRQHandler
                0x0000000000007018                CAN2_TX_IRQHandler
                0x000000000000701a                CAN2_RX0_IRQHandler
                0x000000000000701c                CAN2_RX1_IRQHandler
                0x000000000000701e                CAN2_SCE_IRQHandler
                0x0000000000007022                USBHSWakeup_IRQHandler
                0x0000000000007024                USBHS_IRQHandler
                0x000000000000702e                TIM9_BRK_IRQHandler
                0x0000000000007032                TIM9_TRG_COM_IRQHandler
                0x0000000000007034                TIM9_CC_IRQHandler
                0x0000000000007036                TIM10_BRK_IRQHandler
                0x000000000000703a                TIM10_TRG_COM_IRQHandler
                0x000000000000703c                TIM10_CC_IRQHandler
                0x000000000000703e                DMA2_Channel6_IRQHandler
                0x0000000000007040                DMA2_Channel7_IRQHandler
                0x0000000000007042                DMA2_Channel8_IRQHandler
                0x0000000000007044                DMA2_Channel9_IRQHandler
                0x0000000000007046                DMA2_Channel10_IRQHandler
                0x0000000000007048                DMA2_Channel11_IRQHandler
 .text.handle_reset
                0x000000000000704a       0x8a ./sdk/Startup/startup_ch32v30x_D8C.o
                0x000000000000704a                handle_reset
 .text.EXTI_GetITStatus
                0x00000000000070d4       0x56 ./sdk/Peripheral/ch32v30x_exti.o
                0x00000000000070d4                EXTI_GetITStatus
 .text.EXTI_ClearITPendingBit
                0x000000000000712a       0x20 ./sdk/Peripheral/ch32v30x_exti.o
                0x000000000000712a                EXTI_ClearITPendingBit
 .text.GPIO_Init
                0x000000000000714a      0x22a ./sdk/Peripheral/ch32v30x_gpio.o
                0x000000000000714a                GPIO_Init
 .text.GPIO_WriteBit
                0x0000000000007374       0x38 ./sdk/Peripheral/ch32v30x_gpio.o
                0x0000000000007374                GPIO_WriteBit
 .text.GPIO_PinRemapConfig
                0x00000000000073ac      0x1c8 ./sdk/Peripheral/ch32v30x_gpio.o
                0x00000000000073ac                GPIO_PinRemapConfig
 .text.RCC_GetClocksFreq
                0x0000000000007574      0x2c6 ./sdk/Peripheral/ch32v30x_rcc.o
                0x0000000000007574                RCC_GetClocksFreq
 .text.RCC_AHBPeriphClockCmd
                0x000000000000783a       0x46 ./sdk/Peripheral/ch32v30x_rcc.o
                0x000000000000783a                RCC_AHBPeriphClockCmd
 .text.RCC_APB2PeriphClockCmd
                0x0000000000007880       0x46 ./sdk/Peripheral/ch32v30x_rcc.o
                0x0000000000007880                RCC_APB2PeriphClockCmd
 .text.RCC_APB1PeriphClockCmd
                0x00000000000078c6       0x46 ./sdk/Peripheral/ch32v30x_rcc.o
                0x00000000000078c6                RCC_APB1PeriphClockCmd
 .text.RCC_APB2PeriphResetCmd
                0x000000000000790c       0x46 ./sdk/Peripheral/ch32v30x_rcc.o
                0x000000000000790c                RCC_APB2PeriphResetCmd
 .text.RCC_APB1PeriphResetCmd
                0x0000000000007952       0x46 ./sdk/Peripheral/ch32v30x_rcc.o
                0x0000000000007952                RCC_APB1PeriphResetCmd
 .text.SPI_I2S_DeInit
                0x0000000000007998       0x76 ./sdk/Peripheral/ch32v30x_spi.o
                0x0000000000007998                SPI_I2S_DeInit
 .text.SPI_Init
                0x0000000000007a0e       0xf8 ./sdk/Peripheral/ch32v30x_spi.o
                0x0000000000007a0e                SPI_Init
 .text.SPI_Cmd  0x0000000000007b06       0x5a ./sdk/Peripheral/ch32v30x_spi.o
                0x0000000000007b06                SPI_Cmd
 .text.TIM_TimeBaseInit
                0x0000000000007b60      0x17e ./sdk/Peripheral/ch32v30x_tim.o
                0x0000000000007b60                TIM_TimeBaseInit
 .text.TIM_OC1Init
                0x0000000000007cde      0x19c ./sdk/Peripheral/ch32v30x_tim.o
                0x0000000000007cde                TIM_OC1Init
 .text.TIM_OC2Init
                0x0000000000007e7a      0x1e2 ./sdk/Peripheral/ch32v30x_tim.o
                0x0000000000007e7a                TIM_OC2Init
 .text.TIM_OC3Init
                0x000000000000805c      0x1dc ./sdk/Peripheral/ch32v30x_tim.o
                0x000000000000805c                TIM_OC3Init
 .text.TIM_OC4Init
                0x0000000000008238      0x176 ./sdk/Peripheral/ch32v30x_tim.o
                0x0000000000008238                TIM_OC4Init
 .text.TIM_Cmd  0x00000000000083ae       0x58 ./sdk/Peripheral/ch32v30x_tim.o
                0x00000000000083ae                TIM_Cmd
 .text.TIM_CtrlPWMOutputs
                0x0000000000008406       0x60 ./sdk/Peripheral/ch32v30x_tim.o
                0x0000000000008406                TIM_CtrlPWMOutputs
 .text.TIM_ITConfig
                0x0000000000008466       0x70 ./sdk/Peripheral/ch32v30x_tim.o
                0x0000000000008466                TIM_ITConfig
 .text.TIM_OC1PreloadConfig
                0x00000000000084d6       0x4c ./sdk/Peripheral/ch32v30x_tim.o
                0x00000000000084d6                TIM_OC1PreloadConfig
 .text.TIM_OC2PreloadConfig
                0x0000000000008522       0x5a ./sdk/Peripheral/ch32v30x_tim.o
                0x0000000000008522                TIM_OC2PreloadConfig
 .text.TIM_OC3PreloadConfig
                0x000000000000857c       0x4c ./sdk/Peripheral/ch32v30x_tim.o
                0x000000000000857c                TIM_OC3PreloadConfig
 .text.TIM_OC4PreloadConfig
                0x00000000000085c8       0x5a ./sdk/Peripheral/ch32v30x_tim.o
                0x00000000000085c8                TIM_OC4PreloadConfig
 .text.TIM_OC1FastConfig
                0x0000000000008622       0x4c ./sdk/Peripheral/ch32v30x_tim.o
                0x0000000000008622                TIM_OC1FastConfig
 .text.TIM_OC2FastConfig
                0x000000000000866e       0x56 ./sdk/Peripheral/ch32v30x_tim.o
                0x000000000000866e                TIM_OC2FastConfig
 .text.TIM_OC3FastConfig
                0x00000000000086c4       0x4c ./sdk/Peripheral/ch32v30x_tim.o
                0x00000000000086c4                TIM_OC3FastConfig
 .text.TIM_OC4FastConfig
                0x0000000000008710       0x56 ./sdk/Peripheral/ch32v30x_tim.o
                0x0000000000008710                TIM_OC4FastConfig
 .text.TIM_GetITStatus
                0x0000000000008766       0x70 ./sdk/Peripheral/ch32v30x_tim.o
                0x0000000000008766                TIM_GetITStatus
 .text.TIM_ClearITPendingBit
                0x00000000000087d6       0x2e ./sdk/Peripheral/ch32v30x_tim.o
                0x00000000000087d6                TIM_ClearITPendingBit
 .text.USART_Init
                0x0000000000008804      0x234 ./sdk/Peripheral/ch32v30x_usart.o
                0x0000000000008804                USART_Init
 .text.USART_Cmd
                0x0000000000008a38       0x60 ./sdk/Peripheral/ch32v30x_usart.o
                0x0000000000008a38                USART_Cmd
 .text.USART_ITConfig
                0x0000000000008a98       0xc4 ./sdk/Peripheral/ch32v30x_usart.o
                0x0000000000008a98                USART_ITConfig
 .text.USART_SendData
                0x0000000000008b5c       0x2e ./sdk/Peripheral/ch32v30x_usart.o
                0x0000000000008b5c                USART_SendData
 .text.USART_GetFlagStatus
                0x0000000000008b8a       0x46 ./sdk/Peripheral/ch32v30x_usart.o
                0x0000000000008b8a                USART_GetFlagStatus
 .text.USART_GetITStatus
                0x0000000000008bd0      0x102 ./sdk/Peripheral/ch32v30x_usart.o
                0x0000000000008bd0                USART_GetITStatus
 .text.USART_ClearITPendingBit
                0x0000000000008cd2       0x4e ./sdk/Peripheral/ch32v30x_usart.o
                0x0000000000008cd2                USART_ClearITPendingBit
 .text.DevEP1_IN_Deal
                0x0000000000008d20       0x3e ./sdk/Peripheral/ch32v30x_usbotg_device.o
                0x0000000000008d20                DevEP1_IN_Deal
 .text.DevEP2_IN_Deal
                0x0000000000008d5e       0x3e ./sdk/Peripheral/ch32v30x_usbotg_device.o
                0x0000000000008d5e                DevEP2_IN_Deal
 .text.DevEP1_OUT_Deal
                0x0000000000008d9c       0x66 ./sdk/Peripheral/ch32v30x_usbotg_device.o
                0x0000000000008d9c                DevEP1_OUT_Deal
 .text.DevEP2_OUT_Deal
                0x0000000000008e02       0x66 ./sdk/Peripheral/ch32v30x_usbotg_device.o
                0x0000000000008e02                DevEP2_OUT_Deal
 .text.OTG_FS_IRQHandler
                0x0000000000008e68      0xcd6 ./sdk/Peripheral/ch32v30x_usbotg_device.o
                0x0000000000008e68                OTG_FS_IRQHandler
 .text.sobelAutoThreshold
                0x0000000000009b3e      0x6f4 ./code/imgproc.o
                0x0000000000009b3e                sobelAutoThreshold
 .text.my_abs   0x000000000000a232       0x42 ./code/imgproc.o
                0x000000000000a232                my_abs
 .text.image_scan
                0x000000000000a274      0x206 ./code/imgproc.o
                0x000000000000a274                image_scan
 .text.Draw_Side
                0x000000000000a47a       0xb4 ./code/imgproc.o
                0x000000000000a47a                Draw_Side
 .text.motor_init
                0x000000000000a52e       0x5a ./code/motor.o
                0x000000000000a52e                motor_init
 .text.motor_control
                0x000000000000a588      0x10a ./code/motor.o
                0x000000000000a588                motor_control
 .text.IMG_pit_init
                0x000000000000a692       0x36 ./code/pit.o
                0x000000000000a692                IMG_pit_init
 .text.servo_init
                0x000000000000a6c8       0x24 ./code/servo.o
                0x000000000000a6c8                servo_init
 .text.servo_control
                0x000000000000a6ec       0xd8 ./code/servo.o
                0x000000000000a6ec                servo_control
 .text.servo_base_pid
                0x000000000000a7c4       0x9e ./code/servo.o
                0x000000000000a7c4                servo_base_pid
 .text.AngleErr
                0x000000000000a862       0x6c ./code/servo.o
                0x000000000000a862                AngleErr
 .text.AngleControl
                0x000000000000a8ce       0x1a ./code/servo.o
                0x000000000000a8ce                AngleControl
 .text.mt9v03x_write_word_sccb
                0x000000000000a8e8       0x34 C:\Users\lid\Desktop\CHV307_Library\ch_car_ver3\libraries\zf_device\libzf_device_config.a(zf_device_config.o)
 .text.mt9v03x_set_config_sccb
                0x000000000000a91c      0x614 C:\Users\lid\Desktop\CHV307_Library\ch_car_ver3\libraries\zf_device\libzf_device_config.a(zf_device_config.o)
                0x000000000000a91c                mt9v03x_set_config_sccb
 .text.__adddf3
                0x000000000000af30      0xa0e d:/qianrushi/ide/mounriver/mounriver_studio/toolchain/risc-v embedded gcc/bin/../lib/gcc/riscv-none-embed/8.2.0/rv32imafc/ilp32f\libgcc.a(adddf3.o)
                0x000000000000af30                __adddf3
 .text.__divdf3
                0x000000000000b93e      0x7ea d:/qianrushi/ide/mounriver/mounriver_studio/toolchain/risc-v embedded gcc/bin/../lib/gcc/riscv-none-embed/8.2.0/rv32imafc/ilp32f\libgcc.a(divdf3.o)
                0x000000000000b93e                __divdf3
 .text.__eqdf2  0x000000000000c128       0x98 d:/qianrushi/ide/mounriver/mounriver_studio/toolchain/risc-v embedded gcc/bin/../lib/gcc/riscv-none-embed/8.2.0/rv32imafc/ilp32f\libgcc.a(eqdf2.o)
                0x000000000000c128                __nedf2
                0x000000000000c128                __eqdf2
 .text.__gedf2  0x000000000000c1c0       0xb6 d:/qianrushi/ide/mounriver/mounriver_studio/toolchain/risc-v embedded gcc/bin/../lib/gcc/riscv-none-embed/8.2.0/rv32imafc/ilp32f\libgcc.a(gedf2.o)
                0x000000000000c1c0                __gedf2
                0x000000000000c1c0                __gtdf2
 .text.__ledf2  0x000000000000c276       0xb6 d:/qianrushi/ide/mounriver/mounriver_studio/toolchain/risc-v embedded gcc/bin/../lib/gcc/riscv-none-embed/8.2.0/rv32imafc/ilp32f\libgcc.a(ledf2.o)
                0x000000000000c276                __ledf2
                0x000000000000c276                __ltdf2
 .text.__muldf3
                0x000000000000c32c      0x656 d:/qianrushi/ide/mounriver/mounriver_studio/toolchain/risc-v embedded gcc/bin/../lib/gcc/riscv-none-embed/8.2.0/rv32imafc/ilp32f\libgcc.a(muldf3.o)
                0x000000000000c32c                __muldf3
 .text.__subdf3
                0x000000000000c982      0xa8c d:/qianrushi/ide/mounriver/mounriver_studio/toolchain/risc-v embedded gcc/bin/../lib/gcc/riscv-none-embed/8.2.0/rv32imafc/ilp32f\libgcc.a(subdf3.o)
                0x000000000000c982                __subdf3
 .text.__unorddf2
                0x000000000000d40e       0x7c d:/qianrushi/ide/mounriver/mounriver_studio/toolchain/risc-v embedded gcc/bin/../lib/gcc/riscv-none-embed/8.2.0/rv32imafc/ilp32f\libgcc.a(unorddf2.o)
                0x000000000000d40e                __unorddf2
 .text.__fixdfsi
                0x000000000000d48a       0xd8 d:/qianrushi/ide/mounriver/mounriver_studio/toolchain/risc-v embedded gcc/bin/../lib/gcc/riscv-none-embed/8.2.0/rv32imafc/ilp32f\libgcc.a(fixdfsi.o)
                0x000000000000d48a                __fixdfsi
 .text.__fixunsdfsi
                0x000000000000d562       0x9e d:/qianrushi/ide/mounriver/mounriver_studio/toolchain/risc-v embedded gcc/bin/../lib/gcc/riscv-none-embed/8.2.0/rv32imafc/ilp32f\libgcc.a(fixunsdfsi.o)
                0x000000000000d562                __fixunsdfsi
 .text.__floatsidf
                0x000000000000d600       0x70 d:/qianrushi/ide/mounriver/mounriver_studio/toolchain/risc-v embedded gcc/bin/../lib/gcc/riscv-none-embed/8.2.0/rv32imafc/ilp32f\libgcc.a(floatsidf.o)
                0x000000000000d600                __floatsidf
 .text.__floatunsidf
                0x000000000000d670       0x66 d:/qianrushi/ide/mounriver/mounriver_studio/toolchain/risc-v embedded gcc/bin/../lib/gcc/riscv-none-embed/8.2.0/rv32imafc/ilp32f\libgcc.a(floatunsidf.o)
                0x000000000000d670                __floatunsidf
 .text.__extendsfdf2
                0x000000000000d6d6       0xe8 d:/qianrushi/ide/mounriver/mounriver_studio/toolchain/risc-v embedded gcc/bin/../lib/gcc/riscv-none-embed/8.2.0/rv32imafc/ilp32f\libgcc.a(extendsfdf2.o)
                0x000000000000d6d6                __extendsfdf2
 .text.__truncdfsf2
                0x000000000000d7be      0x31e d:/qianrushi/ide/mounriver/mounriver_studio/toolchain/risc-v embedded gcc/bin/../lib/gcc/riscv-none-embed/8.2.0/rv32imafc/ilp32f\libgcc.a(truncdfsf2.o)
                0x000000000000d7be                __truncdfsf2
 .text.__clzsi2
                0x000000000000dadc       0x76 d:/qianrushi/ide/mounriver/mounriver_studio/toolchain/risc-v embedded gcc/bin/../lib/gcc/riscv-none-embed/8.2.0/rv32imafc/ilp32f\libgcc.a(_clzsi2.o)
                0x000000000000dadc                __clzsi2
 .text.memcpy   0x000000000000db52       0xb6 d:/qianrushi/ide/mounriver/mounriver_studio/toolchain/risc-v embedded gcc/bin/../lib/gcc/riscv-none-embed/8.2.0/../../../../riscv-none-embed/lib/rv32imafc/ilp32f\libg_nano.a(lib_a-memcpy.o)
                0x000000000000db52                memcpy
 .text.__cvt    0x000000000000dc08       0xee d:/qianrushi/ide/mounriver/mounriver_studio/toolchain/risc-v embedded gcc/bin/../lib/gcc/riscv-none-embed/8.2.0/../../../../riscv-none-embed/lib/rv32imafc/ilp32f\libg_nano.a(lib_a-nano-vfprintf_float.o)
                0x000000000000dc08                __cvt
 .text.__exponent
                0x000000000000dcf6       0x8c d:/qianrushi/ide/mounriver/mounriver_studio/toolchain/risc-v embedded gcc/bin/../lib/gcc/riscv-none-embed/8.2.0/../../../../riscv-none-embed/lib/rv32imafc/ilp32f\libg_nano.a(lib_a-nano-vfprintf_float.o)
                0x000000000000dcf6                __exponent
 .text._printf_float
                0x000000000000dd82      0x4c4 d:/qianrushi/ide/mounriver/mounriver_studio/toolchain/risc-v embedded gcc/bin/../lib/gcc/riscv-none-embed/8.2.0/../../../../riscv-none-embed/lib/rv32imafc/ilp32f\libg_nano.a(lib_a-nano-vfprintf_float.o)
                0x000000000000dd82                _printf_float
 .text._printf_common
                0x000000000000e246      0x10c d:/qianrushi/ide/mounriver/mounriver_studio/toolchain/risc-v embedded gcc/bin/../lib/gcc/riscv-none-embed/8.2.0/../../../../riscv-none-embed/lib/rv32imafc/ilp32f\libg_nano.a(lib_a-nano-vfprintf_i.o)
                0x000000000000e246                _printf_common
 .text._printf_i
                0x000000000000e352      0x2ac d:/qianrushi/ide/mounriver/mounriver_studio/toolchain/risc-v embedded gcc/bin/../lib/gcc/riscv-none-embed/8.2.0/../../../../riscv-none-embed/lib/rv32imafc/ilp32f\libg_nano.a(lib_a-nano-vfprintf_i.o)
                0x000000000000e352                _printf_i
 .text.printf   0x000000000000e5fe       0x42 d:/qianrushi/ide/mounriver/mounriver_studio/toolchain/risc-v embedded gcc/bin/../lib/gcc/riscv-none-embed/8.2.0/../../../../riscv-none-embed/lib/rv32imafc/ilp32f\libg_nano.a(lib_a-printf.o)
                0x000000000000e5fe                iprintf
                0x000000000000e5fe                printf
 .text.sprintf  0x000000000000e640       0x46 d:/qianrushi/ide/mounriver/mounriver_studio/toolchain/risc-v embedded gcc/bin/../lib/gcc/riscv-none-embed/8.2.0/../../../../riscv-none-embed/lib/rv32imafc/ilp32f\libg_nano.a(lib_a-sprintf.o)
                0x000000000000e640                siprintf
                0x000000000000e640                sprintf
 .text.strlen   0x000000000000e686       0x12 d:/qianrushi/ide/mounriver/mounriver_studio/toolchain/risc-v embedded gcc/bin/../lib/gcc/riscv-none-embed/8.2.0/../../../../riscv-none-embed/lib/rv32imafc/ilp32f\libg_nano.a(lib_a-strlen.o)
                0x000000000000e686                strlen
 .text.strncmp  0x000000000000e698       0x2c d:/qianrushi/ide/mounriver/mounriver_studio/toolchain/risc-v embedded gcc/bin/../lib/gcc/riscv-none-embed/8.2.0/../../../../riscv-none-embed/lib/rv32imafc/ilp32f\libg_nano.a(lib_a-strncmp.o)
                0x000000000000e698                strncmp
 .text.quorem   0x000000000000e6c4      0x13a d:/qianrushi/ide/mounriver/mounriver_studio/toolchain/risc-v embedded gcc/bin/../lib/gcc/riscv-none-embed/8.2.0/../../../../riscv-none-embed/lib/rv32imafc/ilp32f\libg_nano.a(lib_a-dtoa.o)
 .text._dtoa_r  0x000000000000e7fe      0xbea d:/qianrushi/ide/mounriver/mounriver_studio/toolchain/risc-v embedded gcc/bin/../lib/gcc/riscv-none-embed/8.2.0/../../../../riscv-none-embed/lib/rv32imafc/ilp32f\libg_nano.a(lib_a-dtoa.o)
                0x000000000000e7fe                _dtoa_r
 .text.std      0x000000000000f3e8       0x6a d:/qianrushi/ide/mounriver/mounriver_studio/toolchain/risc-v embedded gcc/bin/../lib/gcc/riscv-none-embed/8.2.0/../../../../riscv-none-embed/lib/rv32imafc/ilp32f\libg_nano.a(lib_a-findfp.o)
 .text._cleanup_r
                0x000000000000f452        0xa d:/qianrushi/ide/mounriver/mounriver_studio/toolchain/risc-v embedded gcc/bin/../lib/gcc/riscv-none-embed/8.2.0/../../../../riscv-none-embed/lib/rv32imafc/ilp32f\libg_nano.a(lib_a-findfp.o)
                0x000000000000f452                _cleanup_r
 .text.__sfmoreglue
                0x000000000000f45c       0x48 d:/qianrushi/ide/mounriver/mounriver_studio/toolchain/risc-v embedded gcc/bin/../lib/gcc/riscv-none-embed/8.2.0/../../../../riscv-none-embed/lib/rv32imafc/ilp32f\libg_nano.a(lib_a-findfp.o)
                0x000000000000f45c                __sfmoreglue
 .text.__sinit  0x000000000000f4a4       0x6c d:/qianrushi/ide/mounriver/mounriver_studio/toolchain/risc-v embedded gcc/bin/../lib/gcc/riscv-none-embed/8.2.0/../../../../riscv-none-embed/lib/rv32imafc/ilp32f\libg_nano.a(lib_a-findfp.o)
                0x000000000000f4a4                __sinit
 .text.__sfp    0x000000000000f510       0xa0 d:/qianrushi/ide/mounriver/mounriver_studio/toolchain/risc-v embedded gcc/bin/../lib/gcc/riscv-none-embed/8.2.0/../../../../riscv-none-embed/lib/rv32imafc/ilp32f\libg_nano.a(lib_a-findfp.o)
                0x000000000000f510                __sfp
 .text._fwalk_reent
                0x000000000000f5b0       0x6c d:/qianrushi/ide/mounriver/mounriver_studio/toolchain/risc-v embedded gcc/bin/../lib/gcc/riscv-none-embed/8.2.0/../../../../riscv-none-embed/lib/rv32imafc/ilp32f\libg_nano.a(lib_a-fwalk.o)
                0x000000000000f5b0                _fwalk_reent
 .text._localeconv_r
                0x000000000000f61c       0x18 d:/qianrushi/ide/mounriver/mounriver_studio/toolchain/risc-v embedded gcc/bin/../lib/gcc/riscv-none-embed/8.2.0/../../../../riscv-none-embed/lib/rv32imafc/ilp32f\libg_nano.a(lib_a-localeconv.o)
                0x000000000000f61c                _localeconv_r
 .text.malloc   0x000000000000f634        0xc d:/qianrushi/ide/mounriver/mounriver_studio/toolchain/risc-v embedded gcc/bin/../lib/gcc/riscv-none-embed/8.2.0/../../../../riscv-none-embed/lib/rv32imafc/ilp32f\libg_nano.a(lib_a-malloc.o)
                0x000000000000f634                malloc
 .text.memchr   0x000000000000f640       0x1a d:/qianrushi/ide/mounriver/mounriver_studio/toolchain/risc-v embedded gcc/bin/../lib/gcc/riscv-none-embed/8.2.0/../../../../riscv-none-embed/lib/rv32imafc/ilp32f\libg_nano.a(lib_a-memchr.o)
                0x000000000000f640                memchr
 .text._Balloc  0x000000000000f65a       0x88 d:/qianrushi/ide/mounriver/mounriver_studio/toolchain/risc-v embedded gcc/bin/../lib/gcc/riscv-none-embed/8.2.0/../../../../riscv-none-embed/lib/rv32imafc/ilp32f\libg_nano.a(lib_a-mprec.o)
                0x000000000000f65a                _Balloc
 .text._Bfree   0x000000000000f6e2       0x44 d:/qianrushi/ide/mounriver/mounriver_studio/toolchain/risc-v embedded gcc/bin/../lib/gcc/riscv-none-embed/8.2.0/../../../../riscv-none-embed/lib/rv32imafc/ilp32f\libg_nano.a(lib_a-mprec.o)
                0x000000000000f6e2                _Bfree
 .text.__multadd
                0x000000000000f726       0x98 d:/qianrushi/ide/mounriver/mounriver_studio/toolchain/risc-v embedded gcc/bin/../lib/gcc/riscv-none-embed/8.2.0/../../../../riscv-none-embed/lib/rv32imafc/ilp32f\libg_nano.a(lib_a-mprec.o)
                0x000000000000f726                __multadd
 .text.__hi0bits
                0x000000000000f7be       0x46 d:/qianrushi/ide/mounriver/mounriver_studio/toolchain/risc-v embedded gcc/bin/../lib/gcc/riscv-none-embed/8.2.0/../../../../riscv-none-embed/lib/rv32imafc/ilp32f\libg_nano.a(lib_a-mprec.o)
                0x000000000000f7be                __hi0bits
 .text.__lo0bits
                0x000000000000f804       0x6a d:/qianrushi/ide/mounriver/mounriver_studio/toolchain/risc-v embedded gcc/bin/../lib/gcc/riscv-none-embed/8.2.0/../../../../riscv-none-embed/lib/rv32imafc/ilp32f\libg_nano.a(lib_a-mprec.o)
                0x000000000000f804                __lo0bits
 .text.__i2b    0x000000000000f86e       0x1c d:/qianrushi/ide/mounriver/mounriver_studio/toolchain/risc-v embedded gcc/bin/../lib/gcc/riscv-none-embed/8.2.0/../../../../riscv-none-embed/lib/rv32imafc/ilp32f\libg_nano.a(lib_a-mprec.o)
                0x000000000000f86e                __i2b
 .text.__multiply
                0x000000000000f88a      0x144 d:/qianrushi/ide/mounriver/mounriver_studio/toolchain/risc-v embedded gcc/bin/../lib/gcc/riscv-none-embed/8.2.0/../../../../riscv-none-embed/lib/rv32imafc/ilp32f\libg_nano.a(lib_a-mprec.o)
                0x000000000000f88a                __multiply
 .text.__pow5mult
                0x000000000000f9ce       0xbe d:/qianrushi/ide/mounriver/mounriver_studio/toolchain/risc-v embedded gcc/bin/../lib/gcc/riscv-none-embed/8.2.0/../../../../riscv-none-embed/lib/rv32imafc/ilp32f\libg_nano.a(lib_a-mprec.o)
                0x000000000000f9ce                __pow5mult
 .text.__lshift
                0x000000000000fa8c       0xce d:/qianrushi/ide/mounriver/mounriver_studio/toolchain/risc-v embedded gcc/bin/../lib/gcc/riscv-none-embed/8.2.0/../../../../riscv-none-embed/lib/rv32imafc/ilp32f\libg_nano.a(lib_a-mprec.o)
                0x000000000000fa8c                __lshift
 .text.__mcmp   0x000000000000fb5a       0x32 d:/qianrushi/ide/mounriver/mounriver_studio/toolchain/risc-v embedded gcc/bin/../lib/gcc/riscv-none-embed/8.2.0/../../../../riscv-none-embed/lib/rv32imafc/ilp32f\libg_nano.a(lib_a-mprec.o)
                0x000000000000fb5a                __mcmp
 .text.__mdiff  0x000000000000fb8c       0xf2 d:/qianrushi/ide/mounriver/mounriver_studio/toolchain/risc-v embedded gcc/bin/../lib/gcc/riscv-none-embed/8.2.0/../../../../riscv-none-embed/lib/rv32imafc/ilp32f\libg_nano.a(lib_a-mprec.o)
                0x000000000000fb8c                __mdiff
 .text.__d2b    0x000000000000fc7e       0xd4 d:/qianrushi/ide/mounriver/mounriver_studio/toolchain/risc-v embedded gcc/bin/../lib/gcc/riscv-none-embed/8.2.0/../../../../riscv-none-embed/lib/rv32imafc/ilp32f\libg_nano.a(lib_a-mprec.o)
                0x000000000000fc7e                __d2b
 .text._calloc_r
                0x000000000000fd52       0x26 d:/qianrushi/ide/mounriver/mounriver_studio/toolchain/risc-v embedded gcc/bin/../lib/gcc/riscv-none-embed/8.2.0/../../../../riscv-none-embed/lib/rv32imafc/ilp32f\libg_nano.a(lib_a-nano-callocr.o)
                0x000000000000fd52                _calloc_r
 .text._free_r  0x000000000000fd78       0xa8 d:/qianrushi/ide/mounriver/mounriver_studio/toolchain/risc-v embedded gcc/bin/../lib/gcc/riscv-none-embed/8.2.0/../../../../riscv-none-embed/lib/rv32imafc/ilp32f\libg_nano.a(lib_a-nano-freer.o)
                0x000000000000fd78                _free_r
 .text._malloc_r
                0x000000000000fe20       0xd4 d:/qianrushi/ide/mounriver/mounriver_studio/toolchain/risc-v embedded gcc/bin/../lib/gcc/riscv-none-embed/8.2.0/../../../../riscv-none-embed/lib/rv32imafc/ilp32f\libg_nano.a(lib_a-nano-mallocr.o)
                0x000000000000fe20                _malloc_r
 .text.__ssputs_r
                0x000000000000fef4       0xee d:/qianrushi/ide/mounriver/mounriver_studio/toolchain/risc-v embedded gcc/bin/../lib/gcc/riscv-none-embed/8.2.0/../../../../riscv-none-embed/lib/rv32imafc/ilp32f\libg_nano.a(lib_a-nano-svfprintf.o)
                0x000000000000fef4                __ssputs_r
 .text._svfprintf_r
                0x000000000000ffe2      0x27e d:/qianrushi/ide/mounriver/mounriver_studio/toolchain/risc-v embedded gcc/bin/../lib/gcc/riscv-none-embed/8.2.0/../../../../riscv-none-embed/lib/rv32imafc/ilp32f\libg_nano.a(lib_a-nano-svfprintf.o)
                0x000000000000ffe2                _svfiprintf_r
                0x000000000000ffe2                _svfprintf_r
 .text.__sfputc_r
                0x0000000000010260       0x28 d:/qianrushi/ide/mounriver/mounriver_studio/toolchain/risc-v embedded gcc/bin/../lib/gcc/riscv-none-embed/8.2.0/../../../../riscv-none-embed/lib/rv32imafc/ilp32f\libg_nano.a(lib_a-nano-vfprintf.o)
 .text.__sfputs_r
                0x0000000000010288       0x44 d:/qianrushi/ide/mounriver/mounriver_studio/toolchain/risc-v embedded gcc/bin/../lib/gcc/riscv-none-embed/8.2.0/../../../../riscv-none-embed/lib/rv32imafc/ilp32f\libg_nano.a(lib_a-nano-vfprintf.o)
                0x0000000000010288                __sfputs_r
 .text._vfprintf_r
                0x00000000000102cc      0x29e d:/qianrushi/ide/mounriver/mounriver_studio/toolchain/risc-v embedded gcc/bin/../lib/gcc/riscv-none-embed/8.2.0/../../../../riscv-none-embed/lib/rv32imafc/ilp32f\libg_nano.a(lib_a-nano-vfprintf.o)
                0x00000000000102cc                _vfprintf_r
                0x00000000000102cc                _vfiprintf_r
 .text._sbrk_r  0x000000000001056a       0x32 d:/qianrushi/ide/mounriver/mounriver_studio/toolchain/risc-v embedded gcc/bin/../lib/gcc/riscv-none-embed/8.2.0/../../../../riscv-none-embed/lib/rv32imafc/ilp32f\libg_nano.a(lib_a-sbrkr.o)
                0x000000000001056a                _sbrk_r
 .text.__sread  0x000000000001059c       0x30 d:/qianrushi/ide/mounriver/mounriver_studio/toolchain/risc-v embedded gcc/bin/../lib/gcc/riscv-none-embed/8.2.0/../../../../riscv-none-embed/lib/rv32imafc/ilp32f\libg_nano.a(lib_a-stdio.o)
                0x000000000001059c                __sread
 .text.__swrite
                0x00000000000105cc       0x4e d:/qianrushi/ide/mounriver/mounriver_studio/toolchain/risc-v embedded gcc/bin/../lib/gcc/riscv-none-embed/8.2.0/../../../../riscv-none-embed/lib/rv32imafc/ilp32f\libg_nano.a(lib_a-stdio.o)
                0x00000000000105cc                __swrite
 .text.__sseek  0x000000000001061a       0x36 d:/qianrushi/ide/mounriver/mounriver_studio/toolchain/risc-v embedded gcc/bin/../lib/gcc/riscv-none-embed/8.2.0/../../../../riscv-none-embed/lib/rv32imafc/ilp32f\libg_nano.a(lib_a-stdio.o)
                0x000000000001061a                __sseek
 .text.__sclose
                0x0000000000010650        0x6 d:/qianrushi/ide/mounriver/mounriver_studio/toolchain/risc-v embedded gcc/bin/../lib/gcc/riscv-none-embed/8.2.0/../../../../riscv-none-embed/lib/rv32imafc/ilp32f\libg_nano.a(lib_a-stdio.o)
                0x0000000000010650                __sclose
 .text.__swbuf_r
                0x0000000000010656       0xc2 d:/qianrushi/ide/mounriver/mounriver_studio/toolchain/risc-v embedded gcc/bin/../lib/gcc/riscv-none-embed/8.2.0/../../../../riscv-none-embed/lib/rv32imafc/ilp32f\libg_nano.a(lib_a-wbuf.o)
                0x0000000000010656                __swbuf_r
 .text._write_r
                0x0000000000010718       0x36 d:/qianrushi/ide/mounriver/mounriver_studio/toolchain/risc-v embedded gcc/bin/../lib/gcc/riscv-none-embed/8.2.0/../../../../riscv-none-embed/lib/rv32imafc/ilp32f\libg_nano.a(lib_a-writer.o)
                0x0000000000010718                _write_r
 .text.__swsetup_r
                0x000000000001074e      0x110 d:/qianrushi/ide/mounriver/mounriver_studio/toolchain/risc-v embedded gcc/bin/../lib/gcc/riscv-none-embed/8.2.0/../../../../riscv-none-embed/lib/rv32imafc/ilp32f\libg_nano.a(lib_a-wsetup.o)
                0x000000000001074e                __swsetup_r
 .text._close_r
                0x000000000001085e       0x32 d:/qianrushi/ide/mounriver/mounriver_studio/toolchain/risc-v embedded gcc/bin/../lib/gcc/riscv-none-embed/8.2.0/../../../../riscv-none-embed/lib/rv32imafc/ilp32f\libg_nano.a(lib_a-closer.o)
                0x000000000001085e                _close_r
 .text.__sflush_r
                0x0000000000010890      0x13e d:/qianrushi/ide/mounriver/mounriver_studio/toolchain/risc-v embedded gcc/bin/../lib/gcc/riscv-none-embed/8.2.0/../../../../riscv-none-embed/lib/rv32imafc/ilp32f\libg_nano.a(lib_a-fflush.o)
                0x0000000000010890                __sflush_r
 .text._fflush_r
                0x00000000000109ce       0x68 d:/qianrushi/ide/mounriver/mounriver_studio/toolchain/risc-v embedded gcc/bin/../lib/gcc/riscv-none-embed/8.2.0/../../../../riscv-none-embed/lib/rv32imafc/ilp32f\libg_nano.a(lib_a-fflush.o)
                0x00000000000109ce                _fflush_r
 .text._lseek_r
                0x0000000000010a36       0x34 d:/qianrushi/ide/mounriver/mounriver_studio/toolchain/risc-v embedded gcc/bin/../lib/gcc/riscv-none-embed/8.2.0/../../../../riscv-none-embed/lib/rv32imafc/ilp32f\libg_nano.a(lib_a-lseekr.o)
                0x0000000000010a36                _lseek_r
 .text.__swhatbuf_r
                0x0000000000010a6a       0x58 d:/qianrushi/ide/mounriver/mounriver_studio/toolchain/risc-v embedded gcc/bin/../lib/gcc/riscv-none-embed/8.2.0/../../../../riscv-none-embed/lib/rv32imafc/ilp32f\libg_nano.a(lib_a-makebuf.o)
                0x0000000000010a6a                __swhatbuf_r
 .text.__smakebuf_r
                0x0000000000010ac2       0xa0 d:/qianrushi/ide/mounriver/mounriver_studio/toolchain/risc-v embedded gcc/bin/../lib/gcc/riscv-none-embed/8.2.0/../../../../riscv-none-embed/lib/rv32imafc/ilp32f\libg_nano.a(lib_a-makebuf.o)
                0x0000000000010ac2                __smakebuf_r
 .text.__ascii_mbtowc
                0x0000000000010b62       0x3a d:/qianrushi/ide/mounriver/mounriver_studio/toolchain/risc-v embedded gcc/bin/../lib/gcc/riscv-none-embed/8.2.0/../../../../riscv-none-embed/lib/rv32imafc/ilp32f\libg_nano.a(lib_a-mbtowc_r.o)
                0x0000000000010b62                __ascii_mbtowc
 .text.memmove  0x0000000000010b9c       0x4a d:/qianrushi/ide/mounriver/mounriver_studio/toolchain/risc-v embedded gcc/bin/../lib/gcc/riscv-none-embed/8.2.0/../../../../riscv-none-embed/lib/rv32imafc/ilp32f\libg_nano.a(lib_a-memmove.o)
                0x0000000000010b9c                memmove
 .text.__malloc_lock
                0x0000000000010be6        0x2 d:/qianrushi/ide/mounriver/mounriver_studio/toolchain/risc-v embedded gcc/bin/../lib/gcc/riscv-none-embed/8.2.0/../../../../riscv-none-embed/lib/rv32imafc/ilp32f\libg_nano.a(lib_a-mlock.o)
                0x0000000000010be6                __malloc_lock
 .text.__malloc_unlock
                0x0000000000010be8        0x2 d:/qianrushi/ide/mounriver/mounriver_studio/toolchain/risc-v embedded gcc/bin/../lib/gcc/riscv-none-embed/8.2.0/../../../../riscv-none-embed/lib/rv32imafc/ilp32f\libg_nano.a(lib_a-mlock.o)
                0x0000000000010be8                __malloc_unlock
 .text._realloc_r
                0x0000000000010bea       0x58 d:/qianrushi/ide/mounriver/mounriver_studio/toolchain/risc-v embedded gcc/bin/../lib/gcc/riscv-none-embed/8.2.0/../../../../riscv-none-embed/lib/rv32imafc/ilp32f\libg_nano.a(lib_a-nano-reallocr.o)
                0x0000000000010bea                _realloc_r
 .text._read_r  0x0000000000010c42       0x34 d:/qianrushi/ide/mounriver/mounriver_studio/toolchain/risc-v embedded gcc/bin/../lib/gcc/riscv-none-embed/8.2.0/../../../../riscv-none-embed/lib/rv32imafc/ilp32f\libg_nano.a(lib_a-readr.o)
                0x0000000000010c42                _read_r
 .text.__ascii_wctomb
                0x0000000000010c76       0x20 d:/qianrushi/ide/mounriver/mounriver_studio/toolchain/risc-v embedded gcc/bin/../lib/gcc/riscv-none-embed/8.2.0/../../../../riscv-none-embed/lib/rv32imafc/ilp32f\libg_nano.a(lib_a-wctomb_r.o)
                0x0000000000010c76                __ascii_wctomb
 .text._fstat_r
                0x0000000000010c96       0x32 d:/qianrushi/ide/mounriver/mounriver_studio/toolchain/risc-v embedded gcc/bin/../lib/gcc/riscv-none-embed/8.2.0/../../../../riscv-none-embed/lib/rv32imafc/ilp32f\libg_nano.a(lib_a-fstatr.o)
                0x0000000000010c96                _fstat_r
 .text._isatty_r
                0x0000000000010cc8       0x30 d:/qianrushi/ide/mounriver/mounriver_studio/toolchain/risc-v embedded gcc/bin/../lib/gcc/riscv-none-embed/8.2.0/../../../../riscv-none-embed/lib/rv32imafc/ilp32f\libg_nano.a(lib_a-isattyr.o)
                0x0000000000010cc8                _isatty_r
 .text._malloc_usable_size_r
                0x0000000000010cf8       0x14 d:/qianrushi/ide/mounriver/mounriver_studio/toolchain/risc-v embedded gcc/bin/../lib/gcc/riscv-none-embed/8.2.0/../../../../riscv-none-embed/lib/rv32imafc/ilp32f\libg_nano.a(lib_a-nano-msizer.o)
                0x0000000000010cf8                _malloc_usable_size_r
 .text.__trunctfdf2
                0x0000000000010d0c      0x3d0 d:/qianrushi/ide/mounriver/mounriver_studio/toolchain/risc-v embedded gcc/bin/../lib/gcc/riscv-none-embed/8.2.0/rv32imafc/ilp32f\libgcc.a(trunctfdf2.o)
                0x0000000000010d0c                __trunctfdf2
 .text._close   0x00000000000110dc       0x10 d:/qianrushi/ide/mounriver/mounriver_studio/toolchain/risc-v embedded gcc/bin/../lib/gcc/riscv-none-embed/8.2.0/../../../../riscv-none-embed/lib/rv32imafc/ilp32f\libnosys.a(close.o)
                0x00000000000110dc                _close
 .text._fstat   0x00000000000110ec       0x10 d:/qianrushi/ide/mounriver/mounriver_studio/toolchain/risc-v embedded gcc/bin/../lib/gcc/riscv-none-embed/8.2.0/../../../../riscv-none-embed/lib/rv32imafc/ilp32f\libnosys.a(fstat.o)
                0x00000000000110ec                _fstat
 .text._isatty  0x00000000000110fc       0x10 d:/qianrushi/ide/mounriver/mounriver_studio/toolchain/risc-v embedded gcc/bin/../lib/gcc/riscv-none-embed/8.2.0/../../../../riscv-none-embed/lib/rv32imafc/ilp32f\libnosys.a(isatty.o)
                0x00000000000110fc                _isatty
 .text._lseek   0x000000000001110c       0x10 d:/qianrushi/ide/mounriver/mounriver_studio/toolchain/risc-v embedded gcc/bin/../lib/gcc/riscv-none-embed/8.2.0/../../../../riscv-none-embed/lib/rv32imafc/ilp32f\libnosys.a(lseek.o)
                0x000000000001110c                _lseek
 .text._read    0x000000000001111c       0x10 d:/qianrushi/ide/mounriver/mounriver_studio/toolchain/risc-v embedded gcc/bin/../lib/gcc/riscv-none-embed/8.2.0/../../../../riscv-none-embed/lib/rv32imafc/ilp32f\libnosys.a(read.o)
                0x000000000001111c                _read
 .text._sbrk    0x000000000001112c       0x24 d:/qianrushi/ide/mounriver/mounriver_studio/toolchain/risc-v embedded gcc/bin/../lib/gcc/riscv-none-embed/8.2.0/../../../../riscv-none-embed/lib/rv32imafc/ilp32f\libnosys.a(sbrk.o)
                0x000000000001112c                _sbrk
 *(.rodata)
 *fill*         0x0000000000011150        0x0 
 .rodata        0x0000000000011150       0x7c ./zf_driver/zf_driver_pit.o
 .rodata        0x00000000000111cc       0x54 ./zf_driver/zf_driver_pwm.o
 .rodata        0x0000000000011220       0x59 ./zf_driver/zf_driver_soft_iic.o
 *fill*         0x0000000000011279        0x3 
 .rodata        0x000000000001127c       0x54 ./zf_driver/zf_driver_spi.o
 .rodata        0x00000000000112d0       0x56 ./zf_driver/zf_driver_timer.o
 *fill*         0x0000000000011326        0x2 
 .rodata        0x0000000000011328       0x55 ./zf_driver/zf_driver_uart.o
 *fill*         0x000000000001137d        0x3 
 .rodata        0x0000000000011380        0x8 ./zf_device/zf_device_dm1xa.o
 .rodata        0x0000000000011388       0xf0 ./zf_device/zf_device_gps_tau1201.o
 .rodata        0x0000000000011478       0x98 ./zf_device/zf_device_imu660ra.o
 .rodata        0x0000000000011510       0x60 ./zf_device/zf_device_ips200.o
 .rodata        0x0000000000011570       0x92 ./zf_device/zf_device_mt9v03x_dvp.o
 *fill*         0x0000000000011602        0x2 
 .rodata        0x0000000000011604       0x78 ./zf_common/zf_common_debug.o
 .rodata        0x000000000001167c       0x55 ./zf_common/zf_common_fifo.o
 *fill*         0x00000000000116d1        0x7 
 .rodata        0x00000000000116d8       0x98 ./zf_common/zf_common_function.o
 .rodata        0x0000000000011770       0x41 ./sdk/Peripheral/ch32v30x_usbotg_device.o
 *fill*         0x00000000000117b1        0x7 
 .rodata        0x00000000000117b8       0x4c ./code/imgproc.o
 *fill*         0x0000000000011804        0x4 
 .rodata        0x0000000000011808       0x80 ./code/servo.o
 *(.rodata*)
 .rodata.pit_init
                0x0000000000011888       0x28 ./zf_driver/zf_driver_pit.o
 .rodata.pwm_set_duty
                0x00000000000118b0       0x28 ./zf_driver/zf_driver_pwm.o
 .rodata.pwm_init
                0x00000000000118d8       0x28 ./zf_driver/zf_driver_pwm.o
 .rodata.spi_index
                0x0000000000011900        0xc ./zf_driver/zf_driver_spi.o
                0x0000000000011900                spi_index
 .rodata.timer_get
                0x000000000001190c       0x28 ./zf_driver/zf_driver_timer.o
 .rodata.timer_clear
                0x0000000000011934       0x28 ./zf_driver/zf_driver_timer.o
 .rodata.timer_init
                0x000000000001195c       0x28 ./zf_driver/zf_driver_timer.o
 .rodata.uart_index
                0x0000000000011984       0x20 ./zf_driver/zf_driver_uart.o
                0x0000000000011984                uart_index
 .rodata.ascii_font_8x16
                0x00000000000119a4      0x5f0 ./zf_common/zf_common_font.o
                0x00000000000119a4                ascii_font_8x16
 .rodata.ascii_font_6x8
                0x0000000000011f94      0x228 ./zf_common/zf_common_font.o
                0x0000000000011f94                ascii_font_6x8
 .rodata.MyDevDescrHD
                0x00000000000121bc       0x12 ./sdk/Peripheral/ch32v30x_usbotg_device.o
                0x00000000000121bc                MyDevDescrHD
 *fill*         0x00000000000121ce        0x2 
 .rodata.MyCfgDescrHD
                0x00000000000121d0       0x43 ./sdk/Peripheral/ch32v30x_usbotg_device.o
                0x00000000000121d0                MyCfgDescrHD
 *fill*         0x0000000000012213        0x1 
 .rodata.MyReportDescHD
                0x0000000000012214       0x14 ./sdk/Peripheral/ch32v30x_usbotg_device.o
                0x0000000000012214                MyReportDescHD
 .rodata.MyManuInfoHD
                0x0000000000012228        0xe ./sdk/Peripheral/ch32v30x_usbotg_device.o
                0x0000000000012228                MyManuInfoHD
 *fill*         0x0000000000012236        0x2 
 .rodata.MyProdInfoHD
                0x0000000000012238        0xc ./sdk/Peripheral/ch32v30x_usbotg_device.o
                0x0000000000012238                MyProdInfoHD
 .rodata.MySerNumInfoHD
                0x0000000000012244       0x16 ./sdk/Peripheral/ch32v30x_usbotg_device.o
                0x0000000000012244                MySerNumInfoHD
 *fill*         0x000000000001225a        0x2 
 .rodata.MyUSBQUADescHD
                0x000000000001225c        0xa ./sdk/Peripheral/ch32v30x_usbotg_device.o
                0x000000000001225c                MyUSBQUADescHD
 *fill*         0x0000000000012266        0x2 
 .rodata.OTG_FS_IRQHandler
                0x0000000000012268       0xbc ./sdk/Peripheral/ch32v30x_usbotg_device.o
 .rodata.imu660ra_config_file
                0x0000000000012324     0x2000 C:\Users\lid\Desktop\CHV307_Library\ch_car_ver3\libraries\zf_device\libzf_device_config.a(zf_device_config.o)
                0x0000000000012324                imu660ra_config_file
 .rodata.__divdf3
                0x0000000000014324       0x40 d:/qianrushi/ide/mounriver/mounriver_studio/toolchain/risc-v embedded gcc/bin/../lib/gcc/riscv-none-embed/8.2.0/rv32imafc/ilp32f\libgcc.a(divdf3.o)
 .rodata.__muldf3
                0x0000000000014364       0x40 d:/qianrushi/ide/mounriver/mounriver_studio/toolchain/risc-v embedded gcc/bin/../lib/gcc/riscv-none-embed/8.2.0/rv32imafc/ilp32f\libgcc.a(muldf3.o)
 .rodata.__clz_tab
                0x00000000000143a4      0x100 d:/qianrushi/ide/mounriver/mounriver_studio/toolchain/risc-v embedded gcc/bin/../lib/gcc/riscv-none-embed/8.2.0/rv32imafc/ilp32f\libgcc.a(_clz.o)
                0x00000000000143a4                __clz_tab
 *fill*         0x00000000000144a4        0x4 
 .rodata._printf_float.cst8
                0x00000000000144a8        0x8 d:/qianrushi/ide/mounriver/mounriver_studio/toolchain/risc-v embedded gcc/bin/../lib/gcc/riscv-none-embed/8.2.0/../../../../riscv-none-embed/lib/rv32imafc/ilp32f\libg_nano.a(lib_a-nano-vfprintf_float.o)
 .rodata._printf_float.str1.4
                0x00000000000144b0       0x12 d:/qianrushi/ide/mounriver/mounriver_studio/toolchain/risc-v embedded gcc/bin/../lib/gcc/riscv-none-embed/8.2.0/../../../../riscv-none-embed/lib/rv32imafc/ilp32f\libg_nano.a(lib_a-nano-vfprintf_float.o)
 *fill*         0x00000000000144c2        0x2 
 .rodata._printf_i.str1.4
                0x00000000000144c4       0x25 d:/qianrushi/ide/mounriver/mounriver_studio/toolchain/risc-v embedded gcc/bin/../lib/gcc/riscv-none-embed/8.2.0/../../../../riscv-none-embed/lib/rv32imafc/ilp32f\libg_nano.a(lib_a-nano-vfprintf_i.o)
 *fill*         0x00000000000144e9        0x7 
 .rodata._dtoa_r.cst8
                0x00000000000144f0       0x48 d:/qianrushi/ide/mounriver/mounriver_studio/toolchain/risc-v embedded gcc/bin/../lib/gcc/riscv-none-embed/8.2.0/../../../../riscv-none-embed/lib/rv32imafc/ilp32f\libg_nano.a(lib_a-dtoa.o)
 .rodata._dtoa_r.str1.4
                0x0000000000014538       0x10 d:/qianrushi/ide/mounriver/mounriver_studio/toolchain/risc-v embedded gcc/bin/../lib/gcc/riscv-none-embed/8.2.0/../../../../riscv-none-embed/lib/rv32imafc/ilp32f\libg_nano.a(lib_a-dtoa.o)
                                         0x12 (size before relaxing)
 .rodata.__sf_fake_stderr
                0x0000000000014548       0x20 d:/qianrushi/ide/mounriver/mounriver_studio/toolchain/risc-v embedded gcc/bin/../lib/gcc/riscv-none-embed/8.2.0/../../../../riscv-none-embed/lib/rv32imafc/ilp32f\libg_nano.a(lib_a-findfp.o)
                0x0000000000014548                __sf_fake_stderr
 .rodata.__sf_fake_stdin
                0x0000000000014568       0x20 d:/qianrushi/ide/mounriver/mounriver_studio/toolchain/risc-v embedded gcc/bin/../lib/gcc/riscv-none-embed/8.2.0/../../../../riscv-none-embed/lib/rv32imafc/ilp32f\libg_nano.a(lib_a-findfp.o)
                0x0000000000014568                __sf_fake_stdin
 .rodata.__sf_fake_stdout
                0x0000000000014588       0x20 d:/qianrushi/ide/mounriver/mounriver_studio/toolchain/risc-v embedded gcc/bin/../lib/gcc/riscv-none-embed/8.2.0/../../../../riscv-none-embed/lib/rv32imafc/ilp32f\libg_nano.a(lib_a-findfp.o)
                0x0000000000014588                __sf_fake_stdout
 .rodata.__mprec_bigtens
                0x00000000000145a8       0x28 d:/qianrushi/ide/mounriver/mounriver_studio/toolchain/risc-v embedded gcc/bin/../lib/gcc/riscv-none-embed/8.2.0/../../../../riscv-none-embed/lib/rv32imafc/ilp32f\libg_nano.a(lib_a-mprec.o)
                0x00000000000145a8                __mprec_bigtens
 .rodata.__mprec_tens
                0x00000000000145d0       0xc8 d:/qianrushi/ide/mounriver/mounriver_studio/toolchain/risc-v embedded gcc/bin/../lib/gcc/riscv-none-embed/8.2.0/../../../../riscv-none-embed/lib/rv32imafc/ilp32f\libg_nano.a(lib_a-mprec.o)
                0x00000000000145d0                __mprec_tens
 .rodata.p05.3321
                0x0000000000014698        0xc d:/qianrushi/ide/mounriver/mounriver_studio/toolchain/risc-v embedded gcc/bin/../lib/gcc/riscv-none-embed/8.2.0/../../../../riscv-none-embed/lib/rv32imafc/ilp32f\libg_nano.a(lib_a-mprec.o)
 .rodata._svfprintf_r.str1.4
                0x00000000000146a4       0x13 d:/qianrushi/ide/mounriver/mounriver_studio/toolchain/risc-v embedded gcc/bin/../lib/gcc/riscv-none-embed/8.2.0/../../../../riscv-none-embed/lib/rv32imafc/ilp32f\libg_nano.a(lib_a-nano-svfprintf.o)
 .rodata._vfprintf_r.str1.4
                0x00000000000146b7       0x13 d:/qianrushi/ide/mounriver/mounriver_studio/toolchain/risc-v embedded gcc/bin/../lib/gcc/riscv-none-embed/8.2.0/../../../../riscv-none-embed/lib/rv32imafc/ilp32f\libg_nano.a(lib_a-nano-vfprintf.o)
 *fill*         0x00000000000146b7        0x1 
 .rodata._setlocale_r.str1.4
                0x00000000000146b8        0xa d:/qianrushi/ide/mounriver/mounriver_studio/toolchain/risc-v embedded gcc/bin/../lib/gcc/riscv-none-embed/8.2.0/../../../../riscv-none-embed/lib/rv32imafc/ilp32f\libg_nano.a(lib_a-locale.o)
                                          0xd (size before relaxing)
 *fill*         0x00000000000146c2        0x2 
 .rodata.str1.4
                0x00000000000146c4        0x4 d:/qianrushi/ide/mounriver/mounriver_studio/toolchain/risc-v embedded gcc/bin/../lib/gcc/riscv-none-embed/8.2.0/../../../../riscv-none-embed/lib/rv32imafc/ilp32f\libg_nano.a(lib_a-locale.o)
                                          0x2 (size before relaxing)
 .rodata._ctype_
                0x00000000000146c8      0x101 d:/qianrushi/ide/mounriver/mounriver_studio/toolchain/risc-v embedded gcc/bin/../lib/gcc/riscv-none-embed/8.2.0/../../../../riscv-none-embed/lib/rv32imafc/ilp32f\libg_nano.a(lib_a-ctype_.o)
                0x00000000000146c8                _ctype_
 *(.glue_7)
 *(.glue_7t)
 *(.gnu.linkonce.t.*)
                0x00000000000147cc                . = ALIGN (0x4)
 *fill*         0x00000000000147c9        0x3 

.rela.dyn       0x00000000000147cc        0x0
 .rela.init     0x00000000000147cc        0x0 ./zf_driver/zf_driver_delay.o
 .rela.vector   0x00000000000147cc        0x0 ./zf_driver/zf_driver_delay.o
 .rela.text.handle_reset
                0x00000000000147cc        0x0 ./zf_driver/zf_driver_delay.o
 .rela.text._svfprintf_r
                0x00000000000147cc        0x0 ./zf_driver/zf_driver_delay.o
 .rela.text._vfprintf_r
                0x00000000000147cc        0x0 ./zf_driver/zf_driver_delay.o
 .rela.text._sbrk_r
                0x00000000000147cc        0x0 ./zf_driver/zf_driver_delay.o
 .rela.text._write_r
                0x00000000000147cc        0x0 ./zf_driver/zf_driver_delay.o
 .rela.text._close_r
                0x00000000000147cc        0x0 ./zf_driver/zf_driver_delay.o
 .rela.text._lseek_r
                0x00000000000147cc        0x0 ./zf_driver/zf_driver_delay.o
 .rela.text._read_r
                0x00000000000147cc        0x0 ./zf_driver/zf_driver_delay.o
 .rela.text._fstat_r
                0x00000000000147cc        0x0 ./zf_driver/zf_driver_delay.o
 .rela.text._isatty_r
                0x00000000000147cc        0x0 ./zf_driver/zf_driver_delay.o
 .rela.text._close
                0x00000000000147cc        0x0 ./zf_driver/zf_driver_delay.o
 .rela.text._fstat
                0x00000000000147cc        0x0 ./zf_driver/zf_driver_delay.o
 .rela.text._isatty
                0x00000000000147cc        0x0 ./zf_driver/zf_driver_delay.o
 .rela.text._lseek
                0x00000000000147cc        0x0 ./zf_driver/zf_driver_delay.o
 .rela.text._read
                0x00000000000147cc        0x0 ./zf_driver/zf_driver_delay.o
 .rela.text._sbrk
                0x00000000000147cc        0x0 ./zf_driver/zf_driver_delay.o

.fini           0x00000000000147cc        0x0
 *(SORT_NONE(.fini))
                0x00000000000147cc                . = ALIGN (0x4)
                [!provide]                        PROVIDE (_etext = .)
                [!provide]                        PROVIDE (_eitcm = .)

.preinit_array  0x00000000000147cc        0x0
                [!provide]                        PROVIDE (__preinit_array_start = .)
 *(.preinit_array)
                [!provide]                        PROVIDE (__preinit_array_end = .)

.init_array     0x00000000000147cc        0x0
                [!provide]                        PROVIDE (__init_array_start = .)
 *(SORT_BY_INIT_PRIORITY(.init_array.*) SORT_BY_INIT_PRIORITY(.ctors.*))
 *(.init_array EXCLUDE_FILE(*crtend?.o *crtend.o *crtbegin?.o *crtbegin.o) .ctors)
                [!provide]                        PROVIDE (__init_array_end = .)

.fini_array     0x00000000000147cc        0x0
                [!provide]                        PROVIDE (__fini_array_start = .)
 *(SORT_BY_INIT_PRIORITY(.fini_array.*) SORT_BY_INIT_PRIORITY(.dtors.*))
 *(.fini_array EXCLUDE_FILE(*crtend?.o *crtend.o *crtbegin?.o *crtbegin.o) .dtors)
                [!provide]                        PROVIDE (__fini_array_end = .)

.ctors
 *crtbegin.o(.ctors)
 *crtbegin?.o(.ctors)
 *(EXCLUDE_FILE(*crtend?.o *crtend.o) .ctors)
 *(SORT_BY_NAME(.ctors.*))
 *(.ctors)

.dtors
 *crtbegin.o(.dtors)
 *crtbegin?.o(.dtors)
 *(EXCLUDE_FILE(*crtend?.o *crtend.o) .dtors)
 *(SORT_BY_NAME(.dtors.*))
 *(.dtors)

.dalign         0x0000000020000000        0x0 load address 0x00000000000147cc
                0x0000000020000000                . = ALIGN (0x4)
                0x0000000020000000                PROVIDE (_data_vma = .)

.dlalign        0x00000000000147cc        0x0
                0x00000000000147cc                . = ALIGN (0x4)
                0x00000000000147cc                PROVIDE (_data_lma = .)

.data           0x0000000020000000      0x2d0 load address 0x00000000000147cc
 *(.gnu.linkonce.r.*)
 *(.data .data.*)
 .data.gpio_group
                0x0000000020000000       0x14 ./zf_driver/zf_driver_gpio.o
                0x0000000020000000                gpio_group
 .data.mt9v03x_set_confing_buffer
                0x0000000020000014       0x28 ./zf_device/zf_device_mt9v03x_dvp.o
 .data.mt9v03x_get_confing_buffer
                0x000000002000003c       0x24 ./zf_device/zf_device_mt9v03x_dvp.o
 .data.APBAHBPrescTable
                0x0000000020000060       0x10 ./sdk/Peripheral/ch32v30x_rcc.o
 .data.TAB_USB_FS_OSC_DESC
                0x0000000020000070       0x43 ./sdk/Peripheral/ch32v30x_usbotg_device.o
                0x0000000020000070                TAB_USB_FS_OSC_DESC
 *fill*         0x00000000200000b3        0x1 
 .data.impure_data
                0x00000000200000b4       0x60 d:/qianrushi/ide/mounriver/mounriver_studio/toolchain/risc-v embedded gcc/bin/../lib/gcc/riscv-none-embed/8.2.0/../../../../riscv-none-embed/lib/rv32imafc/ilp32f\libg_nano.a(lib_a-impure.o)
 .data.__global_locale
                0x0000000020000114      0x16c d:/qianrushi/ide/mounriver/mounriver_studio/toolchain/risc-v embedded gcc/bin/../lib/gcc/riscv-none-embed/8.2.0/../../../../riscv-none-embed/lib/rv32imafc/ilp32f\libg_nano.a(lib_a-locale.o)
                0x0000000020000114                __global_locale
 *(.gnu.linkonce.d.*)
                0x0000000020000280                . = ALIGN (0x8)
                0x0000000020000a80                PROVIDE (__global_pointer$ = (. + 0x800))
 *(.sdata .sdata.*)
 .sdata.dm1xa_distance_mm
                0x0000000020000280        0x2 ./zf_device/zf_device_dm1xa.o
 .sdata.ips200_pencolor
                0x0000000020000282        0x2 ./zf_device/zf_device_ips200.o
 .sdata.ips200_bgcolor
                0x0000000020000284        0x2 ./zf_device/zf_device_ips200.o
 *fill*         0x0000000020000286        0x2 
 .sdata.ips200_display_font
                0x0000000020000288        0x4 ./zf_device/zf_device_ips200.o
 .sdata.ips200_x_max
                0x000000002000028c        0x2 ./zf_device/zf_device_ips200.o
 .sdata.ips200_y_max
                0x000000002000028e        0x2 ./zf_device/zf_device_ips200.o
 .sdata.ips_rst_pin
                0x0000000020000290        0x4 ./zf_device/zf_device_ips200.o
 .sdata.ips_bl_pin
                0x0000000020000294        0x4 ./zf_device/zf_device_ips200.o
 .sdata.camera_uart_handler
                0x0000000020000298        0x4 ./zf_device/zf_device_type.o
                0x0000000020000298                camera_uart_handler
 .sdata.camera_dvp_handler
                0x000000002000029c        0x4 ./zf_device/zf_device_type.o
                0x000000002000029c                camera_dvp_handler
 .sdata.wireless_module_uart_handler
                0x00000000200002a0        0x4 ./zf_device/zf_device_type.o
                0x00000000200002a0                wireless_module_uart_handler
 .sdata.system_clock
                0x00000000200002a4        0x4 ./zf_common/zf_common_clock.o
                0x00000000200002a4                system_clock
 .sdata.zf_debug_assert_enable
                0x00000000200002a8        0x1 ./zf_common/zf_common_debug.o
 *fill*         0x00000000200002a9        0x3 
 .sdata.ADCPrescTable
                0x00000000200002ac        0x4 ./sdk/Peripheral/ch32v30x_rcc.o
 .sdata.USBHD_Dev_Speed
                0x00000000200002b0        0x1 ./sdk/Peripheral/ch32v30x_usbotg_device.o
                0x00000000200002b0                USBHD_Dev_Speed
 *fill*         0x00000000200002b1        0x3 
 .sdata.LineCoding
                0x00000000200002b4        0x7 ./sdk/Peripheral/ch32v30x_usbotg_device.o
                0x00000000200002b4                LineCoding
 *fill*         0x00000000200002bb        0x1 
 .sdata._impure_ptr
                0x00000000200002bc        0x4 d:/qianrushi/ide/mounriver/mounriver_studio/toolchain/risc-v embedded gcc/bin/../lib/gcc/riscv-none-embed/8.2.0/../../../../riscv-none-embed/lib/rv32imafc/ilp32f\libg_nano.a(lib_a-impure.o)
                0x00000000200002bc                _impure_ptr
 *(.sdata2.*)
 .sdata2.uart_irq
                0x00000000200002c0        0x8 ./zf_driver/zf_driver_uart.o
                0x00000000200002c0                uart_irq
 .sdata2.MyLangDescrHD
                0x00000000200002c8        0x4 ./sdk/Peripheral/ch32v30x_usbotg_device.o
                0x00000000200002c8                MyLangDescrHD
 .sdata2._global_impure_ptr
                0x00000000200002cc        0x4 d:/qianrushi/ide/mounriver/mounriver_studio/toolchain/risc-v embedded gcc/bin/../lib/gcc/riscv-none-embed/8.2.0/../../../../riscv-none-embed/lib/rv32imafc/ilp32f\libg_nano.a(lib_a-impure.o)
                0x00000000200002cc                _global_impure_ptr
 *(.gnu.linkonce.s.*)
                0x00000000200002d0                . = ALIGN (0x8)
 *(.srodata.cst16)
 *(.srodata.cst8)
 *(.srodata.cst4)
 *(.srodata.cst2)
 *(.srodata .srodata.*)
                0x00000000200002d0                . = ALIGN (0x4)
                0x00000000200002d0                PROVIDE (_edata = .)

.bss            0x00000000200002d0     0xb464 load address 0x0000000000014a9c
                0x00000000200002d0                . = ALIGN (0x4)
                0x00000000200002d0                PROVIDE (_sbss = .)
 *(.sbss*)
 .sbss.camera_receiver_buffer
                0x00000000200002d0        0x8 ./zf_device/zf_device_camera.o
                0x00000000200002d0                camera_receiver_buffer
 .sbss.dm1xa_plus_count
                0x00000000200002d8        0x4 ./zf_device/zf_device_dm1xa.o
 .sbss.dm1xa_type
                0x00000000200002dc        0x4 ./zf_device/zf_device_dm1xa.o
 .sbss.dm1xa_ranging_state
                0x00000000200002e0        0x4 ./zf_device/zf_device_dm1xa.o
 .sbss.gps_tau1201_flag
                0x00000000200002e4        0x1 ./zf_device/zf_device_gps_tau1201.o
                0x00000000200002e4                gps_tau1201_flag
 .sbss.gps_tau1201_state
                0x00000000200002e5        0x1 ./zf_device/zf_device_gps_tau1201.o
 *fill*         0x00000000200002e6        0x2 
 .sbss.gps_gga_state
                0x00000000200002e8        0x4 ./zf_device/zf_device_gps_tau1201.o
                0x00000000200002e8                gps_gga_state
 .sbss.gps_rmc_state
                0x00000000200002ec        0x4 ./zf_device/zf_device_gps_tau1201.o
                0x00000000200002ec                gps_rmc_state
 .sbss.ips200_display_type
                0x00000000200002f0        0x4 ./zf_device/zf_device_ips200.o
 .sbss.ips200_display_dir
                0x00000000200002f4        0x4 ./zf_device/zf_device_ips200.o
 .sbss.mt9v03x_finish_flag
                0x00000000200002f8        0x1 ./zf_device/zf_device_mt9v03x_dvp.o
                0x00000000200002f8                mt9v03x_finish_flag
 *fill*         0x00000000200002f9        0x3 
 .sbss.mt9v03x_type
                0x00000000200002fc        0x4 ./zf_device/zf_device_mt9v03x_dvp.o
 .sbss.mt9v03x_version
                0x0000000020000300        0x2 ./zf_device/zf_device_mt9v03x_dvp.o
 *fill*         0x0000000020000302        0x2 
 .sbss.camera_type
                0x0000000020000304        0x4 ./zf_device/zf_device_type.o
                0x0000000020000304                camera_type
 .sbss.zf_debug_init_flag
                0x0000000020000308        0x1 ./zf_common/zf_common_debug.o
 .sbss.assert_nest_index.5018
                0x0000000020000309        0x1 ./zf_common/zf_common_debug.o
 *fill*         0x000000002000030a        0x2 
 .sbss.interrupt_nest_count
                0x000000002000030c        0x4 ./zf_common/zf_common_interrupt.o
 .sbss.EP0_DatabufHD
                0x0000000020000310        0x8 ./sdk/Peripheral/ch32v30x_usbotg_device.o
                0x0000000020000310                EP0_DatabufHD
 .sbss.pEP0_RAM_Addr
                0x0000000020000318        0x4 ./sdk/Peripheral/ch32v30x_usbotg_device.o
                0x0000000020000318                pEP0_RAM_Addr
 .sbss.pEP1_RAM_Addr
                0x000000002000031c        0x4 ./sdk/Peripheral/ch32v30x_usbotg_device.o
                0x000000002000031c                pEP1_RAM_Addr
 .sbss.pEP2_RAM_Addr
                0x0000000020000320        0x4 ./sdk/Peripheral/ch32v30x_usbotg_device.o
                0x0000000020000320                pEP2_RAM_Addr
 .sbss.pDescr   0x0000000020000324        0x4 ./sdk/Peripheral/ch32v30x_usbotg_device.o
                0x0000000020000324                pDescr
 .sbss.USBHD_Dev_SetupReqLen
                0x0000000020000328        0x2 ./sdk/Peripheral/ch32v30x_usbotg_device.o
                0x0000000020000328                USBHD_Dev_SetupReqLen
 .sbss.USBHD_Dev_SleepStatus
                0x000000002000032a        0x1 ./sdk/Peripheral/ch32v30x_usbotg_device.o
                0x000000002000032a                USBHD_Dev_SleepStatus
 .sbss.DevConfig
                0x000000002000032b        0x1 ./sdk/Peripheral/ch32v30x_usbotg_device.o
                0x000000002000032b                DevConfig
 .sbss.SetupReqCode
                0x000000002000032c        0x1 ./sdk/Peripheral/ch32v30x_usbotg_device.o
                0x000000002000032c                SetupReqCode
 *fill*         0x000000002000032d        0x1 
 .sbss.SetupReqLen
                0x000000002000032e        0x2 ./sdk/Peripheral/ch32v30x_usbotg_device.o
                0x000000002000032e                SetupReqLen
 .sbss.Angle    0x0000000020000330        0x4 ./code/servo.o
                0x0000000020000330                Angle
 .sbss.sum_err.7931
                0x0000000020000334        0x4 ./code/servo.o
 .sbss.previous_err.7930
                0x0000000020000338        0x4 ./code/servo.o
 .sbss.h_blank  0x000000002000033c        0x4 C:\Users\lid\Desktop\CHV307_Library\ch_car_ver3\libraries\zf_device\libzf_device_config.a(zf_device_config.o)
                0x000000002000033c                h_blank
 .sbss.v_blank  0x0000000020000340        0x4 C:\Users\lid\Desktop\CHV307_Library\ch_car_ver3\libraries\zf_device\libzf_device_config.a(zf_device_config.o)
                0x0000000020000340                v_blank
 .sbss.__malloc_free_list
                0x0000000020000344        0x4 d:/qianrushi/ide/mounriver/mounriver_studio/toolchain/risc-v embedded gcc/bin/../lib/gcc/riscv-none-embed/8.2.0/../../../../riscv-none-embed/lib/rv32imafc/ilp32f\libg_nano.a(lib_a-nano-mallocr.o)
                0x0000000020000344                __malloc_free_list
 .sbss.__malloc_sbrk_start
                0x0000000020000348        0x4 d:/qianrushi/ide/mounriver/mounriver_studio/toolchain/risc-v embedded gcc/bin/../lib/gcc/riscv-none-embed/8.2.0/../../../../riscv-none-embed/lib/rv32imafc/ilp32f\libg_nano.a(lib_a-nano-mallocr.o)
                0x0000000020000348                __malloc_sbrk_start
 .sbss.heap_end.1520
                0x000000002000034c        0x4 d:/qianrushi/ide/mounriver/mounriver_studio/toolchain/risc-v embedded gcc/bin/../lib/gcc/riscv-none-embed/8.2.0/../../../../riscv-none-embed/lib/rv32imafc/ilp32f\libnosys.a(sbrk.o)
 *(.gnu.linkonce.sb.*)
 *(.bss*)
 .bss.timer_function_state
                0x0000000020000350       0x28 ./zf_driver/zf_driver_timer.o
 .bss.timer_mode_state
                0x0000000020000378       0x28 ./zf_driver/zf_driver_timer.o
 .bss.camera_receiver_fifo
                0x00000000200003a0       0x1c ./zf_device/zf_device_camera.o
                0x00000000200003a0                camera_receiver_fifo
 .bss.gps_tau1201_receiver_fifo
                0x00000000200003bc       0x1c ./zf_device/zf_device_gps_tau1201.o
 .bss.gps_gga_buffer
                0x00000000200003d8       0x80 ./zf_device/zf_device_gps_tau1201.o
 .bss.gps_rmc_buffer
                0x0000000020000458       0x80 ./zf_device/zf_device_gps_tau1201.o
 .bss.mt9v03x_image
                0x00000000200004d8     0x5820 ./zf_device/zf_device_mt9v03x_dvp.o
                0x00000000200004d8                mt9v03x_image
 .bss.debug_output_info
                0x0000000020005cf8       0x14 ./zf_common/zf_common_debug.o
 .bss.rightline
                0x0000000020005d0c       0x78 ./code/imgproc.o
                0x0000000020005d0c                rightline
 .bss.leftline  0x0000000020005d84       0x78 ./code/imgproc.o
                0x0000000020005d84                leftline
 .bss.road_width
                0x0000000020005dfc       0x78 ./code/imgproc.o
                0x0000000020005dfc                road_width
 .bss.centerline
                0x0000000020005e74       0x78 ./code/imgproc.o
                0x0000000020005e74                centerline
 .bss.img_sobel
                0x0000000020005eec     0x5820 ./code/imgproc.o
                0x0000000020005eec                img_sobel
 .bss.image     0x000000002000b70c       0x14 C:\Users\lid\Desktop\CHV307_Library\ch_car_ver3\libraries\zf_device\libzf_device_config.a(zf_device_config.o)
                0x000000002000b70c                image
 .bss.mt9v03x_iic_inf_struct
                0x000000002000b720       0x10 C:\Users\lid\Desktop\CHV307_Library\ch_car_ver3\libraries\zf_device\libzf_device_config.a(zf_device_config.o)
 *(.gnu.linkonce.b.*)
 *(COMMON*)
 COMMON         0x000000002000b730        0x4 d:/qianrushi/ide/mounriver/mounriver_studio/toolchain/risc-v embedded gcc/bin/../lib/gcc/riscv-none-embed/8.2.0/../../../../riscv-none-embed/lib/rv32imafc/ilp32f\libg_nano.a(lib_a-reent.o)
                0x000000002000b730                errno
                0x000000002000b734                . = ALIGN (0x4)
                0x000000002000b734                PROVIDE (_ebss = .)
                [!provide]                        PROVIDE (_end = _ebss)
                0x000000002000b734                PROVIDE (end = .)

.stack          0x000000002000f800      0x800
                [!provide]                        PROVIDE (_heap_end = .)
                0x000000002000f800                . = ALIGN (0x4)
                [!provide]                        PROVIDE (_susrstack = .)
                0x0000000020010000                . = (. + __stack_size)
 *fill*         0x000000002000f800      0x800 