Archive member included to satisfy reference by file (symbol)

d:/qianrushi/ide/mounriver/mounriver_studio/toolchain/risc-v embedded gcc/bin/../lib/gcc/riscv-none-embed/8.2.0/../../../../riscv-none-embed/lib/rv32imafc/ilp32f\libm.a(lib_a-s_cos.o)
                              ./zf_device/zf_device_gps_tau1201.o (cos)
d:/qianrushi/ide/mounriver/mounriver_studio/toolchain/risc-v embedded gcc/bin/../lib/gcc/riscv-none-embed/8.2.0/../../../../riscv-none-embed/lib/rv32imafc/ilp32f\libm.a(lib_a-s_sin.o)
                              ./zf_device/zf_device_gps_tau1201.o (sin)
d:/qianrushi/ide/mounriver/mounriver_studio/toolchain/risc-v embedded gcc/bin/../lib/gcc/riscv-none-embed/8.2.0/../../../../riscv-none-embed/lib/rv32imafc/ilp32f\libm.a(lib_a-w_asin.o)
                              ./zf_device/zf_device_gps_tau1201.o (asin)
d:/qianrushi/ide/mounriver/mounriver_studio/toolchain/risc-v embedded gcc/bin/../lib/gcc/riscv-none-embed/8.2.0/../../../../riscv-none-embed/lib/rv32imafc/ilp32f\libm.a(lib_a-w_atan2.o)
                              ./zf_device/zf_device_gps_tau1201.o (atan2)
d:/qianrushi/ide/mounriver/mounriver_studio/toolchain/risc-v embedded gcc/bin/../lib/gcc/riscv-none-embed/8.2.0/../../../../riscv-none-embed/lib/rv32imafc/ilp32f\libm.a(lib_a-w_pow.o)
                              ./zf_device/zf_device_gps_tau1201.o (pow)
d:/qianrushi/ide/mounriver/mounriver_studio/toolchain/risc-v embedded gcc/bin/../lib/gcc/riscv-none-embed/8.2.0/../../../../riscv-none-embed/lib/rv32imafc/ilp32f\libm.a(lib_a-w_sqrt.o)
                              ./zf_device/zf_device_gps_tau1201.o (sqrt)
d:/qianrushi/ide/mounriver/mounriver_studio/toolchain/risc-v embedded gcc/bin/../lib/gcc/riscv-none-embed/8.2.0/../../../../riscv-none-embed/lib/rv32imafc/ilp32f\libm.a(lib_a-e_asin.o)
                              d:/qianrushi/ide/mounriver/mounriver_studio/toolchain/risc-v embedded gcc/bin/../lib/gcc/riscv-none-embed/8.2.0/../../../../riscv-none-embed/lib/rv32imafc/ilp32f\libm.a(lib_a-w_asin.o) (__ieee754_asin)
d:/qianrushi/ide/mounriver/mounriver_studio/toolchain/risc-v embedded gcc/bin/../lib/gcc/riscv-none-embed/8.2.0/../../../../riscv-none-embed/lib/rv32imafc/ilp32f\libm.a(lib_a-e_atan2.o)
                              d:/qianrushi/ide/mounriver/mounriver_studio/toolchain/risc-v embedded gcc/bin/../lib/gcc/riscv-none-embed/8.2.0/../../../../riscv-none-embed/lib/rv32imafc/ilp32f\libm.a(lib_a-w_atan2.o) (__ieee754_atan2)
d:/qianrushi/ide/mounriver/mounriver_studio/toolchain/risc-v embedded gcc/bin/../lib/gcc/riscv-none-embed/8.2.0/../../../../riscv-none-embed/lib/rv32imafc/ilp32f\libm.a(lib_a-e_pow.o)
                              d:/qianrushi/ide/mounriver/mounriver_studio/toolchain/risc-v embedded gcc/bin/../lib/gcc/riscv-none-embed/8.2.0/../../../../riscv-none-embed/lib/rv32imafc/ilp32f\libm.a(lib_a-w_pow.o) (__ieee754_pow)
d:/qianrushi/ide/mounriver/mounriver_studio/toolchain/risc-v embedded gcc/bin/../lib/gcc/riscv-none-embed/8.2.0/../../../../riscv-none-embed/lib/rv32imafc/ilp32f\libm.a(lib_a-e_rem_pio2.o)
                              d:/qianrushi/ide/mounriver/mounriver_studio/toolchain/risc-v embedded gcc/bin/../lib/gcc/riscv-none-embed/8.2.0/../../../../riscv-none-embed/lib/rv32imafc/ilp32f\libm.a(lib_a-s_cos.o) (__ieee754_rem_pio2)
d:/qianrushi/ide/mounriver/mounriver_studio/toolchain/risc-v embedded gcc/bin/../lib/gcc/riscv-none-embed/8.2.0/../../../../riscv-none-embed/lib/rv32imafc/ilp32f\libm.a(lib_a-e_sqrt.o)
                              d:/qianrushi/ide/mounriver/mounriver_studio/toolchain/risc-v embedded gcc/bin/../lib/gcc/riscv-none-embed/8.2.0/../../../../riscv-none-embed/lib/rv32imafc/ilp32f\libm.a(lib_a-w_sqrt.o) (__ieee754_sqrt)
d:/qianrushi/ide/mounriver/mounriver_studio/toolchain/risc-v embedded gcc/bin/../lib/gcc/riscv-none-embed/8.2.0/../../../../riscv-none-embed/lib/rv32imafc/ilp32f\libm.a(lib_a-k_cos.o)
                              d:/qianrushi/ide/mounriver/mounriver_studio/toolchain/risc-v embedded gcc/bin/../lib/gcc/riscv-none-embed/8.2.0/../../../../riscv-none-embed/lib/rv32imafc/ilp32f\libm.a(lib_a-s_cos.o) (__kernel_cos)
d:/qianrushi/ide/mounriver/mounriver_studio/toolchain/risc-v embedded gcc/bin/../lib/gcc/riscv-none-embed/8.2.0/../../../../riscv-none-embed/lib/rv32imafc/ilp32f\libm.a(lib_a-k_rem_pio2.o)
                              d:/qianrushi/ide/mounriver/mounriver_studio/toolchain/risc-v embedded gcc/bin/../lib/gcc/riscv-none-embed/8.2.0/../../../../riscv-none-embed/lib/rv32imafc/ilp32f\libm.a(lib_a-e_rem_pio2.o) (__kernel_rem_pio2)
d:/qianrushi/ide/mounriver/mounriver_studio/toolchain/risc-v embedded gcc/bin/../lib/gcc/riscv-none-embed/8.2.0/../../../../riscv-none-embed/lib/rv32imafc/ilp32f\libm.a(lib_a-k_sin.o)
                              d:/qianrushi/ide/mounriver/mounriver_studio/toolchain/risc-v embedded gcc/bin/../lib/gcc/riscv-none-embed/8.2.0/../../../../riscv-none-embed/lib/rv32imafc/ilp32f\libm.a(lib_a-s_cos.o) (__kernel_sin)
[...]
Memory Configuration

Name             Origin             Length             Attributes
RAM              0x0000000020000000 0x0000000000020000 xrw
FLASH            0x0000000000000000 0x0000000000030000 xr
*default*        0x0000000000000000 0xffffffffffffffff

Linker script and memory map

LOAD ./zf_driver/zf_driver_adc.o
LOAD ./zf_driver/zf_driver_delay.o
LOAD ./zf_driver/zf_driver_dvp.o
LOAD ./zf_driver/zf_driver_encoder.o
LOAD ./zf_driver/zf_driver_exti.o
LOAD ./zf_driver/zf_driver_flash.o
LOAD ./zf_driver/zf_driver_gpio.o
LOAD ./zf_driver/zf_driver_iic.o
LOAD ./zf_driver/zf_driver_pit.o
LOAD ./zf_driver/zf_driver_pwm.o
LOAD ./zf_driver/zf_driver_soft_iic.o
LOAD ./zf_driver/zf_driver_soft_spi.o
LOAD ./zf_driver/zf_driver_spi.o
LOAD ./zf_driver/zf_driver_timer.o
LOAD ./zf_driver/zf_driver_uart.o
LOAD ./zf_driver/zf_driver_usb_cdc.o
LOAD ./zf_device/zf_device_absolute_encoder.o
LOAD ./zf_device/zf_device_aht20.o
LOAD ./zf_device/zf_device_bluetooth_ch9141.o
LOAD ./zf_device/zf_device_camera.o
LOAD ./zf_device/zf_device_dl1a.o
LOAD ./zf_device/zf_device_dm1xa.o
LOAD ./zf_device/zf_device_gps_tau1201.o
LOAD ./zf_device/zf_device_icm20602.o
LOAD ./zf_device/zf_device_imu660ra.o
LOAD ./zf_device/zf_device_imu963ra.o
LOAD ./zf_device/zf_device_ips114.o
LOAD ./zf_device/zf_device_ips200.o
LOAD ./zf_device/zf_device_k24c02.o
LOAD ./zf_device/zf_device_key.o
LOAD ./zf_device/zf_device_mpu6050.o
LOAD ./zf_device/zf_device_mt9v03x_dvp.o
LOAD ./zf_device/zf_device_oled.o
LOAD ./zf_device/zf_device_scc8660_dvp.o
LOAD ./zf_device/zf_device_tft180.o
LOAD ./zf_device/zf_device_type.o
LOAD ./zf_device/zf_device_virtual_oscilloscope.o
LOAD ./zf_device/zf_device_w25q32.o
LOAD ./zf_device/zf_device_wifi_uart.o
LOAD ./zf_device/zf_device_wireless_ch573.o
LOAD ./zf_device/zf_device_wireless_uart.o
LOAD ./zf_common/zf_common_clock.o
LOAD ./zf_common/zf_common_debug.o
LOAD ./zf_common/zf_common_fifo.o
LOAD ./zf_common/zf_common_font.o
LOAD ./zf_common/zf_common_function.o
LOAD ./zf_common/zf_common_interrupt.o
LOAD ./user_c/isr.o
LOAD ./user_c/main.o
LOAD ./sdk/Startup/startup_ch32v30x_D8C.o
LOAD ./sdk/Peripheral/ch32v30x_adc.o
LOAD ./sdk/Peripheral/ch32v30x_bkp.o
LOAD ./sdk/Peripheral/ch32v30x_can.o
LOAD ./sdk/Peripheral/ch32v30x_crc.o
LOAD ./sdk/Peripheral/ch32v30x_dac.o
LOAD ./sdk/Peripheral/ch32v30x_dbgmcu.o
LOAD ./sdk/Peripheral/ch32v30x_dma.o
LOAD ./sdk/Peripheral/ch32v30x_dvp.o
LOAD ./sdk/Peripheral/ch32v30x_eth.o
LOAD ./sdk/Peripheral/ch32v30x_exti.o
LOAD ./sdk/Peripheral/ch32v30x_flash.o
LOAD ./sdk/Peripheral/ch32v30x_fsmc.o
LOAD ./sdk/Peripheral/ch32v30x_gpio.o
LOAD ./sdk/Peripheral/ch32v30x_i2c.o
LOAD ./sdk/Peripheral/ch32v30x_iwdg.o
LOAD ./sdk/Peripheral/ch32v30x_opa.o
LOAD ./sdk/Peripheral/ch32v30x_pwr.o
LOAD ./sdk/Peripheral/ch32v30x_rcc.o
LOAD ./sdk/Peripheral/ch32v30x_rng.o
LOAD ./sdk/Peripheral/ch32v30x_rtc.o
LOAD ./sdk/Peripheral/ch32v30x_sdio.o
LOAD ./sdk/Peripheral/ch32v30x_spi.o
LOAD ./sdk/Peripheral/ch32v30x_tim.o
LOAD ./sdk/Peripheral/ch32v30x_usart.o
LOAD ./sdk/Peripheral/ch32v30x_usbotg_device.o
LOAD ./sdk/Peripheral/ch32v30x_wwdg.o
LOAD ./sdk/Core/core_riscv.o
LOAD ./code/gyro.o
LOAD ./code/imgproc.o
LOAD ./code/mathh.o
LOAD ./code/motor.o
LOAD ./code/pit.o
LOAD ./code/servo.o
LOAD d:/qianrushi/ide/mounriver/mounriver_studio/toolchain/risc-v embedded gcc/bin/../lib/gcc/riscv-none-embed/8.2.0/../../../../riscv-none-embed/lib/rv32imafc/ilp32f\libm.a
LOAD C:\Users\lid\Desktop\ch_car_ver3_4（种子生成+逆透视）\libraries\zf_device\libzf_device_config.a
LOAD d:/qianrushi/ide/mounriver/mounriver_studio/toolchain/risc-v embedded gcc/bin/../lib/gcc/riscv-none-embed/8.2.0/rv32imafc/ilp32f\libgcc.a
LOAD d:/qianrushi/ide/mounriver/mounriver_studio/toolchain/risc-v embedded gcc/bin/../lib/gcc/riscv-none-embed/8.2.0/../../../../riscv-none-embed/lib/rv32imafc/ilp32f\libg_nano.a
LOAD d:/qianrushi/ide/mounriver/mounriver_studio/toolchain/risc-v embedded gcc/bin/../lib/gcc/riscv-none-embed/8.2.0/../../../../riscv-none-embed/lib/rv32imafc/ilp32f\libc_nano.a
LOAD d:/qianrushi/ide/mounriver/mounriver_studio/toolchain/risc-v embedded gcc/bin/../lib/gcc/riscv-none-embed/8.2.0/rv32imafc/ilp32f\libgcc.a
START GROUP
LOAD d:/qianrushi/ide/mounriver/mounriver_studio/toolchain/risc-v embedded gcc/bin/../lib/gcc/riscv-none-embed/8.2.0/rv32imafc/ilp32f\libgcc.a
LOAD d:/qianrushi/ide/mounriver/mounriver_studio/toolchain/risc-v embedded gcc/bin/../lib/gcc/riscv-none-embed/8.2.0/../../../../riscv-none-embed/lib/rv32imafc/ilp32f\libc_nano.a
LOAD d:/qianrushi/ide/mounriver/mounriver_studio/toolchain/risc-v embedded gcc/bin/../lib/gcc/riscv-none-embed/8.2.0/../../../../riscv-none-embed/lib/rv32imafc/ilp32f\libnosys.a
END GROUP
START GROUP
LOAD d:/qianrushi/ide/mounriver/mounriver_studio/toolchain/risc-v embedded gcc/bin/../lib/gcc/riscv-none-embed/8.2.0/rv32imafc/ilp32f\libgcc.a
LOAD d:/qianrushi/ide/mounriver/mounriver_studio/toolchain/risc-v embedded gcc/bin/../lib/gcc/riscv-none-embed/8.2.0/../../../../riscv-none-embed/lib/rv32imafc/ilp32f\libc_nano.a
LOAD d:/qianrushi/ide/mounriver/mounriver_studio/toolchain/risc-v embedded gcc/bin/../lib/gcc/riscv-none-embed/8.2.0/../../../../riscv-none-embed/lib/rv32imafc/ilp32f\libnosys.a
END GROUP
                0x0000000000000800                __stack_size = 0x800
                [!provide]                        PROVIDE (_stack_size = __stack_size)

.init           0x0000000000000000       0x38
                0x0000000000000000                _sinit = .
                0x0000000000000000                . = ALIGN (0x4)
 *(SORT_NONE(.init))
 .init          0x0000000000000000       0x38 ./sdk/Startup/startup_ch32v30x_D8C.o
                0x0000000000000000                _start
                0x0000000000000038                . = ALIGN (0x4)
                0x0000000000000038                _einit = .

.vector         0x0000000000000038      0x1c8
 *(.vector)
 .vector        0x0000000000000038      0x1a0 ./sdk/Startup/startup_ch32v30x_D8C.o
                0x0000000000000200                . = ALIGN (0x40)
 *fill*         0x00000000000001d8       0x28 

.text           0x0000000000000200    0x122c4
                0x0000000000000200                . = ALIGN (0x4)
 *(.text)
 .text          0x0000000000000200       0xa8 d:/qianrushi/ide/mounriver/mounriver_studio/toolchain/risc-v embedded gcc/bin/../lib/gcc/riscv-none-embed/8.2.0/../../../../riscv-none-embed/lib/rv32imafc/ilp32f\libg_nano.a(lib_a-memset.o)
                0x0000000000000200                memset
 *(.text.*)
 .text.system_delay
                0x00000000000002a8       0x9a ./zf_driver/zf_driver_delay.o
                0x00000000000002a8                system_delay
 .text.dvp_gpio_init
                0x0000000000000342      0x102 ./zf_driver/zf_driver_dvp.o
                0x0000000000000342                dvp_gpio_init
 .text.dvp_camera_init
                0x0000000000000444      0x144 ./zf_driver/zf_driver_dvp.o
                0x0000000000000444                dvp_camera_init
 .text.gpio_set_level
                0x0000000000000588       0x78 ./zf_driver/zf_driver_gpio.o
                0x0000000000000588                gpio_set_level
 .text.gpio_get_level
                0x0000000000000600       0x42 ./zf_driver/zf_driver_gpio.o
                0x0000000000000600                gpio_get_level
 .text.gpio_init
                0x0000000000000642      0x15c ./zf_driver/zf_driver_gpio.o
                0x0000000000000642                gpio_init
 .text.pit_init
                0x000000000000079e      0x218 ./zf_driver/zf_driver_pit.o
                0x000000000000079e                pit_init
 .text.pwm_set_duty
                0x00000000000009b6      0x166 ./zf_driver/zf_driver_pwm.o
                0x00000000000009b6                pwm_set_duty
 .text.pwm_init
                0x0000000000000b1c      0x416 ./zf_driver/zf_driver_pwm.o
                0x0000000000000b1c                pwm_init
 .text.soft_iic_start
                0x0000000000000f32      0x128 ./zf_driver/zf_driver_soft_iic.o
 .text.soft_iic_stop
                0x000000000000105a      0x142 ./zf_driver/zf_driver_soft_iic.o
 .text.soft_iic_send_ack
                0x000000000000119c      0x196 ./zf_driver/zf_driver_soft_iic.o
 .text.soft_iic_wait_ack
                0x0000000000001332      0x160 ./zf_driver/zf_driver_soft_iic.o
 .text.soft_iic_send_data
                0x0000000000001492      0x16e ./zf_driver/zf_driver_soft_iic.o
 .text.soft_iic_read_data
                0x0000000000001600      0x1e8 ./zf_driver/zf_driver_soft_iic.o
 .text.soft_iic_sccb_write_register
                0x00000000000017e8       0x80 ./zf_driver/zf_driver_soft_iic.o
                0x00000000000017e8                soft_iic_sccb_write_register
 .text.soft_iic_sccb_read_register
                0x0000000000001868       0xb4 ./zf_driver/zf_driver_soft_iic.o
                0x0000000000001868                soft_iic_sccb_read_register
 .text.soft_iic_init
                0x000000000000191c       0xb2 ./zf_driver/zf_driver_soft_iic.o
                0x000000000000191c                soft_iic_init
 .text.spi_write_8bit
                0x00000000000019ce       0x6a ./zf_driver/zf_driver_spi.o
                0x00000000000019ce                spi_write_8bit
 .text.spi_write_16bit
                0x0000000000001a38       0xa6 ./zf_driver/zf_driver_spi.o
                0x0000000000001a38                spi_write_16bit
 .text.spi_init
                0x0000000000001ade      0x2f0 ./zf_driver/zf_driver_spi.o
                0x0000000000001ade                spi_init
 .text.timer_funciton_check
                0x0000000000001dce       0x66 ./zf_driver/zf_driver_timer.o
                0x0000000000001dce                timer_funciton_check
 .text.timer_clock_enable
                0x0000000000001e34       0xe2 ./zf_driver/zf_driver_timer.o
                0x0000000000001e34                timer_clock_enable
 .text.timer_get
                0x0000000000001f16       0xfe ./zf_driver/zf_driver_timer.o
                0x0000000000001f16                timer_get
 .text.timer_clear
                0x0000000000002014       0xc4 ./zf_driver/zf_driver_timer.o
                0x0000000000002014                timer_clear
 .text.uart_write_byte
                0x00000000000020d8       0x56 ./zf_driver/zf_driver_uart.o
                0x00000000000020d8                uart_write_byte
 .text.uart_write_buffer
                0x000000000000212e       0x64 ./zf_driver/zf_driver_uart.o
                0x000000000000212e                uart_write_buffer
 .text.uart_write_string
                0x0000000000002192       0x60 ./zf_driver/zf_driver_uart.o
                0x0000000000002192                uart_write_string
 .text.uart_rx_interrupt
                0x00000000000021f2       0x84 ./zf_driver/zf_driver_uart.o
                0x00000000000021f2                uart_rx_interrupt
 .text.uart_query_byte
                0x0000000000002276       0x5e ./zf_driver/zf_driver_uart.o
                0x0000000000002276                uart_query_byte
 .text.uart_init
                0x00000000000022d4      0x5a6 ./zf_driver/zf_driver_uart.o
                0x00000000000022d4                uart_init
 .text.camera_fifo_init
                0x000000000000287a       0x22 ./zf_device/zf_device_camera.o
                0x000000000000287a                camera_fifo_init
 .text.dm1xa_sound_callback
                0x000000000000289c       0xf6 ./zf_device/zf_device_dm1xa.o
                0x000000000000289c                dm1xa_sound_callback
 .text.dm1xa_light_callback
                0x0000000000002992       0x32 ./zf_device/zf_device_dm1xa.o
                0x0000000000002992                dm1xa_light_callback
 .text.gps_uart_callback
                0x00000000000029c4      0x10a ./zf_device/zf_device_gps_tau1201.o
                0x00000000000029c4                gps_uart_callback
 .text.ips200_write_data
                0x0000000000002ace       0x32 ./zf_device/zf_device_ips200.o
 .text.ips200_write_command
                0x0000000000002b00       0xf8 ./zf_device/zf_device_ips200.o
 .text.ips200_write_8bit_data
                0x0000000000002bf8       0x8a ./zf_device/zf_device_ips200.o
 .text.ips200_write_16bit_data
                0x0000000000002c82       0xca ./zf_device/zf_device_ips200.o
 .text.ips200_set_region
                0x0000000000002d4c       0xe6 ./zf_device/zf_device_ips200.o
 .text.ips200_debug_init
                0x0000000000002e32       0x7e ./zf_device/zf_device_ips200.o
 .text.ips200_clear
                0x0000000000002eb0       0x9e ./zf_device/zf_device_ips200.o
                0x0000000000002eb0                ips200_clear
 .text.ips200_set_dir
                0x0000000000002f4e       0x46 ./zf_device/zf_device_ips200.o
                0x0000000000002f4e                ips200_set_dir
 .text.ips200_set_color
                0x0000000000002f94       0x34 ./zf_device/zf_device_ips200.o
                0x0000000000002f94                ips200_set_color
 .text.ips200_draw_point
                0x0000000000002fc8       0xb4 ./zf_device/zf_device_ips200.o
                0x0000000000002fc8                ips200_draw_point
 .text.ips200_draw_line
                0x000000000000307c      0x244 ./zf_device/zf_device_ips200.o
                0x000000000000307c                ips200_draw_line
 .text.ips200_show_char
                0x00000000000032c0      0x2aa ./zf_device/zf_device_ips200.o
                0x00000000000032c0                ips200_show_char
 .text.ips200_show_string
                0x000000000000356a      0x11a ./zf_device/zf_device_ips200.o
                0x000000000000356a                ips200_show_string
 .text.ips200_show_float
                0x0000000000003684      0x1ac ./zf_device/zf_device_ips200.o
                0x0000000000003684                ips200_show_float
 .text.ips200_show_gray_image
                0x0000000000003830      0x23c ./zf_device/zf_device_ips200.o
                0x0000000000003830                ips200_show_gray_image
 .text.ips200_init
                0x0000000000003a6c      0x438 ./zf_device/zf_device_ips200.o
                0x0000000000003a6c                ips200_init
 .text.mt9v03x_set_config
                0x0000000000003ea4      0x14c ./zf_device/zf_device_mt9v03x_dvp.o
 .text.mt9v03x_get_config
                0x0000000000003ff0      0x174 ./zf_device/zf_device_mt9v03x_dvp.o
 .text.mt9v03x_uart_handler
                0x0000000000004164       0x44 ./zf_device/zf_device_mt9v03x_dvp.o
 .text.mt9v03x_dvp_handler
                0x00000000000041a8       0x14 ./zf_device/zf_device_mt9v03x_dvp.o
                0x00000000000041a8                mt9v03x_dvp_handler
 .text.mt9v03x_get_version
                0x00000000000041bc       0xda ./zf_device/zf_device_mt9v03x_dvp.o
                0x00000000000041bc                mt9v03x_get_version
 .text.mt9v03x_init
                0x0000000000004296      0x18a ./zf_device/zf_device_mt9v03x_dvp.o
                0x0000000000004296                mt9v03x_init
 .text.type_default_callback
                0x0000000000004420        0xe ./zf_device/zf_device_type.o
 .text.set_camera_type
                0x000000000000442e       0x52 ./zf_device/zf_device_type.o
                0x000000000000442e                set_camera_type
 .text.clock_reset
                0x0000000000004480       0x76 ./zf_common/zf_common_clock.o
 .text.clock_set_freq
                0x00000000000044f6      0x1d8 ./zf_common/zf_common_clock.o
 .text.clock_init
                0x00000000000046ce       0x2e ./zf_common/zf_common_clock.o
                0x00000000000046ce                clock_init
 .text.__NOP    0x00000000000046fc       0x10 ./zf_common/zf_common_debug.o
 .text.debug_delay
                0x000000000000470c       0x54 ./zf_common/zf_common_debug.o
 .text.debug_protective_handler
                0x0000000000004760        0xe ./zf_common/zf_common_debug.o
 .text.debug_uart_str_output
                0x000000000000476e       0x20 ./zf_common/zf_common_debug.o
 .text.debug_output
                0x000000000000478e      0x564 ./zf_common/zf_common_debug.o
 .text._write   0x0000000000004cf2       0x7c ./zf_common/zf_common_debug.o
                0x0000000000004cf2                _write
 .text.debug_assert_handler
                0x0000000000004d6e       0x68 ./zf_common/zf_common_debug.o
                0x0000000000004d6e                debug_assert_handler
 .text.debug_log_handler
                0x0000000000004dd6       0x4e ./zf_common/zf_common_debug.o
                0x0000000000004dd6                debug_log_handler
 .text.debug_output_struct_init
                0x0000000000004e24       0x5a ./zf_common/zf_common_debug.o
                0x0000000000004e24                debug_output_struct_init
 .text.debug_output_init
                0x0000000000004e7e       0xa8 ./zf_common/zf_common_debug.o
                0x0000000000004e7e                debug_output_init
 .text.debug_init
                0x0000000000004f26       0x4a ./zf_common/zf_common_debug.o
                0x0000000000004f26                debug_init
 .text.fifo_head_offset
                0x0000000000004f70       0x4e ./zf_common/zf_common_fifo.o
 .text.fifo_end_offset
                0x0000000000004fbe       0x4e ./zf_common/zf_common_fifo.o
 .text.fifo_clear
                0x000000000000500c      0x100 ./zf_common/zf_common_fifo.o
                0x000000000000500c                fifo_clear
 .text.fifo_used
                0x000000000000510c       0x44 ./zf_common/zf_common_fifo.o
                0x000000000000510c                fifo_used
 .text.fifo_write_element
                0x0000000000005150      0x118 ./zf_common/zf_common_fifo.o
                0x0000000000005150                fifo_write_element
 .text.fifo_write_buffer
                0x0000000000005268      0x304 ./zf_common/zf_common_fifo.o
                0x0000000000005268                fifo_write_buffer
 .text.fifo_read_buffer
                0x000000000000556c      0x2e0 ./zf_common/zf_common_fifo.o
                0x000000000000556c                fifo_read_buffer
 .text.fifo_init
                0x000000000000584c       0x96 ./zf_common/zf_common_fifo.o
                0x000000000000584c                fifo_init
 .text.func_float_to_str
                0x00000000000058e2      0x260 ./zf_common/zf_common_function.o
                0x00000000000058e2                func_float_to_str
 .text.__enable_irq
                0x0000000000005b42       0x18 ./zf_common/zf_common_interrupt.o
 .text.__disable_irq
                0x0000000000005b5a       0x14 ./zf_common/zf_common_interrupt.o
 .text.NVIC_EnableIRQ
                0x0000000000005b6e       0x32 ./zf_common/zf_common_interrupt.o
 .text.NVIC_DisableIRQ
                0x0000000000005ba0       0x32 ./zf_common/zf_common_interrupt.o
 .text.NVIC_SetPriority
                0x0000000000005bd2       0x2a ./zf_common/zf_common_interrupt.o
 .text.interrupt_enable
                0x0000000000005bfc       0x1e ./zf_common/zf_common_interrupt.o
                0x0000000000005bfc                interrupt_enable
 .text.interrupt_disable
                0x0000000000005c1a       0x1e ./zf_common/zf_common_interrupt.o
                0x0000000000005c1a                interrupt_disable
 .text.interrupt_set_priority
                0x0000000000005c38       0x2a ./zf_common/zf_common_interrupt.o
                0x0000000000005c38                interrupt_set_priority
 .text.interrupt_global_enable
                0x0000000000005c62       0x32 ./zf_common/zf_common_interrupt.o
                0x0000000000005c62                interrupt_global_enable
 .text.interrupt_global_disable
                0x0000000000005c94       0x2c ./zf_common/zf_common_interrupt.o
                0x0000000000005c94                interrupt_global_disable
 .text.interrupt_init
                0x0000000000005cc0       0x18 ./zf_common/zf_common_interrupt.o
                0x0000000000005cc0                interrupt_init
 .text.USART1_IRQHandler
                0x0000000000005cd8       0x84 ./user_c/isr.o
                0x0000000000005cd8                USART1_IRQHandler
 .text.USART2_IRQHandler
                0x0000000000005d5c       0x84 ./user_c/isr.o
                0x0000000000005d5c                USART2_IRQHandler
 .text.USART3_IRQHandler
                0x0000000000005de0       0x84 ./user_c/isr.o
                0x0000000000005de0                USART3_IRQHandler
 .text.UART4_IRQHandler
                0x0000000000005e64       0x84 ./user_c/isr.o
                0x0000000000005e64                UART4_IRQHandler
 .text.UART5_IRQHandler
                0x0000000000005ee8       0x82 ./user_c/isr.o
                0x0000000000005ee8                UART5_IRQHandler
 .text.UART6_IRQHandler
                0x0000000000005f6a       0x84 ./user_c/isr.o
                0x0000000000005f6a                UART6_IRQHandler
 .text.UART7_IRQHandler
                0x0000000000005fee       0x8a ./user_c/isr.o
                0x0000000000005fee                UART7_IRQHandler
 .text.UART8_IRQHandler
                0x0000000000006078       0x80 ./user_c/isr.o
                0x0000000000006078                UART8_IRQHandler
 .text.DVP_IRQHandler
                0x00000000000060f8       0x90 ./user_c/isr.o
                0x00000000000060f8                DVP_IRQHandler
 .text.EXTI0_IRQHandler
                0x0000000000006188       0x74 ./user_c/isr.o
                0x0000000000006188                EXTI0_IRQHandler
 .text.EXTI1_IRQHandler
                0x00000000000061fc       0x74 ./user_c/isr.o
                0x00000000000061fc                EXTI1_IRQHandler
 .text.EXTI2_IRQHandler
                0x0000000000006270       0x74 ./user_c/isr.o
                0x0000000000006270                EXTI2_IRQHandler
 .text.EXTI3_IRQHandler
                0x00000000000062e4       0x74 ./user_c/isr.o
                0x00000000000062e4                EXTI3_IRQHandler
 .text.EXTI4_IRQHandler
                0x0000000000006358       0x74 ./user_c/isr.o
                0x0000000000006358                EXTI4_IRQHandler
 .text.EXTI9_5_IRQHandler
                0x00000000000063cc       0xd8 ./user_c/isr.o
                0x00000000000063cc                EXTI9_5_IRQHandler
 .text.EXTI15_10_IRQHandler
                0x00000000000064a4       0xec ./user_c/isr.o
                0x00000000000064a4                EXTI15_10_IRQHandler
 .text.TIM1_UP_IRQHandler
                0x0000000000006590       0x80 ./user_c/isr.o
                0x0000000000006590                TIM1_UP_IRQHandler
 .text.TIM2_IRQHandler
                0x0000000000006610       0x78 ./user_c/isr.o
                0x0000000000006610                TIM2_IRQHandler
 .text.TIM3_IRQHandler
                0x0000000000006688       0x80 ./user_c/isr.o
                0x0000000000006688                TIM3_IRQHandler
 .text.TIM4_IRQHandler
                0x0000000000006708       0x80 ./user_c/isr.o
                0x0000000000006708                TIM4_IRQHandler
 .text.TIM5_IRQHandler
                0x0000000000006788       0x80 ./user_c/isr.o
                0x0000000000006788                TIM5_IRQHandler
 .text.TIM6_IRQHandler
                0x0000000000006808       0xec ./user_c/isr.o
                0x0000000000006808                TIM6_IRQHandler
 .text.TIM7_IRQHandler
                0x00000000000068f4       0x84 ./user_c/isr.o
                0x00000000000068f4                TIM7_IRQHandler
 .text.TIM8_UP_IRQHandler
                0x0000000000006978       0x80 ./user_c/isr.o
                0x0000000000006978                TIM8_UP_IRQHandler
 .text.TIM9_UP_IRQHandler
                0x00000000000069f8       0x80 ./user_c/isr.o
                0x00000000000069f8                TIM9_UP_IRQHandler
 .text.TIM10_UP_IRQHandler
                0x0000000000006a78       0x78 ./user_c/isr.o
                0x0000000000006a78                TIM10_UP_IRQHandler
 .text.NMI_Handler
                0x0000000000006af0       0x10 ./user_c/isr.o
                0x0000000000006af0                NMI_Handler
 .text.HardFault_Handler
                0x0000000000006b00        0x8 ./user_c/isr.o
                0x0000000000006b00                HardFault_Handler
 .text.main     0x0000000000006b08       0x40 ./user_c/main.o
                0x0000000000006b08                main
 .text.vector_handler
                0x0000000000006b48       0xbe ./sdk/Startup/startup_ch32v30x_D8C.o
                0x0000000000006b4c                Ecall_M_Mode_Handler
                0x0000000000006b4e                Ecall_U_Mode_Handler
                0x0000000000006b50                Break_Point_Handler
                0x0000000000006b52                SysTick_Handler
                0x0000000000006b54                SW_Handler
                0x0000000000006b56                WWDG_IRQHandler
                0x0000000000006b58                PVD_IRQHandler
                0x0000000000006b5a                TAMPER_IRQHandler
                0x0000000000006b5c                RTC_IRQHandler
                0x0000000000006b5e                FLASH_IRQHandler
                0x0000000000006b60                RCC_IRQHandler
                0x0000000000006b6c                DMA1_Channel1_IRQHandler
                0x0000000000006b6e                DMA1_Channel2_IRQHandler
                0x0000000000006b70                DMA1_Channel3_IRQHandler
                0x0000000000006b72                DMA1_Channel4_IRQHandler
                0x0000000000006b74                DMA1_Channel5_IRQHandler
                0x0000000000006b76                DMA1_Channel6_IRQHandler
                0x0000000000006b78                DMA1_Channel7_IRQHandler
                0x0000000000006b7a                ADC1_2_IRQHandler
                0x0000000000006b7c                USB_HP_CAN1_TX_IRQHandler
                0x0000000000006b7e                USB_LP_CAN1_RX0_IRQHandler
                0x0000000000006b80                CAN1_RX1_IRQHandler
                0x0000000000006b82                CAN1_SCE_IRQHandler
                0x0000000000006b86                TIM1_BRK_IRQHandler
                0x0000000000006b8a                TIM1_TRG_COM_IRQHandler
                0x0000000000006b8c                TIM1_CC_IRQHandler
                0x0000000000006b94                I2C1_EV_IRQHandler
                0x0000000000006b96                I2C1_ER_IRQHandler
                0x0000000000006b98                I2C2_EV_IRQHandler
                0x0000000000006b9a                I2C2_ER_IRQHandler
                0x0000000000006b9c                SPI1_IRQHandler
                0x0000000000006b9e                SPI2_IRQHandler
                0x0000000000006ba8                RTCAlarm_IRQHandler
                0x0000000000006baa                USBWakeUp_IRQHandler
                0x0000000000006bac                TIM8_BRK_IRQHandler
                0x0000000000006bb0                TIM8_TRG_COM_IRQHandler
                0x0000000000006bb2                TIM8_CC_IRQHandler
                0x0000000000006bb4                RNG_IRQHandler
                0x0000000000006bb6                FSMC_IRQHandler
                0x0000000000006bb8                SDIO_IRQHandler
                0x0000000000006bbc                SPI3_IRQHandler
                0x0000000000006bc6                DMA2_Channel1_IRQHandler
                0x0000000000006bc8                DMA2_Channel2_IRQHandler
                0x0000000000006bca                DMA2_Channel3_IRQHandler
                0x0000000000006bcc                DMA2_Channel4_IRQHandler
                0x0000000000006bce                DMA2_Channel5_IRQHandler
                0x0000000000006bd0                ETH_IRQHandler
                0x0000000000006bd2                ETH_WKUP_IRQHandler
                0x0000000000006bd4                CAN2_TX_IRQHandler
                0x0000000000006bd6                CAN2_RX0_IRQHandler
                0x0000000000006bd8                CAN2_RX1_IRQHandler
                0x0000000000006bda                CAN2_SCE_IRQHandler
                0x0000000000006bde                USBHSWakeup_IRQHandler
                0x0000000000006be0                USBHS_IRQHandler
                0x0000000000006bea                TIM9_BRK_IRQHandler
                0x0000000000006bee                TIM9_TRG_COM_IRQHandler
                0x0000000000006bf0                TIM9_CC_IRQHandler
                0x0000000000006bf2                TIM10_BRK_IRQHandler
                0x0000000000006bf6                TIM10_TRG_COM_IRQHandler
                0x0000000000006bf8                TIM10_CC_IRQHandler
                0x0000000000006bfa                DMA2_Channel6_IRQHandler
                0x0000000000006bfc                DMA2_Channel7_IRQHandler
                0x0000000000006bfe                DMA2_Channel8_IRQHandler
                0x0000000000006c00                DMA2_Channel9_IRQHandler
                0x0000000000006c02                DMA2_Channel10_IRQHandler
                0x0000000000006c04                DMA2_Channel11_IRQHandler
 .text.handle_reset
                0x0000000000006c06       0x8a ./sdk/Startup/startup_ch32v30x_D8C.o
                0x0000000000006c06                handle_reset
 .text.EXTI_GetITStatus
                0x0000000000006c90       0x56 ./sdk/Peripheral/ch32v30x_exti.o
                0x0000000000006c90                EXTI_GetITStatus
 .text.EXTI_ClearITPendingBit
                0x0000000000006ce6       0x20 ./sdk/Peripheral/ch32v30x_exti.o
                0x0000000000006ce6                EXTI_ClearITPendingBit
 .text.GPIO_Init
                0x0000000000006d06      0x22a ./sdk/Peripheral/ch32v30x_gpio.o
                0x0000000000006d06                GPIO_Init
 .text.GPIO_WriteBit
                0x0000000000006f30       0x38 ./sdk/Peripheral/ch32v30x_gpio.o
                0x0000000000006f30                GPIO_WriteBit
 .text.GPIO_PinRemapConfig
                0x0000000000006f68      0x1c8 ./sdk/Peripheral/ch32v30x_gpio.o
                0x0000000000006f68                GPIO_PinRemapConfig
 .text.RCC_GetClocksFreq
                0x0000000000007130      0x2c6 ./sdk/Peripheral/ch32v30x_rcc.o
                0x0000000000007130                RCC_GetClocksFreq
 .text.RCC_AHBPeriphClockCmd
                0x00000000000073f6       0x46 ./sdk/Peripheral/ch32v30x_rcc.o
                0x00000000000073f6                RCC_AHBPeriphClockCmd
 .text.RCC_APB2PeriphClockCmd
                0x000000000000743c       0x46 ./sdk/Peripheral/ch32v30x_rcc.o
                0x000000000000743c                RCC_APB2PeriphClockCmd
 .text.RCC_APB1PeriphClockCmd
                0x0000000000007482       0x46 ./sdk/Peripheral/ch32v30x_rcc.o
                0x0000000000007482                RCC_APB1PeriphClockCmd
 .text.RCC_APB2PeriphResetCmd
                0x00000000000074c8       0x46 ./sdk/Peripheral/ch32v30x_rcc.o
                0x00000000000074c8                RCC_APB2PeriphResetCmd
 .text.RCC_APB1PeriphResetCmd
                0x000000000000750e       0x46 ./sdk/Peripheral/ch32v30x_rcc.o
                0x000000000000750e                RCC_APB1PeriphResetCmd
 .text.SPI_I2S_DeInit
                0x0000000000007554       0x76 ./sdk/Peripheral/ch32v30x_spi.o
                0x0000000000007554                SPI_I2S_DeInit
 .text.SPI_Init
                0x00000000000075ca       0xf8 ./sdk/Peripheral/ch32v30x_spi.o
                0x00000000000075ca                SPI_Init
 .text.SPI_Cmd  0x00000000000076c2       0x5a ./sdk/Peripheral/ch32v30x_spi.o
                0x00000000000076c2                SPI_Cmd
 .text.TIM_TimeBaseInit
                0x000000000000771c      0x17e ./sdk/Peripheral/ch32v30x_tim.o
                0x000000000000771c                TIM_TimeBaseInit
 .text.TIM_OC1Init
                0x000000000000789a      0x19c ./sdk/Peripheral/ch32v30x_tim.o
                0x000000000000789a                TIM_OC1Init
 .text.TIM_OC2Init
                0x0000000000007a36      0x1e2 ./sdk/Peripheral/ch32v30x_tim.o
                0x0000000000007a36                TIM_OC2Init
 .text.TIM_OC3Init
                0x0000000000007c18      0x1dc ./sdk/Peripheral/ch32v30x_tim.o
                0x0000000000007c18                TIM_OC3Init
 .text.TIM_OC4Init
                0x0000000000007df4      0x176 ./sdk/Peripheral/ch32v30x_tim.o
                0x0000000000007df4                TIM_OC4Init
 .text.TIM_Cmd  0x0000000000007f6a       0x58 ./sdk/Peripheral/ch32v30x_tim.o
                0x0000000000007f6a                TIM_Cmd
 .text.TIM_CtrlPWMOutputs
                0x0000000000007fc2       0x60 ./sdk/Peripheral/ch32v30x_tim.o
                0x0000000000007fc2                TIM_CtrlPWMOutputs
 .text.TIM_ITConfig
                0x0000000000008022       0x70 ./sdk/Peripheral/ch32v30x_tim.o
                0x0000000000008022                TIM_ITConfig
 .text.TIM_OC1PreloadConfig
                0x0000000000008092       0x4c ./sdk/Peripheral/ch32v30x_tim.o
                0x0000000000008092                TIM_OC1PreloadConfig
 .text.TIM_OC2PreloadConfig
                0x00000000000080de       0x5a ./sdk/Peripheral/ch32v30x_tim.o
                0x00000000000080de                TIM_OC2PreloadConfig
 .text.TIM_OC3PreloadConfig
                0x0000000000008138       0x4c ./sdk/Peripheral/ch32v30x_tim.o
                0x0000000000008138                TIM_OC3PreloadConfig
 .text.TIM_OC4PreloadConfig
                0x0000000000008184       0x5a ./sdk/Peripheral/ch32v30x_tim.o
                0x0000000000008184                TIM_OC4PreloadConfig
 .text.TIM_OC1FastConfig
                0x00000000000081de       0x4c ./sdk/Peripheral/ch32v30x_tim.o
                0x00000000000081de                TIM_OC1FastConfig
 .text.TIM_OC2FastConfig
                0x000000000000822a       0x56 ./sdk/Peripheral/ch32v30x_tim.o
                0x000000000000822a                TIM_OC2FastConfig
 .text.TIM_OC3FastConfig
                0x0000000000008280       0x4c ./sdk/Peripheral/ch32v30x_tim.o
                0x0000000000008280                TIM_OC3FastConfig
 .text.TIM_OC4FastConfig
                0x00000000000082cc       0x56 ./sdk/Peripheral/ch32v30x_tim.o
                0x00000000000082cc                TIM_OC4FastConfig
 .text.TIM_GetITStatus
                0x0000000000008322       0x70 ./sdk/Peripheral/ch32v30x_tim.o
                0x0000000000008322                TIM_GetITStatus
 .text.TIM_ClearITPendingBit
                0x0000000000008392       0x2e ./sdk/Peripheral/ch32v30x_tim.o
                0x0000000000008392                TIM_ClearITPendingBit
 .text.USART_Init
                0x00000000000083c0      0x234 ./sdk/Peripheral/ch32v30x_usart.o
                0x00000000000083c0                USART_Init
 .text.USART_Cmd
                0x00000000000085f4       0x60 ./sdk/Peripheral/ch32v30x_usart.o
                0x00000000000085f4                USART_Cmd
 .text.USART_ITConfig
                0x0000000000008654       0xc4 ./sdk/Peripheral/ch32v30x_usart.o
                0x0000000000008654                USART_ITConfig
 .text.USART_SendData
                0x0000000000008718       0x2e ./sdk/Peripheral/ch32v30x_usart.o
                0x0000000000008718                USART_SendData
 .text.USART_GetFlagStatus
                0x0000000000008746       0x46 ./sdk/Peripheral/ch32v30x_usart.o
                0x0000000000008746                USART_GetFlagStatus
 .text.USART_GetITStatus
                0x000000000000878c      0x102 ./sdk/Peripheral/ch32v30x_usart.o
                0x000000000000878c                USART_GetITStatus
 .text.USART_ClearITPendingBit
                0x000000000000888e       0x4e ./sdk/Peripheral/ch32v30x_usart.o
                0x000000000000888e                USART_ClearITPendingBit
 .text.DevEP1_IN_Deal
                0x00000000000088dc       0x3e ./sdk/Peripheral/ch32v30x_usbotg_device.o
                0x00000000000088dc                DevEP1_IN_Deal
 .text.DevEP2_IN_Deal
                0x000000000000891a       0x3e ./sdk/Peripheral/ch32v30x_usbotg_device.o
                0x000000000000891a                DevEP2_IN_Deal
 .text.DevEP1_OUT_Deal
                0x0000000000008958       0x66 ./sdk/Peripheral/ch32v30x_usbotg_device.o
                0x0000000000008958                DevEP1_OUT_Deal
 .text.DevEP2_OUT_Deal
                0x00000000000089be       0x66 ./sdk/Peripheral/ch32v30x_usbotg_device.o
                0x00000000000089be                DevEP2_OUT_Deal
 .text.OTG_FS_IRQHandler
                0x0000000000008a24      0xcd6 ./sdk/Peripheral/ch32v30x_usbotg_device.o
                0x0000000000008a24                OTG_FS_IRQHandler
 .text.otsuThreshold
                0x00000000000096fa      0x442 ./code/imgproc.o
                0x00000000000096fa                otsuThreshold
 .text.turn_to_bin
                0x0000000000009b3c       0xe8 ./code/imgproc.o
                0x0000000000009b3c                turn_to_bin
 .text.BinThreshold
                0x0000000000009c24      0x490 ./code/imgproc.o
                0x0000000000009c24                BinThreshold
 .text.Draw_Side
                0x000000000000a0b4       0xbe ./code/imgproc.o
                0x000000000000a0b4                Draw_Side
 .text.ImagePerspective_Init
                0x000000000000a172      0x1f2 ./code/imgproc.o
                0x000000000000a172                ImagePerspective_Init
 .text.JudgeLeftorRight
                0x000000000000a364       0x66 ./code/imgproc.o
                0x000000000000a364                JudgeLeftorRight
 .text.FindLineFromOneSide
                0x000000000000a3ca       0xdc ./code/imgproc.o
                0x000000000000a3ca                FindLineFromOneSide
 .text.regression
                0x000000000000a4a6      0x184 ./code/mathh.o
                0x000000000000a4a6                regression
 .text.motor_init
                0x000000000000a62a       0x5a ./code/motor.o
                0x000000000000a62a                motor_init
 .text.motor_control
                0x000000000000a684      0x10a ./code/motor.o
                0x000000000000a684                motor_control
 .text.IMG_pit_init
                0x000000000000a78e       0x36 ./code/pit.o
                0x000000000000a78e                IMG_pit_init
 .text.Servo_pit_init
                0x000000000000a7c4       0x36 ./code/pit.o
                0x000000000000a7c4                Servo_pit_init
 .text.servo_init
                0x000000000000a7fa       0x24 ./code/servo.o
                0x000000000000a7fa                servo_init
 .text.servo_control
                0x000000000000a81e       0xa8 ./code/servo.o
                0x000000000000a81e                servo_control
 .text.servo_base_pid
                0x000000000000a8c6       0x7c ./code/servo.o
                0x000000000000a8c6                servo_base_pid
 .text.AngleErr
                0x000000000000a942       0xba ./code/servo.o
                0x000000000000a942                AngleErr
 .text.mt9v03x_write_word_sccb
                0x000000000000a9fc       0x34 C:\Users\lid\Desktop\ch_car_ver3_4（种子生成+逆透视）\libraries\zf_device\libzf_device_config.a(zf_device_config.o)
 .text.mt9v03x_set_config_sccb
                0x000000000000aa30      0x614 C:\Users\lid\Desktop\ch_car_ver3_4（种子生成+逆透视）\libraries\zf_device\libzf_device_config.a(zf_device_config.o)
                0x000000000000aa30                mt9v03x_set_config_sccb
 .text.__adddf3
                0x000000000000b044      0xa0e d:/qianrushi/ide/mounriver/mounriver_studio/toolchain/risc-v embedded gcc/bin/../lib/gcc/riscv-none-embed/8.2.0/rv32imafc/ilp32f\libgcc.a(adddf3.o)
                0x000000000000b044                __adddf3
 .text.__divdf3
                0x000000000000ba52      0x7ea d:/qianrushi/ide/mounriver/mounriver_studio/toolchain/risc-v embedded gcc/bin/../lib/gcc/riscv-none-embed/8.2.0/rv32imafc/ilp32f\libgcc.a(divdf3.o)
                0x000000000000ba52                __divdf3
 .text.__eqdf2  0x000000000000c23c       0x98 d:/qianrushi/ide/mounriver/mounriver_studio/toolchain/risc-v embedded gcc/bin/../lib/gcc/riscv-none-embed/8.2.0/rv32imafc/ilp32f\libgcc.a(eqdf2.o)
                0x000000000000c23c                __nedf2
                0x000000000000c23c                __eqdf2
 .text.__gedf2  0x000000000000c2d4       0xb6 d:/qianrushi/ide/mounriver/mounriver_studio/toolchain/risc-v embedded gcc/bin/../lib/gcc/riscv-none-embed/8.2.0/rv32imafc/ilp32f\libgcc.a(gedf2.o)
                0x000000000000c2d4                __gedf2
                0x000000000000c2d4                __gtdf2
 .text.__ledf2  0x000000000000c38a       0xb6 d:/qianrushi/ide/mounriver/mounriver_studio/toolchain/risc-v embedded gcc/bin/../lib/gcc/riscv-none-embed/8.2.0/rv32imafc/ilp32f\libgcc.a(ledf2.o)
                0x000000000000c38a                __ledf2
                0x000000000000c38a                __ltdf2
 .text.__muldf3
                0x000000000000c440      0x656 d:/qianrushi/ide/mounriver/mounriver_studio/toolchain/risc-v embedded gcc/bin/../lib/gcc/riscv-none-embed/8.2.0/rv32imafc/ilp32f\libgcc.a(muldf3.o)
                0x000000000000c440                __muldf3
 .text.__subdf3
                0x000000000000ca96      0xa8c d:/qianrushi/ide/mounriver/mounriver_studio/toolchain/risc-v embedded gcc/bin/../lib/gcc/riscv-none-embed/8.2.0/rv32imafc/ilp32f\libgcc.a(subdf3.o)
                0x000000000000ca96                __subdf3
 .text.__unorddf2
                0x000000000000d522       0x7c d:/qianrushi/ide/mounriver/mounriver_studio/toolchain/risc-v embedded gcc/bin/../lib/gcc/riscv-none-embed/8.2.0/rv32imafc/ilp32f\libgcc.a(unorddf2.o)
                0x000000000000d522                __unorddf2
 .text.__fixdfsi
                0x000000000000d59e       0xd8 d:/qianrushi/ide/mounriver/mounriver_studio/toolchain/risc-v embedded gcc/bin/../lib/gcc/riscv-none-embed/8.2.0/rv32imafc/ilp32f\libgcc.a(fixdfsi.o)
                0x000000000000d59e                __fixdfsi
 .text.__fixunsdfsi
                0x000000000000d676       0x9e d:/qianrushi/ide/mounriver/mounriver_studio/toolchain/risc-v embedded gcc/bin/../lib/gcc/riscv-none-embed/8.2.0/rv32imafc/ilp32f\libgcc.a(fixunsdfsi.o)
                0x000000000000d676                __fixunsdfsi
 .text.__floatsidf
                0x000000000000d714       0x70 d:/qianrushi/ide/mounriver/mounriver_studio/toolchain/risc-v embedded gcc/bin/../lib/gcc/riscv-none-embed/8.2.0/rv32imafc/ilp32f\libgcc.a(floatsidf.o)
                0x000000000000d714                __floatsidf
 .text.__floatunsidf
                0x000000000000d784       0x66 d:/qianrushi/ide/mounriver/mounriver_studio/toolchain/risc-v embedded gcc/bin/../lib/gcc/riscv-none-embed/8.2.0/rv32imafc/ilp32f\libgcc.a(floatunsidf.o)
                0x000000000000d784                __floatunsidf
 .text.__extendsfdf2
                0x000000000000d7ea       0xe8 d:/qianrushi/ide/mounriver/mounriver_studio/toolchain/risc-v embedded gcc/bin/../lib/gcc/riscv-none-embed/8.2.0/rv32imafc/ilp32f\libgcc.a(extendsfdf2.o)
                0x000000000000d7ea                __extendsfdf2
 .text.__clzsi2
                0x000000000000d8d2       0x76 d:/qianrushi/ide/mounriver/mounriver_studio/toolchain/risc-v embedded gcc/bin/../lib/gcc/riscv-none-embed/8.2.0/rv32imafc/ilp32f\libgcc.a(_clzsi2.o)
                0x000000000000d8d2                __clzsi2
 .text.memcpy   0x000000000000d948       0xb6 d:/qianrushi/ide/mounriver/mounriver_studio/toolchain/risc-v embedded gcc/bin/../lib/gcc/riscv-none-embed/8.2.0/../../../../riscv-none-embed/lib/rv32imafc/ilp32f\libg_nano.a(lib_a-memcpy.o)
                0x000000000000d948                memcpy
 .text.__cvt    0x000000000000d9fe       0xee d:/qianrushi/ide/mounriver/mounriver_studio/toolchain/risc-v embedded gcc/bin/../lib/gcc/riscv-none-embed/8.2.0/../../../../riscv-none-embed/lib/rv32imafc/ilp32f\libg_nano.a(lib_a-nano-vfprintf_float.o)
                0x000000000000d9fe                __cvt
 .text.__exponent
                0x000000000000daec       0x8c d:/qianrushi/ide/mounriver/mounriver_studio/toolchain/risc-v embedded gcc/bin/../lib/gcc/riscv-none-embed/8.2.0/../../../../riscv-none-embed/lib/rv32imafc/ilp32f\libg_nano.a(lib_a-nano-vfprintf_float.o)
                0x000000000000daec                __exponent
 .text._printf_float
                0x000000000000db78      0x4c4 d:/qianrushi/ide/mounriver/mounriver_studio/toolchain/risc-v embedded gcc/bin/../lib/gcc/riscv-none-embed/8.2.0/../../../../riscv-none-embed/lib/rv32imafc/ilp32f\libg_nano.a(lib_a-nano-vfprintf_float.o)
                0x000000000000db78                _printf_float
 .text._printf_common
                0x000000000000e03c      0x10c d:/qianrushi/ide/mounriver/mounriver_studio/toolchain/risc-v embedded gcc/bin/../lib/gcc/riscv-none-embed/8.2.0/../../../../riscv-none-embed/lib/rv32imafc/ilp32f\libg_nano.a(lib_a-nano-vfprintf_i.o)
                0x000000000000e03c                _printf_common
 .text._printf_i
                0x000000000000e148      0x2ac d:/qianrushi/ide/mounriver/mounriver_studio/toolchain/risc-v embedded gcc/bin/../lib/gcc/riscv-none-embed/8.2.0/../../../../riscv-none-embed/lib/rv32imafc/ilp32f\libg_nano.a(lib_a-nano-vfprintf_i.o)
                0x000000000000e148                _printf_i
 .text.printf   0x000000000000e3f4       0x42 d:/qianrushi/ide/mounriver/mounriver_studio/toolchain/risc-v embedded gcc/bin/../lib/gcc/riscv-none-embed/8.2.0/../../../../riscv-none-embed/lib/rv32imafc/ilp32f\libg_nano.a(lib_a-printf.o)
                0x000000000000e3f4                iprintf
                0x000000000000e3f4                printf
 .text.sprintf  0x000000000000e436       0x46 d:/qianrushi/ide/mounriver/mounriver_studio/toolchain/risc-v embedded gcc/bin/../lib/gcc/riscv-none-embed/8.2.0/../../../../riscv-none-embed/lib/rv32imafc/ilp32f\libg_nano.a(lib_a-sprintf.o)
                0x000000000000e436                siprintf
                0x000000000000e436                sprintf
 .text.strlen   0x000000000000e47c       0x12 d:/qianrushi/ide/mounriver/mounriver_studio/toolchain/risc-v embedded gcc/bin/../lib/gcc/riscv-none-embed/8.2.0/../../../../riscv-none-embed/lib/rv32imafc/ilp32f\libg_nano.a(lib_a-strlen.o)
                0x000000000000e47c                strlen
 .text.strncmp  0x000000000000e48e       0x2c d:/qianrushi/ide/mounriver/mounriver_studio/toolchain/risc-v embedded gcc/bin/../lib/gcc/riscv-none-embed/8.2.0/../../../../riscv-none-embed/lib/rv32imafc/ilp32f\libg_nano.a(lib_a-strncmp.o)
                0x000000000000e48e                strncmp
 .text.quorem   0x000000000000e4ba      0x13a d:/qianrushi/ide/mounriver/mounriver_studio/toolchain/risc-v embedded gcc/bin/../lib/gcc/riscv-none-embed/8.2.0/../../../../riscv-none-embed/lib/rv32imafc/ilp32f\libg_nano.a(lib_a-dtoa.o)
 .text._dtoa_r  0x000000000000e5f4      0xbea d:/qianrushi/ide/mounriver/mounriver_studio/toolchain/risc-v embedded gcc/bin/../lib/gcc/riscv-none-embed/8.2.0/../../../../riscv-none-embed/lib/rv32imafc/ilp32f\libg_nano.a(lib_a-dtoa.o)
                0x000000000000e5f4                _dtoa_r
 .text.std      0x000000000000f1de       0x6a d:/qianrushi/ide/mounriver/mounriver_studio/toolchain/risc-v embedded gcc/bin/../lib/gcc/riscv-none-embed/8.2.0/../../../../riscv-none-embed/lib/rv32imafc/ilp32f\libg_nano.a(lib_a-findfp.o)
 .text._cleanup_r
                0x000000000000f248        0xa d:/qianrushi/ide/mounriver/mounriver_studio/toolchain/risc-v embedded gcc/bin/../lib/gcc/riscv-none-embed/8.2.0/../../../../riscv-none-embed/lib/rv32imafc/ilp32f\libg_nano.a(lib_a-findfp.o)
                0x000000000000f248                _cleanup_r
 .text.__sfmoreglue
                0x000000000000f252       0x48 d:/qianrushi/ide/mounriver/mounriver_studio/toolchain/risc-v embedded gcc/bin/../lib/gcc/riscv-none-embed/8.2.0/../../../../riscv-none-embed/lib/rv32imafc/ilp32f\libg_nano.a(lib_a-findfp.o)
                0x000000000000f252                __sfmoreglue
 .text.__sinit  0x000000000000f29a       0x6c d:/qianrushi/ide/mounriver/mounriver_studio/toolchain/risc-v embedded gcc/bin/../lib/gcc/riscv-none-embed/8.2.0/../../../../riscv-none-embed/lib/rv32imafc/ilp32f\libg_nano.a(lib_a-findfp.o)
                0x000000000000f29a                __sinit
 .text.__sfp    0x000000000000f306       0xa0 d:/qianrushi/ide/mounriver/mounriver_studio/toolchain/risc-v embedded gcc/bin/../lib/gcc/riscv-none-embed/8.2.0/../../../../riscv-none-embed/lib/rv32imafc/ilp32f\libg_nano.a(lib_a-findfp.o)
                0x000000000000f306                __sfp
 .text._fwalk_reent
                0x000000000000f3a6       0x6c d:/qianrushi/ide/mounriver/mounriver_studio/toolchain/risc-v embedded gcc/bin/../lib/gcc/riscv-none-embed/8.2.0/../../../../riscv-none-embed/lib/rv32imafc/ilp32f\libg_nano.a(lib_a-fwalk.o)
                0x000000000000f3a6                _fwalk_reent
 .text._localeconv_r
                0x000000000000f412       0x18 d:/qianrushi/ide/mounriver/mounriver_studio/toolchain/risc-v embedded gcc/bin/../lib/gcc/riscv-none-embed/8.2.0/../../../../riscv-none-embed/lib/rv32imafc/ilp32f\libg_nano.a(lib_a-localeconv.o)
                0x000000000000f412                _localeconv_r
 .text.malloc   0x000000000000f42a        0xc d:/qianrushi/ide/mounriver/mounriver_studio/toolchain/risc-v embedded gcc/bin/../lib/gcc/riscv-none-embed/8.2.0/../../../../riscv-none-embed/lib/rv32imafc/ilp32f\libg_nano.a(lib_a-malloc.o)
                0x000000000000f42a                malloc
 .text.memchr   0x000000000000f436       0x1a d:/qianrushi/ide/mounriver/mounriver_studio/toolchain/risc-v embedded gcc/bin/../lib/gcc/riscv-none-embed/8.2.0/../../../../riscv-none-embed/lib/rv32imafc/ilp32f\libg_nano.a(lib_a-memchr.o)
                0x000000000000f436                memchr
 .text._Balloc  0x000000000000f450       0x88 d:/qianrushi/ide/mounriver/mounriver_studio/toolchain/risc-v embedded gcc/bin/../lib/gcc/riscv-none-embed/8.2.0/../../../../riscv-none-embed/lib/rv32imafc/ilp32f\libg_nano.a(lib_a-mprec.o)
                0x000000000000f450                _Balloc
 .text._Bfree   0x000000000000f4d8       0x44 d:/qianrushi/ide/mounriver/mounriver_studio/toolchain/risc-v embedded gcc/bin/../lib/gcc/riscv-none-embed/8.2.0/../../../../riscv-none-embed/lib/rv32imafc/ilp32f\libg_nano.a(lib_a-mprec.o)
                0x000000000000f4d8                _Bfree
 .text.__multadd
                0x000000000000f51c       0x98 d:/qianrushi/ide/mounriver/mounriver_studio/toolchain/risc-v embedded gcc/bin/../lib/gcc/riscv-none-embed/8.2.0/../../../../riscv-none-embed/lib/rv32imafc/ilp32f\libg_nano.a(lib_a-mprec.o)
                0x000000000000f51c                __multadd
 .text.__hi0bits
                0x000000000000f5b4       0x46 d:/qianrushi/ide/mounriver/mounriver_studio/toolchain/risc-v embedded gcc/bin/../lib/gcc/riscv-none-embed/8.2.0/../../../../riscv-none-embed/lib/rv32imafc/ilp32f\libg_nano.a(lib_a-mprec.o)
                0x000000000000f5b4                __hi0bits
 .text.__lo0bits
                0x000000000000f5fa       0x6a d:/qianrushi/ide/mounriver/mounriver_studio/toolchain/risc-v embedded gcc/bin/../lib/gcc/riscv-none-embed/8.2.0/../../../../riscv-none-embed/lib/rv32imafc/ilp32f\libg_nano.a(lib_a-mprec.o)
                0x000000000000f5fa                __lo0bits
 .text.__i2b    0x000000000000f664       0x1c d:/qianrushi/ide/mounriver/mounriver_studio/toolchain/risc-v embedded gcc/bin/../lib/gcc/riscv-none-embed/8.2.0/../../../../riscv-none-embed/lib/rv32imafc/ilp32f\libg_nano.a(lib_a-mprec.o)
                0x000000000000f664                __i2b
 .text.__multiply
                0x000000000000f680      0x144 d:/qianrushi/ide/mounriver/mounriver_studio/toolchain/risc-v embedded gcc/bin/../lib/gcc/riscv-none-embed/8.2.0/../../../../riscv-none-embed/lib/rv32imafc/ilp32f\libg_nano.a(lib_a-mprec.o)
                0x000000000000f680                __multiply
 .text.__pow5mult
                0x000000000000f7c4       0xbe d:/qianrushi/ide/mounriver/mounriver_studio/toolchain/risc-v embedded gcc/bin/../lib/gcc/riscv-none-embed/8.2.0/../../../../riscv-none-embed/lib/rv32imafc/ilp32f\libg_nano.a(lib_a-mprec.o)
                0x000000000000f7c4                __pow5mult
 .text.__lshift
                0x000000000000f882       0xce d:/qianrushi/ide/mounriver/mounriver_studio/toolchain/risc-v embedded gcc/bin/../lib/gcc/riscv-none-embed/8.2.0/../../../../riscv-none-embed/lib/rv32imafc/ilp32f\libg_nano.a(lib_a-mprec.o)
                0x000000000000f882                __lshift
 .text.__mcmp   0x000000000000f950       0x32 d:/qianrushi/ide/mounriver/mounriver_studio/toolchain/risc-v embedded gcc/bin/../lib/gcc/riscv-none-embed/8.2.0/../../../../riscv-none-embed/lib/rv32imafc/ilp32f\libg_nano.a(lib_a-mprec.o)
                0x000000000000f950                __mcmp
 .text.__mdiff  0x000000000000f982       0xf2 d:/qianrushi/ide/mounriver/mounriver_studio/toolchain/risc-v embedded gcc/bin/../lib/gcc/riscv-none-embed/8.2.0/../../../../riscv-none-embed/lib/rv32imafc/ilp32f\libg_nano.a(lib_a-mprec.o)
                0x000000000000f982                __mdiff
 .text.__d2b    0x000000000000fa74       0xd4 d:/qianrushi/ide/mounriver/mounriver_studio/toolchain/risc-v embedded gcc/bin/../lib/gcc/riscv-none-embed/8.2.0/../../../../riscv-none-embed/lib/rv32imafc/ilp32f\libg_nano.a(lib_a-mprec.o)
                0x000000000000fa74                __d2b
 .text._calloc_r
                0x000000000000fb48       0x26 d:/qianrushi/ide/mounriver/mounriver_studio/toolchain/risc-v embedded gcc/bin/../lib/gcc/riscv-none-embed/8.2.0/../../../../riscv-none-embed/lib/rv32imafc/ilp32f\libg_nano.a(lib_a-nano-callocr.o)
                0x000000000000fb48                _calloc_r
 .text._free_r  0x000000000000fb6e       0xa8 d:/qianrushi/ide/mounriver/mounriver_studio/toolchain/risc-v embedded gcc/bin/../lib/gcc/riscv-none-embed/8.2.0/../../../../riscv-none-embed/lib/rv32imafc/ilp32f\libg_nano.a(lib_a-nano-freer.o)
                0x000000000000fb6e                _free_r
 .text._malloc_r
                0x000000000000fc16       0xd4 d:/qianrushi/ide/mounriver/mounriver_studio/toolchain/risc-v embedded gcc/bin/../lib/gcc/riscv-none-embed/8.2.0/../../../../riscv-none-embed/lib/rv32imafc/ilp32f\libg_nano.a(lib_a-nano-mallocr.o)
                0x000000000000fc16                _malloc_r
 .text.__ssputs_r
                0x000000000000fcea       0xee d:/qianrushi/ide/mounriver/mounriver_studio/toolchain/risc-v embedded gcc/bin/../lib/gcc/riscv-none-embed/8.2.0/../../../../riscv-none-embed/lib/rv32imafc/ilp32f\libg_nano.a(lib_a-nano-svfprintf.o)
                0x000000000000fcea                __ssputs_r
 .text._svfprintf_r
                0x000000000000fdd8      0x27e d:/qianrushi/ide/mounriver/mounriver_studio/toolchain/risc-v embedded gcc/bin/../lib/gcc/riscv-none-embed/8.2.0/../../../../riscv-none-embed/lib/rv32imafc/ilp32f\libg_nano.a(lib_a-nano-svfprintf.o)
                0x000000000000fdd8                _svfiprintf_r
                0x000000000000fdd8                _svfprintf_r
 .text.__sfputc_r
                0x0000000000010056       0x28 d:/qianrushi/ide/mounriver/mounriver_studio/toolchain/risc-v embedded gcc/bin/../lib/gcc/riscv-none-embed/8.2.0/../../../../riscv-none-embed/lib/rv32imafc/ilp32f\libg_nano.a(lib_a-nano-vfprintf.o)
 .text.__sfputs_r
                0x000000000001007e       0x44 d:/qianrushi/ide/mounriver/mounriver_studio/toolchain/risc-v embedded gcc/bin/../lib/gcc/riscv-none-embed/8.2.0/../../../../riscv-none-embed/lib/rv32imafc/ilp32f\libg_nano.a(lib_a-nano-vfprintf.o)
                0x000000000001007e                __sfputs_r
 .text._vfprintf_r
                0x00000000000100c2      0x29e d:/qianrushi/ide/mounriver/mounriver_studio/toolchain/risc-v embedded gcc/bin/../lib/gcc/riscv-none-embed/8.2.0/../../../../riscv-none-embed/lib/rv32imafc/ilp32f\libg_nano.a(lib_a-nano-vfprintf.o)
                0x00000000000100c2                _vfprintf_r
                0x00000000000100c2                _vfiprintf_r
 .text._sbrk_r  0x0000000000010360       0x32 d:/qianrushi/ide/mounriver/mounriver_studio/toolchain/risc-v embedded gcc/bin/../lib/gcc/riscv-none-embed/8.2.0/../../../../riscv-none-embed/lib/rv32imafc/ilp32f\libg_nano.a(lib_a-sbrkr.o)
                0x0000000000010360                _sbrk_r
 .text.__sread  0x0000000000010392       0x30 d:/qianrushi/ide/mounriver/mounriver_studio/toolchain/risc-v embedded gcc/bin/../lib/gcc/riscv-none-embed/8.2.0/../../../../riscv-none-embed/lib/rv32imafc/ilp32f\libg_nano.a(lib_a-stdio.o)
                0x0000000000010392                __sread
 .text.__swrite
                0x00000000000103c2       0x4e d:/qianrushi/ide/mounriver/mounriver_studio/toolchain/risc-v embedded gcc/bin/../lib/gcc/riscv-none-embed/8.2.0/../../../../riscv-none-embed/lib/rv32imafc/ilp32f\libg_nano.a(lib_a-stdio.o)
                0x00000000000103c2                __swrite
 .text.__sseek  0x0000000000010410       0x36 d:/qianrushi/ide/mounriver/mounriver_studio/toolchain/risc-v embedded gcc/bin/../lib/gcc/riscv-none-embed/8.2.0/../../../../riscv-none-embed/lib/rv32imafc/ilp32f\libg_nano.a(lib_a-stdio.o)
                0x0000000000010410                __sseek
 .text.__sclose
                0x0000000000010446        0x6 d:/qianrushi/ide/mounriver/mounriver_studio/toolchain/risc-v embedded gcc/bin/../lib/gcc/riscv-none-embed/8.2.0/../../../../riscv-none-embed/lib/rv32imafc/ilp32f\libg_nano.a(lib_a-stdio.o)
                0x0000000000010446                __sclose
 .text.__swbuf_r
                0x000000000001044c       0xc2 d:/qianrushi/ide/mounriver/mounriver_studio/toolchain/risc-v embedded gcc/bin/../lib/gcc/riscv-none-embed/8.2.0/../../../../riscv-none-embed/lib/rv32imafc/ilp32f\libg_nano.a(lib_a-wbuf.o)
                0x000000000001044c                __swbuf_r
 .text._write_r
                0x000000000001050e       0x36 d:/qianrushi/ide/mounriver/mounriver_studio/toolchain/risc-v embedded gcc/bin/../lib/gcc/riscv-none-embed/8.2.0/../../../../riscv-none-embed/lib/rv32imafc/ilp32f\libg_nano.a(lib_a-writer.o)
                0x000000000001050e                _write_r
 .text.__swsetup_r
                0x0000000000010544      0x110 d:/qianrushi/ide/mounriver/mounriver_studio/toolchain/risc-v embedded gcc/bin/../lib/gcc/riscv-none-embed/8.2.0/../../../../riscv-none-embed/lib/rv32imafc/ilp32f\libg_nano.a(lib_a-wsetup.o)
                0x0000000000010544                __swsetup_r
 .text._close_r
                0x0000000000010654       0x32 d:/qianrushi/ide/mounriver/mounriver_studio/toolchain/risc-v embedded gcc/bin/../lib/gcc/riscv-none-embed/8.2.0/../../../../riscv-none-embed/lib/rv32imafc/ilp32f\libg_nano.a(lib_a-closer.o)
                0x0000000000010654                _close_r
 .text.__sflush_r
                0x0000000000010686      0x13e d:/qianrushi/ide/mounriver/mounriver_studio/toolchain/risc-v embedded gcc/bin/../lib/gcc/riscv-none-embed/8.2.0/../../../../riscv-none-embed/lib/rv32imafc/ilp32f\libg_nano.a(lib_a-fflush.o)
                0x0000000000010686                __sflush_r
 .text._fflush_r
                0x00000000000107c4       0x68 d:/qianrushi/ide/mounriver/mounriver_studio/toolchain/risc-v embedded gcc/bin/../lib/gcc/riscv-none-embed/8.2.0/../../../../riscv-none-embed/lib/rv32imafc/ilp32f\libg_nano.a(lib_a-fflush.o)
                0x00000000000107c4                _fflush_r
 .text._lseek_r
                0x000000000001082c       0x34 d:/qianrushi/ide/mounriver/mounriver_studio/toolchain/risc-v embedded gcc/bin/../lib/gcc/riscv-none-embed/8.2.0/../../../../riscv-none-embed/lib/rv32imafc/ilp32f\libg_nano.a(lib_a-lseekr.o)
                0x000000000001082c                _lseek_r
 .text.__swhatbuf_r
                0x0000000000010860       0x58 d:/qianrushi/ide/mounriver/mounriver_studio/toolchain/risc-v embedded gcc/bin/../lib/gcc/riscv-none-embed/8.2.0/../../../../riscv-none-embed/lib/rv32imafc/ilp32f\libg_nano.a(lib_a-makebuf.o)
                0x0000000000010860                __swhatbuf_r
 .text.__smakebuf_r
                0x00000000000108b8       0xa0 d:/qianrushi/ide/mounriver/mounriver_studio/toolchain/risc-v embedded gcc/bin/../lib/gcc/riscv-none-embed/8.2.0/../../../../riscv-none-embed/lib/rv32imafc/ilp32f\libg_nano.a(lib_a-makebuf.o)
                0x00000000000108b8                __smakebuf_r
 .text.__ascii_mbtowc
                0x0000000000010958       0x3a d:/qianrushi/ide/mounriver/mounriver_studio/toolchain/risc-v embedded gcc/bin/../lib/gcc/riscv-none-embed/8.2.0/../../../../riscv-none-embed/lib/rv32imafc/ilp32f\libg_nano.a(lib_a-mbtowc_r.o)
                0x0000000000010958                __ascii_mbtowc
 .text.memmove  0x0000000000010992       0x4a d:/qianrushi/ide/mounriver/mounriver_studio/toolchain/risc-v embedded gcc/bin/../lib/gcc/riscv-none-embed/8.2.0/../../../../riscv-none-embed/lib/rv32imafc/ilp32f\libg_nano.a(lib_a-memmove.o)
                0x0000000000010992                memmove
 .text.__malloc_lock
                0x00000000000109dc        0x2 d:/qianrushi/ide/mounriver/mounriver_studio/toolchain/risc-v embedded gcc/bin/../lib/gcc/riscv-none-embed/8.2.0/../../../../riscv-none-embed/lib/rv32imafc/ilp32f\libg_nano.a(lib_a-mlock.o)
                0x00000000000109dc                __malloc_lock
 .text.__malloc_unlock
                0x00000000000109de        0x2 d:/qianrushi/ide/mounriver/mounriver_studio/toolchain/risc-v embedded gcc/bin/../lib/gcc/riscv-none-embed/8.2.0/../../../../riscv-none-embed/lib/rv32imafc/ilp32f\libg_nano.a(lib_a-mlock.o)
                0x00000000000109de                __malloc_unlock
 .text._realloc_r
                0x00000000000109e0       0x58 d:/qianrushi/ide/mounriver/mounriver_studio/toolchain/risc-v embedded gcc/bin/../lib/gcc/riscv-none-embed/8.2.0/../../../../riscv-none-embed/lib/rv32imafc/ilp32f\libg_nano.a(lib_a-nano-reallocr.o)
                0x00000000000109e0                _realloc_r
 .text._read_r  0x0000000000010a38       0x34 d:/qianrushi/ide/mounriver/mounriver_studio/toolchain/risc-v embedded gcc/bin/../lib/gcc/riscv-none-embed/8.2.0/../../../../riscv-none-embed/lib/rv32imafc/ilp32f\libg_nano.a(lib_a-readr.o)
                0x0000000000010a38                _read_r
 .text.__ascii_wctomb
                0x0000000000010a6c       0x20 d:/qianrushi/ide/mounriver/mounriver_studio/toolchain/risc-v embedded gcc/bin/../lib/gcc/riscv-none-embed/8.2.0/../../../../riscv-none-embed/lib/rv32imafc/ilp32f\libg_nano.a(lib_a-wctomb_r.o)
                0x0000000000010a6c                __ascii_wctomb
 .text._fstat_r
                0x0000000000010a8c       0x32 d:/qianrushi/ide/mounriver/mounriver_studio/toolchain/risc-v embedded gcc/bin/../lib/gcc/riscv-none-embed/8.2.0/../../../../riscv-none-embed/lib/rv32imafc/ilp32f\libg_nano.a(lib_a-fstatr.o)
                0x0000000000010a8c                _fstat_r
 .text._isatty_r
                0x0000000000010abe       0x30 d:/qianrushi/ide/mounriver/mounriver_studio/toolchain/risc-v embedded gcc/bin/../lib/gcc/riscv-none-embed/8.2.0/../../../../riscv-none-embed/lib/rv32imafc/ilp32f\libg_nano.a(lib_a-isattyr.o)
                0x0000000000010abe                _isatty_r
 .text._malloc_usable_size_r
                0x0000000000010aee       0x14 d:/qianrushi/ide/mounriver/mounriver_studio/toolchain/risc-v embedded gcc/bin/../lib/gcc/riscv-none-embed/8.2.0/../../../../riscv-none-embed/lib/rv32imafc/ilp32f\libg_nano.a(lib_a-nano-msizer.o)
                0x0000000000010aee                _malloc_usable_size_r
 .text.__trunctfdf2
                0x0000000000010b02      0x3d0 d:/qianrushi/ide/mounriver/mounriver_studio/toolchain/risc-v embedded gcc/bin/../lib/gcc/riscv-none-embed/8.2.0/rv32imafc/ilp32f\libgcc.a(trunctfdf2.o)
                0x0000000000010b02                __trunctfdf2
 .text._close   0x0000000000010ed2       0x10 d:/qianrushi/ide/mounriver/mounriver_studio/toolchain/risc-v embedded gcc/bin/../lib/gcc/riscv-none-embed/8.2.0/../../../../riscv-none-embed/lib/rv32imafc/ilp32f\libnosys.a(close.o)
                0x0000000000010ed2                _close
 .text._fstat   0x0000000000010ee2       0x10 d:/qianrushi/ide/mounriver/mounriver_studio/toolchain/risc-v embedded gcc/bin/../lib/gcc/riscv-none-embed/8.2.0/../../../../riscv-none-embed/lib/rv32imafc/ilp32f\libnosys.a(fstat.o)
                0x0000000000010ee2                _fstat
 .text._isatty  0x0000000000010ef2       0x10 d:/qianrushi/ide/mounriver/mounriver_studio/toolchain/risc-v embedded gcc/bin/../lib/gcc/riscv-none-embed/8.2.0/../../../../riscv-none-embed/lib/rv32imafc/ilp32f\libnosys.a(isatty.o)
                0x0000000000010ef2                _isatty
 .text._lseek   0x0000000000010f02       0x10 d:/qianrushi/ide/mounriver/mounriver_studio/toolchain/risc-v embedded gcc/bin/../lib/gcc/riscv-none-embed/8.2.0/../../../../riscv-none-embed/lib/rv32imafc/ilp32f\libnosys.a(lseek.o)
                0x0000000000010f02                _lseek
 .text._read    0x0000000000010f12       0x10 d:/qianrushi/ide/mounriver/mounriver_studio/toolchain/risc-v embedded gcc/bin/../lib/gcc/riscv-none-embed/8.2.0/../../../../riscv-none-embed/lib/rv32imafc/ilp32f\libnosys.a(read.o)
                0x0000000000010f12                _read
 .text._sbrk    0x0000000000010f22       0x24 d:/qianrushi/ide/mounriver/mounriver_studio/toolchain/risc-v embedded gcc/bin/../lib/gcc/riscv-none-embed/8.2.0/../../../../riscv-none-embed/lib/rv32imafc/ilp32f\libnosys.a(sbrk.o)
                0x0000000000010f22                _sbrk
 *(.rodata)
 *fill*         0x0000000000010f46        0x2 
 .rodata        0x0000000000010f48       0x82 ./zf_driver/zf_driver_pit.o
 *fill*         0x0000000000010fca        0x2 
 .rodata        0x0000000000010fcc       0x5a ./zf_driver/zf_driver_pwm.o
 *fill*         0x0000000000011026        0x2 
 .rodata        0x0000000000011028       0x5f ./zf_driver/zf_driver_soft_iic.o
 *fill*         0x0000000000011087        0x1 
 .rodata        0x0000000000011088       0x5a ./zf_driver/zf_driver_spi.o
 *fill*         0x00000000000110e2        0x2 
 .rodata        0x00000000000110e4       0x5b ./zf_driver/zf_driver_uart.o
 *fill*         0x000000000001113f        0x1 
 .rodata        0x0000000000011140        0x8 ./zf_device/zf_device_dm1xa.o
 .rodata        0x0000000000011148       0xf0 ./zf_device/zf_device_gps_tau1201.o
 .rodata        0x0000000000011238       0x68 ./zf_device/zf_device_ips200.o
 .rodata        0x00000000000112a0       0x9a ./zf_device/zf_device_mt9v03x_dvp.o
 *fill*         0x000000000001133a        0x2 
 .rodata        0x000000000001133c       0x78 ./zf_common/zf_common_debug.o
 .rodata        0x00000000000113b4       0x5b ./zf_common/zf_common_fifo.o
 *fill*         0x000000000001140f        0x1 
 .rodata        0x0000000000011410       0xa0 ./zf_common/zf_common_function.o
 .rodata        0x00000000000114b0       0x41 ./sdk/Peripheral/ch32v30x_usbotg_device.o
 *fill*         0x00000000000114f1        0x7 
 .rodata        0x00000000000114f8       0x40 ./code/imgproc.o
 .rodata        0x0000000000011538       0x70 ./code/servo.o
 *(.rodata*)
 .rodata.pit_init
                0x00000000000115a8       0x28 ./zf_driver/zf_driver_pit.o
 .rodata.pwm_set_duty
                0x00000000000115d0       0x28 ./zf_driver/zf_driver_pwm.o
 .rodata.pwm_init
                0x00000000000115f8       0x28 ./zf_driver/zf_driver_pwm.o
 .rodata.spi_index
                0x0000000000011620        0xc ./zf_driver/zf_driver_spi.o
                0x0000000000011620                spi_index
 .rodata.timer_get
                0x000000000001162c       0x28 ./zf_driver/zf_driver_timer.o
 .rodata.timer_clear
                0x0000000000011654       0x28 ./zf_driver/zf_driver_timer.o
 .rodata.uart_index
                0x000000000001167c       0x20 ./zf_driver/zf_driver_uart.o
                0x000000000001167c                uart_index
 .rodata.ascii_font_8x16
                0x000000000001169c      0x5f0 ./zf_common/zf_common_font.o
                0x000000000001169c                ascii_font_8x16
 .rodata.ascii_font_6x8
                0x0000000000011c8c      0x228 ./zf_common/zf_common_font.o
                0x0000000000011c8c                ascii_font_6x8
 .rodata.MyDevDescrHD
                0x0000000000011eb4       0x12 ./sdk/Peripheral/ch32v30x_usbotg_device.o
                0x0000000000011eb4                MyDevDescrHD
 *fill*         0x0000000000011ec6        0x2 
 .rodata.MyCfgDescrHD
                0x0000000000011ec8       0x43 ./sdk/Peripheral/ch32v30x_usbotg_device.o
                0x0000000000011ec8                MyCfgDescrHD
 *fill*         0x0000000000011f0b        0x1 
 .rodata.MyReportDescHD
                0x0000000000011f0c       0x14 ./sdk/Peripheral/ch32v30x_usbotg_device.o
                0x0000000000011f0c                MyReportDescHD
 .rodata.MyManuInfoHD
                0x0000000000011f20        0xe ./sdk/Peripheral/ch32v30x_usbotg_device.o
                0x0000000000011f20                MyManuInfoHD
 *fill*         0x0000000000011f2e        0x2 
 .rodata.MyProdInfoHD
                0x0000000000011f30        0xc ./sdk/Peripheral/ch32v30x_usbotg_device.o
                0x0000000000011f30                MyProdInfoHD
 .rodata.MySerNumInfoHD
                0x0000000000011f3c       0x16 ./sdk/Peripheral/ch32v30x_usbotg_device.o
                0x0000000000011f3c                MySerNumInfoHD
 *fill*         0x0000000000011f52        0x2 
 .rodata.MyUSBQUADescHD
                0x0000000000011f54        0xa ./sdk/Peripheral/ch32v30x_usbotg_device.o
                0x0000000000011f54                MyUSBQUADescHD
 *fill*         0x0000000000011f5e        0x2 
 .rodata.OTG_FS_IRQHandler
                0x0000000000011f60       0xbc ./sdk/Peripheral/ch32v30x_usbotg_device.o
 .rodata.__divdf3
                0x000000000001201c       0x40 d:/qianrushi/ide/mounriver/mounriver_studio/toolchain/risc-v embedded gcc/bin/../lib/gcc/riscv-none-embed/8.2.0/rv32imafc/ilp32f\libgcc.a(divdf3.o)
 .rodata.__muldf3
                0x000000000001205c       0x40 d:/qianrushi/ide/mounriver/mounriver_studio/toolchain/risc-v embedded gcc/bin/../lib/gcc/riscv-none-embed/8.2.0/rv32imafc/ilp32f\libgcc.a(muldf3.o)
 .rodata.__clz_tab
                0x000000000001209c      0x100 d:/qianrushi/ide/mounriver/mounriver_studio/toolchain/risc-v embedded gcc/bin/../lib/gcc/riscv-none-embed/8.2.0/rv32imafc/ilp32f\libgcc.a(_clz.o)
                0x000000000001209c                __clz_tab
 *fill*         0x000000000001219c        0x4 
 .rodata._printf_float.cst8
                0x00000000000121a0        0x8 d:/qianrushi/ide/mounriver/mounriver_studio/toolchain/risc-v embedded gcc/bin/../lib/gcc/riscv-none-embed/8.2.0/../../../../riscv-none-embed/lib/rv32imafc/ilp32f\libg_nano.a(lib_a-nano-vfprintf_float.o)
 .rodata._printf_float.str1.4
                0x00000000000121a8       0x12 d:/qianrushi/ide/mounriver/mounriver_studio/toolchain/risc-v embedded gcc/bin/../lib/gcc/riscv-none-embed/8.2.0/../../../../riscv-none-embed/lib/rv32imafc/ilp32f\libg_nano.a(lib_a-nano-vfprintf_float.o)
 *fill*         0x00000000000121ba        0x2 
 .rodata._printf_i.str1.4
                0x00000000000121bc       0x25 d:/qianrushi/ide/mounriver/mounriver_studio/toolchain/risc-v embedded gcc/bin/../lib/gcc/riscv-none-embed/8.2.0/../../../../riscv-none-embed/lib/rv32imafc/ilp32f\libg_nano.a(lib_a-nano-vfprintf_i.o)
 *fill*         0x00000000000121e1        0x7 
 .rodata._dtoa_r.cst8
                0x00000000000121e8       0x48 d:/qianrushi/ide/mounriver/mounriver_studio/toolchain/risc-v embedded gcc/bin/../lib/gcc/riscv-none-embed/8.2.0/../../../../riscv-none-embed/lib/rv32imafc/ilp32f\libg_nano.a(lib_a-dtoa.o)
 .rodata._dtoa_r.str1.4
                0x0000000000012230       0x10 d:/qianrushi/ide/mounriver/mounriver_studio/toolchain/risc-v embedded gcc/bin/../lib/gcc/riscv-none-embed/8.2.0/../../../../riscv-none-embed/lib/rv32imafc/ilp32f\libg_nano.a(lib_a-dtoa.o)
                                         0x12 (size before relaxing)
 .rodata.__sf_fake_stderr
                0x0000000000012240       0x20 d:/qianrushi/ide/mounriver/mounriver_studio/toolchain/risc-v embedded gcc/bin/../lib/gcc/riscv-none-embed/8.2.0/../../../../riscv-none-embed/lib/rv32imafc/ilp32f\libg_nano.a(lib_a-findfp.o)
                0x0000000000012240                __sf_fake_stderr
 .rodata.__sf_fake_stdin
                0x0000000000012260       0x20 d:/qianrushi/ide/mounriver/mounriver_studio/toolchain/risc-v embedded gcc/bin/../lib/gcc/riscv-none-embed/8.2.0/../../../../riscv-none-embed/lib/rv32imafc/ilp32f\libg_nano.a(lib_a-findfp.o)
                0x0000000000012260                __sf_fake_stdin
 .rodata.__sf_fake_stdout
                0x0000000000012280       0x20 d:/qianrushi/ide/mounriver/mounriver_studio/toolchain/risc-v embedded gcc/bin/../lib/gcc/riscv-none-embed/8.2.0/../../../../riscv-none-embed/lib/rv32imafc/ilp32f\libg_nano.a(lib_a-findfp.o)
                0x0000000000012280                __sf_fake_stdout
 .rodata.__mprec_bigtens
                0x00000000000122a0       0x28 d:/qianrushi/ide/mounriver/mounriver_studio/toolchain/risc-v embedded gcc/bin/../lib/gcc/riscv-none-embed/8.2.0/../../../../riscv-none-embed/lib/rv32imafc/ilp32f\libg_nano.a(lib_a-mprec.o)
                0x00000000000122a0                __mprec_bigtens
 .rodata.__mprec_tens
                0x00000000000122c8       0xc8 d:/qianrushi/ide/mounriver/mounriver_studio/toolchain/risc-v embedded gcc/bin/../lib/gcc/riscv-none-embed/8.2.0/../../../../riscv-none-embed/lib/rv32imafc/ilp32f\libg_nano.a(lib_a-mprec.o)
                0x00000000000122c8                __mprec_tens
 .rodata.p05.3321
                0x0000000000012390        0xc d:/qianrushi/ide/mounriver/mounriver_studio/toolchain/risc-v embedded gcc/bin/../lib/gcc/riscv-none-embed/8.2.0/../../../../riscv-none-embed/lib/rv32imafc/ilp32f\libg_nano.a(lib_a-mprec.o)
 .rodata._svfprintf_r.str1.4
                0x000000000001239c       0x13 d:/qianrushi/ide/mounriver/mounriver_studio/toolchain/risc-v embedded gcc/bin/../lib/gcc/riscv-none-embed/8.2.0/../../../../riscv-none-embed/lib/rv32imafc/ilp32f\libg_nano.a(lib_a-nano-svfprintf.o)
 .rodata._vfprintf_r.str1.4
                0x00000000000123af       0x13 d:/qianrushi/ide/mounriver/mounriver_studio/toolchain/risc-v embedded gcc/bin/../lib/gcc/riscv-none-embed/8.2.0/../../../../riscv-none-embed/lib/rv32imafc/ilp32f\libg_nano.a(lib_a-nano-vfprintf.o)
 *fill*         0x00000000000123af        0x1 
 .rodata._setlocale_r.str1.4
                0x00000000000123b0        0xa d:/qianrushi/ide/mounriver/mounriver_studio/toolchain/risc-v embedded gcc/bin/../lib/gcc/riscv-none-embed/8.2.0/../../../../riscv-none-embed/lib/rv32imafc/ilp32f\libg_nano.a(lib_a-locale.o)
                                          0xd (size before relaxing)
 *fill*         0x00000000000123ba        0x2 
 .rodata.str1.4
                0x00000000000123bc        0x4 d:/qianrushi/ide/mounriver/mounriver_studio/toolchain/risc-v embedded gcc/bin/../lib/gcc/riscv-none-embed/8.2.0/../../../../riscv-none-embed/lib/rv32imafc/ilp32f\libg_nano.a(lib_a-locale.o)
                                          0x2 (size before relaxing)
 .rodata._ctype_
                0x00000000000123c0      0x101 d:/qianrushi/ide/mounriver/mounriver_studio/toolchain/risc-v embedded gcc/bin/../lib/gcc/riscv-none-embed/8.2.0/../../../../riscv-none-embed/lib/rv32imafc/ilp32f\libg_nano.a(lib_a-ctype_.o)
                0x00000000000123c0                _ctype_
 *(.glue_7)
 *(.glue_7t)
 *(.gnu.linkonce.t.*)
                0x00000000000124c4                . = ALIGN (0x4)
 *fill*         0x00000000000124c1        0x3 

.rela.dyn       0x00000000000124c4        0x0
 .rela.init     0x00000000000124c4        0x0 ./zf_driver/zf_driver_delay.o
 .rela.vector   0x00000000000124c4        0x0 ./zf_driver/zf_driver_delay.o
 .rela.text.handle_reset
                0x00000000000124c4        0x0 ./zf_driver/zf_driver_delay.o
 .rela.text._svfprintf_r
                0x00000000000124c4        0x0 ./zf_driver/zf_driver_delay.o
 .rela.text._vfprintf_r
                0x00000000000124c4        0x0 ./zf_driver/zf_driver_delay.o
 .rela.text._sbrk_r
                0x00000000000124c4        0x0 ./zf_driver/zf_driver_delay.o
 .rela.text._write_r
                0x00000000000124c4        0x0 ./zf_driver/zf_driver_delay.o
 .rela.text._close_r
                0x00000000000124c4        0x0 ./zf_driver/zf_driver_delay.o
 .rela.text._lseek_r
                0x00000000000124c4        0x0 ./zf_driver/zf_driver_delay.o
 .rela.text._read_r
                0x00000000000124c4        0x0 ./zf_driver/zf_driver_delay.o
 .rela.text._fstat_r
                0x00000000000124c4        0x0 ./zf_driver/zf_driver_delay.o
 .rela.text._isatty_r
                0x00000000000124c4        0x0 ./zf_driver/zf_driver_delay.o
 .rela.text._close
                0x00000000000124c4        0x0 ./zf_driver/zf_driver_delay.o
 .rela.text._fstat
                0x00000000000124c4        0x0 ./zf_driver/zf_driver_delay.o
 .rela.text._isatty
                0x00000000000124c4        0x0 ./zf_driver/zf_driver_delay.o
 .rela.text._lseek
                0x00000000000124c4        0x0 ./zf_driver/zf_driver_delay.o
 .rela.text._read
                0x00000000000124c4        0x0 ./zf_driver/zf_driver_delay.o
 .rela.text._sbrk
                0x00000000000124c4        0x0 ./zf_driver/zf_driver_delay.o

.fini           0x00000000000124c4        0x0
 *(SORT_NONE(.fini))
                0x00000000000124c4                . = ALIGN (0x4)
                [!provide]                        PROVIDE (_etext = .)
                [!provide]                        PROVIDE (_eitcm = .)

.preinit_array  0x00000000000124c4        0x0
                [!provide]                        PROVIDE (__preinit_array_start = .)
 *(.preinit_array)
                [!provide]                        PROVIDE (__preinit_array_end = .)

.init_array     0x00000000000124c4        0x0
                [!provide]                        PROVIDE (__init_array_start = .)
 *(SORT_BY_INIT_PRIORITY(.init_array.*) SORT_BY_INIT_PRIORITY(.ctors.*))
 *(.init_array EXCLUDE_FILE(*crtend?.o *crtend.o *crtbegin?.o *crtbegin.o) .ctors)
                [!provide]                        PROVIDE (__init_array_end = .)

.fini_array     0x00000000000124c4        0x0
                [!provide]                        PROVIDE (__fini_array_start = .)
 *(SORT_BY_INIT_PRIORITY(.fini_array.*) SORT_BY_INIT_PRIORITY(.dtors.*))
 *(.fini_array EXCLUDE_FILE(*crtend?.o *crtend.o *crtbegin?.o *crtbegin.o) .dtors)
                [!provide]                        PROVIDE (__fini_array_end = .)

.ctors
 *crtbegin.o(.ctors)
 *crtbegin?.o(.ctors)
 *(EXCLUDE_FILE(*crtend?.o *crtend.o) .ctors)
 *(SORT_BY_NAME(.ctors.*))
 *(.ctors)

.dtors
 *crtbegin.o(.dtors)
 *crtbegin?.o(.dtors)
 *(EXCLUDE_FILE(*crtend?.o *crtend.o) .dtors)
 *(SORT_BY_NAME(.dtors.*))
 *(.dtors)

.dalign         0x0000000020000000        0x0 load address 0x00000000000124c4
                0x0000000020000000                . = ALIGN (0x4)
                0x0000000020000000                PROVIDE (_data_vma = .)

.dlalign        0x00000000000124c4        0x0
                0x00000000000124c4                . = ALIGN (0x4)
                0x00000000000124c4                PROVIDE (_data_lma = .)

.data           0x0000000020000000      0x2d8 load address 0x00000000000124c4
 *(.gnu.linkonce.r.*)
 *(.data .data.*)
 .data.gpio_group
                0x0000000020000000       0x14 ./zf_driver/zf_driver_gpio.o
                0x0000000020000000                gpio_group
 .data.mt9v03x_set_confing_buffer
                0x0000000020000014       0x28 ./zf_device/zf_device_mt9v03x_dvp.o
 .data.mt9v03x_get_confing_buffer
                0x000000002000003c       0x24 ./zf_device/zf_device_mt9v03x_dvp.o
 .data.APBAHBPrescTable
                0x0000000020000060       0x10 ./sdk/Peripheral/ch32v30x_rcc.o
 .data.TAB_USB_FS_OSC_DESC
                0x0000000020000070       0x43 ./sdk/Peripheral/ch32v30x_usbotg_device.o
                0x0000000020000070                TAB_USB_FS_OSC_DESC
 *fill*         0x00000000200000b3        0x1 
 .data.impure_data
                0x00000000200000b4       0x60 d:/qianrushi/ide/mounriver/mounriver_studio/toolchain/risc-v embedded gcc/bin/../lib/gcc/riscv-none-embed/8.2.0/../../../../riscv-none-embed/lib/rv32imafc/ilp32f\libg_nano.a(lib_a-impure.o)
 .data.__global_locale
                0x0000000020000114      0x16c d:/qianrushi/ide/mounriver/mounriver_studio/toolchain/risc-v embedded gcc/bin/../lib/gcc/riscv-none-embed/8.2.0/../../../../riscv-none-embed/lib/rv32imafc/ilp32f\libg_nano.a(lib_a-locale.o)
                0x0000000020000114                __global_locale
 *(.gnu.linkonce.d.*)
                0x0000000020000280                . = ALIGN (0x8)
                0x0000000020000a80                PROVIDE (__global_pointer$ = (. + 0x800))
 *(.sdata .sdata.*)
 .sdata.dm1xa_distance_mm
                0x0000000020000280        0x2 ./zf_device/zf_device_dm1xa.o
 .sdata.ips200_pencolor
                0x0000000020000282        0x2 ./zf_device/zf_device_ips200.o
 .sdata.ips200_bgcolor
                0x0000000020000284        0x2 ./zf_device/zf_device_ips200.o
 *fill*         0x0000000020000286        0x2 
 .sdata.ips200_display_font
                0x0000000020000288        0x4 ./zf_device/zf_device_ips200.o
 .sdata.ips200_x_max
                0x000000002000028c        0x2 ./zf_device/zf_device_ips200.o
 .sdata.ips200_y_max
                0x000000002000028e        0x2 ./zf_device/zf_device_ips200.o
 .sdata.ips_rst_pin
                0x0000000020000290        0x4 ./zf_device/zf_device_ips200.o
 .sdata.ips_bl_pin
                0x0000000020000294        0x4 ./zf_device/zf_device_ips200.o
 .sdata.camera_uart_handler
                0x0000000020000298        0x4 ./zf_device/zf_device_type.o
                0x0000000020000298                camera_uart_handler
 .sdata.camera_dvp_handler
                0x000000002000029c        0x4 ./zf_device/zf_device_type.o
                0x000000002000029c                camera_dvp_handler
 .sdata.wireless_module_uart_handler
                0x00000000200002a0        0x4 ./zf_device/zf_device_type.o
                0x00000000200002a0                wireless_module_uart_handler
 .sdata.system_clock
                0x00000000200002a4        0x4 ./zf_common/zf_common_clock.o
                0x00000000200002a4                system_clock
 .sdata.zf_debug_assert_enable
                0x00000000200002a8        0x1 ./zf_common/zf_common_debug.o
 *fill*         0x00000000200002a9        0x3 
 .sdata.ADCPrescTable
                0x00000000200002ac        0x4 ./sdk/Peripheral/ch32v30x_rcc.o
 .sdata.USBHD_Dev_Speed
                0x00000000200002b0        0x1 ./sdk/Peripheral/ch32v30x_usbotg_device.o
                0x00000000200002b0                USBHD_Dev_Speed
 *fill*         0x00000000200002b1        0x3 
 .sdata.LineCoding
                0x00000000200002b4        0x7 ./sdk/Peripheral/ch32v30x_usbotg_device.o
                0x00000000200002b4                LineCoding
 *fill*         0x00000000200002bb        0x1 
 .sdata.Angle   0x00000000200002bc        0x4 ./code/servo.o
                0x00000000200002bc                Angle
 .sdata._impure_ptr
                0x00000000200002c0        0x4 d:/qianrushi/ide/mounriver/mounriver_studio/toolchain/risc-v embedded gcc/bin/../lib/gcc/riscv-none-embed/8.2.0/../../../../riscv-none-embed/lib/rv32imafc/ilp32f\libg_nano.a(lib_a-impure.o)
                0x00000000200002c0                _impure_ptr
 *(.sdata2.*)
 .sdata2.uart_irq
                0x00000000200002c4        0x8 ./zf_driver/zf_driver_uart.o
                0x00000000200002c4                uart_irq
 .sdata2.MyLangDescrHD
                0x00000000200002cc        0x4 ./sdk/Peripheral/ch32v30x_usbotg_device.o
                0x00000000200002cc                MyLangDescrHD
 .sdata2._global_impure_ptr
                0x00000000200002d0        0x4 d:/qianrushi/ide/mounriver/mounriver_studio/toolchain/risc-v embedded gcc/bin/../lib/gcc/riscv-none-embed/8.2.0/../../../../riscv-none-embed/lib/rv32imafc/ilp32f\libg_nano.a(lib_a-impure.o)
                0x00000000200002d0                _global_impure_ptr
 *(.gnu.linkonce.s.*)
                0x00000000200002d8                . = ALIGN (0x8)
 *fill*         0x00000000200002d4        0x4 
 *(.srodata.cst16)
 *(.srodata.cst8)
 *(.srodata.cst4)
 *(.srodata.cst2)
 *(.srodata .srodata.*)
                0x00000000200002d8                . = ALIGN (0x4)
                0x00000000200002d8                PROVIDE (_edata = .)

.bss            0x00000000200002d8    0x10c04 load address 0x000000000001279c
                0x00000000200002d8                . = ALIGN (0x4)
                0x00000000200002d8                PROVIDE (_sbss = .)
 *(.sbss*)
 .sbss.camera_receiver_buffer
                0x00000000200002d8        0x8 ./zf_device/zf_device_camera.o
                0x00000000200002d8                camera_receiver_buffer
 .sbss.dm1xa_plus_count
                0x00000000200002e0        0x4 ./zf_device/zf_device_dm1xa.o
 .sbss.dm1xa_type
                0x00000000200002e4        0x4 ./zf_device/zf_device_dm1xa.o
 .sbss.dm1xa_ranging_state
                0x00000000200002e8        0x4 ./zf_device/zf_device_dm1xa.o
 .sbss.gps_tau1201_flag
                0x00000000200002ec        0x1 ./zf_device/zf_device_gps_tau1201.o
                0x00000000200002ec                gps_tau1201_flag
 .sbss.gps_tau1201_state
                0x00000000200002ed        0x1 ./zf_device/zf_device_gps_tau1201.o
 *fill*         0x00000000200002ee        0x2 
 .sbss.gps_gga_state
                0x00000000200002f0        0x4 ./zf_device/zf_device_gps_tau1201.o
                0x00000000200002f0                gps_gga_state
 .sbss.gps_rmc_state
                0x00000000200002f4        0x4 ./zf_device/zf_device_gps_tau1201.o
                0x00000000200002f4                gps_rmc_state
 .sbss.ips200_display_type
                0x00000000200002f8        0x4 ./zf_device/zf_device_ips200.o
 .sbss.ips200_display_dir
                0x00000000200002fc        0x4 ./zf_device/zf_device_ips200.o
 .sbss.mt9v03x_finish_flag
                0x0000000020000300        0x1 ./zf_device/zf_device_mt9v03x_dvp.o
                0x0000000020000300                mt9v03x_finish_flag
 *fill*         0x0000000020000301        0x3 
 .sbss.mt9v03x_type
                0x0000000020000304        0x4 ./zf_device/zf_device_mt9v03x_dvp.o
 .sbss.mt9v03x_version
                0x0000000020000308        0x2 ./zf_device/zf_device_mt9v03x_dvp.o
 *fill*         0x000000002000030a        0x2 
 .sbss.camera_type
                0x000000002000030c        0x4 ./zf_device/zf_device_type.o
                0x000000002000030c                camera_type
 .sbss.zf_debug_init_flag
                0x0000000020000310        0x1 ./zf_common/zf_common_debug.o
 .sbss.assert_nest_index.5018
                0x0000000020000311        0x1 ./zf_common/zf_common_debug.o
 *fill*         0x0000000020000312        0x2 
 .sbss.interrupt_nest_count
                0x0000000020000314        0x4 ./zf_common/zf_common_interrupt.o
 .sbss.EP0_DatabufHD
                0x0000000020000318        0x8 ./sdk/Peripheral/ch32v30x_usbotg_device.o
                0x0000000020000318                EP0_DatabufHD
 .sbss.pEP0_RAM_Addr
                0x0000000020000320        0x4 ./sdk/Peripheral/ch32v30x_usbotg_device.o
                0x0000000020000320                pEP0_RAM_Addr
 .sbss.pEP1_RAM_Addr
                0x0000000020000324        0x4 ./sdk/Peripheral/ch32v30x_usbotg_device.o
                0x0000000020000324                pEP1_RAM_Addr
 .sbss.pEP2_RAM_Addr
                0x0000000020000328        0x4 ./sdk/Peripheral/ch32v30x_usbotg_device.o
                0x0000000020000328                pEP2_RAM_Addr
 .sbss.pDescr   0x000000002000032c        0x4 ./sdk/Peripheral/ch32v30x_usbotg_device.o
                0x000000002000032c                pDescr
 .sbss.USBHD_Dev_SetupReqLen
                0x0000000020000330        0x2 ./sdk/Peripheral/ch32v30x_usbotg_device.o
                0x0000000020000330                USBHD_Dev_SetupReqLen
 .sbss.USBHD_Dev_SleepStatus
                0x0000000020000332        0x1 ./sdk/Peripheral/ch32v30x_usbotg_device.o
                0x0000000020000332                USBHD_Dev_SleepStatus
 .sbss.DevConfig
                0x0000000020000333        0x1 ./sdk/Peripheral/ch32v30x_usbotg_device.o
                0x0000000020000333                DevConfig
 .sbss.SetupReqCode
                0x0000000020000334        0x1 ./sdk/Peripheral/ch32v30x_usbotg_device.o
                0x0000000020000334                SetupReqCode
 *fill*         0x0000000020000335        0x1 
 .sbss.SetupReqLen
                0x0000000020000336        0x2 ./sdk/Peripheral/ch32v30x_usbotg_device.o
                0x0000000020000336                SetupReqLen
 .sbss.last_err.7944
                0x0000000020000338        0x4 ./code/servo.o
 .sbss.h_blank  0x000000002000033c        0x4 C:\Users\lid\Desktop\ch_car_ver3_4（种子生成+逆透视）\libraries\zf_device\libzf_device_config.a(zf_device_config.o)
                0x000000002000033c                h_blank
 .sbss.v_blank  0x0000000020000340        0x4 C:\Users\lid\Desktop\ch_car_ver3_4（种子生成+逆透视）\libraries\zf_device\libzf_device_config.a(zf_device_config.o)
                0x0000000020000340                v_blank
 .sbss.__malloc_free_list
                0x0000000020000344        0x4 d:/qianrushi/ide/mounriver/mounriver_studio/toolchain/risc-v embedded gcc/bin/../lib/gcc/riscv-none-embed/8.2.0/../../../../riscv-none-embed/lib/rv32imafc/ilp32f\libg_nano.a(lib_a-nano-mallocr.o)
                0x0000000020000344                __malloc_free_list
 .sbss.__malloc_sbrk_start
                0x0000000020000348        0x4 d:/qianrushi/ide/mounriver/mounriver_studio/toolchain/risc-v embedded gcc/bin/../lib/gcc/riscv-none-embed/8.2.0/../../../../riscv-none-embed/lib/rv32imafc/ilp32f\libg_nano.a(lib_a-nano-mallocr.o)
                0x0000000020000348                __malloc_sbrk_start
 .sbss.heap_end.1520
                0x000000002000034c        0x4 d:/qianrushi/ide/mounriver/mounriver_studio/toolchain/risc-v embedded gcc/bin/../lib/gcc/riscv-none-embed/8.2.0/../../../../riscv-none-embed/lib/rv32imafc/ilp32f\libnosys.a(sbrk.o)
 *(.gnu.linkonce.sb.*)
 *(.bss*)
 .bss.timer_function_state
                0x0000000020000350       0x28 ./zf_driver/zf_driver_timer.o
 .bss.timer_mode_state
                0x0000000020000378       0x28 ./zf_driver/zf_driver_timer.o
 .bss.camera_receiver_fifo
                0x00000000200003a0       0x1c ./zf_device/zf_device_camera.o
                0x00000000200003a0                camera_receiver_fifo
 .bss.gps_tau1201_receiver_fifo
                0x00000000200003bc       0x1c ./zf_device/zf_device_gps_tau1201.o
 .bss.gps_gga_buffer
                0x00000000200003d8       0x80 ./zf_device/zf_device_gps_tau1201.o
 .bss.gps_rmc_buffer
                0x0000000020000458       0x80 ./zf_device/zf_device_gps_tau1201.o
 .bss.mt9v03x_image
                0x00000000200004d8     0x5820 ./zf_device/zf_device_mt9v03x_dvp.o
                0x00000000200004d8                mt9v03x_image
 .bss.debug_output_info
                0x0000000020005cf8       0x14 ./zf_common/zf_common_debug.o
 .bss.rightline
                0x0000000020005d0c       0x78 ./code/imgproc.o
                0x0000000020005d0c                rightline
 .bss.leftline  0x0000000020005d84       0x78 ./code/imgproc.o
                0x0000000020005d84                leftline
 .bss.centerline
                0x0000000020005dfc       0x78 ./code/imgproc.o
                0x0000000020005dfc                centerline
 .bss.bin_image
                0x0000000020005e74     0x5820 ./code/imgproc.o
                0x0000000020005e74                bin_image
 .bss.perspectiveImage
                0x000000002000b694     0x5820 ./code/imgproc.o
                0x000000002000b694                perspectiveImage
 .bss.image     0x0000000020010eb4       0x14 C:\Users\lid\Desktop\ch_car_ver3_4（种子生成+逆透视）\libraries\zf_device\libzf_device_config.a(zf_device_config.o)
                0x0000000020010eb4                image
 .bss.mt9v03x_iic_inf_struct
                0x0000000020010ec8       0x10 C:\Users\lid\Desktop\ch_car_ver3_4（种子生成+逆透视）\libraries\zf_device\libzf_device_config.a(zf_device_config.o)
 *(.gnu.linkonce.b.*)
 *(COMMON*)
 COMMON         0x0000000020010ed8        0x4 d:/qianrushi/ide/mounriver/mounriver_studio/toolchain/risc-v embedded gcc/bin/../lib/gcc/riscv-none-embed/8.2.0/../../../../riscv-none-embed/lib/rv32imafc/ilp32f\libg_nano.a(lib_a-reent.o)
                0x0000000020010ed8                errno
                0x0000000020010edc                . = ALIGN (0x4)
                0x0000000020010edc                PROVIDE (_ebss = .)
                [!provide]                        PROVIDE (_end = _ebss)
                0x0000000020010edc                PROVIDE (end = .)

.stack          0x000000002001f800      0x800
                [!provide]                        PROVIDE (_heap_end = .)
                0x000000002001f800                . = ALIGN (0x4)
                [!provide]                        PROVIDE (_susrstack = .)