Archive member included to satisfy reference by file (symbol)

e:/mounriver/mounriver_studio/toolchain/risc-v embedded gcc/bin/../lib/gcc/riscv-none-embed/8.2.0/../../../../riscv-none-embed/lib/rv32imafc/ilp32f\libm.a(lib_a-s_cos.o)
                              ./zf_device/zf_device_gps_tau1201.o (cos)
e:/mounriver/mounriver_studio/toolchain/risc-v embedded gcc/bin/../lib/gcc/riscv-none-embed/8.2.0/../../../../riscv-none-embed/lib/rv32imafc/ilp32f\libm.a(lib_a-s_sin.o)
                              ./zf_device/zf_device_gps_tau1201.o (sin)
e:/mounriver/mounriver_studio/toolchain/risc-v embedded gcc/bin/../lib/gcc/riscv-none-embed/8.2.0/../../../../riscv-none-embed/lib/rv32imafc/ilp32f\libm.a(lib_a-w_asin.o)
                              ./zf_device/zf_device_gps_tau1201.o (asin)
e:/mounriver/mounriver_studio/toolchain/risc-v embedded gcc/bin/../lib/gcc/riscv-none-embed/8.2.0/../../../../riscv-none-embed/lib/rv32imafc/ilp32f\libm.a(lib_a-w_atan2.o)
                              ./zf_device/zf_device_gps_tau1201.o (atan2)
e:/mounriver/mounriver_studio/toolchain/risc-v embedded gcc/bin/../lib/gcc/riscv-none-embed/8.2.0/../../../../riscv-none-embed/lib/rv32imafc/ilp32f\libm.a(lib_a-w_pow.o)
                              ./zf_device/zf_device_gps_tau1201.o (pow)
e:/mounriver/mounriver_studio/toolchain/risc-v embedded gcc/bin/../lib/gcc/riscv-none-embed/8.2.0/../../../../riscv-none-embed/lib/rv32imafc/ilp32f\libm.a(lib_a-w_sqrt.o)
                              ./zf_device/zf_device_gps_tau1201.o (sqrt)
e:/mounriver/mounriver_studio/toolchain/risc-v embedded gcc/bin/../lib/gcc/riscv-none-embed/8.2.0/../../../../riscv-none-embed/lib/rv32imafc/ilp32f\libm.a(lib_a-e_asin.o)
                              e:/mounriver/mounriver_studio/toolchain/risc-v embedded gcc/bin/../lib/gcc/riscv-none-embed/8.2.0/../../../../riscv-none-embed/lib/rv32imafc/ilp32f\libm.a(lib_a-w_asin.o) (__ieee754_asin)
e:/mounriver/mounriver_studio/toolchain/risc-v embedded gcc/bin/../lib/gcc/riscv-none-embed/8.2.0/../../../../riscv-none-embed/lib/rv32imafc/ilp32f\libm.a(lib_a-e_atan2.o)
                              e:/mounriver/mounriver_studio/toolchain/risc-v embedded gcc/bin/../lib/gcc/riscv-none-embed/8.2.0/../../../../riscv-none-embed/lib/rv32imafc/ilp32f\libm.a(lib_a-w_atan2.o) (__ieee754_atan2)
e:/mounriver/mounriver_studio/toolchain/risc-v embedded gcc/bin/../lib/gcc/riscv-none-embed/8.2.0/../../../../riscv-none-embed/lib/rv32imafc/ilp32f\libm.a(lib_a-e_pow.o)
                              e:/mounriver/mounriver_studio/toolchain/risc-v embedded gcc/bin/../lib/gcc/riscv-none-embed/8.2.0/../../../../riscv-none-embed/lib/rv32imafc/ilp32f\libm.a(lib_a-w_pow.o) (__ieee754_pow)
e:/mounriver/mounriver_studio/toolchain/risc-v embedded gcc/bin/../lib/gcc/riscv-none-embed/8.2.0/../../../../riscv-none-embed/lib/rv32imafc/ilp32f\libm.a(lib_a-e_rem_pio2.o)
                              e:/mounriver/mounriver_studio/toolchain/risc-v embedded gcc/bin/../lib/gcc/riscv-none-embed/8.2.0/../../../../riscv-none-embed/lib/rv32imafc/ilp32f\libm.a(lib_a-s_cos.o) (__ieee754_rem_pio2)
e:/mounriver/mounriver_studio/toolchain/risc-v embedded gcc/bin/../lib/gcc/riscv-none-embed/8.2.0/../../../../riscv-none-embed/lib/rv32imafc/ilp32f\libm.a(lib_a-e_sqrt.o)
                              e:/mounriver/mounriver_studio/toolchain/risc-v embedded gcc/bin/../lib/gcc/riscv-none-embed/8.2.0/../../../../riscv-none-embed/lib/rv32imafc/ilp32f\libm.a(lib_a-w_sqrt.o) (__ieee754_sqrt)
e:/mounriver/mounriver_studio/toolchain/risc-v embedded gcc/bin/../lib/gcc/riscv-none-embed/8.2.0/../../../../riscv-none-embed/lib/rv32imafc/ilp32f\libm.a(lib_a-k_cos.o)
                              e:/mounriver/mounriver_studio/toolchain/risc-v embedded gcc/bin/../lib/gcc/riscv-none-embed/8.2.0/../../../../riscv-none-embed/lib/rv32imafc/ilp32f\libm.a(lib_a-s_cos.o) (__kernel_cos)
e:/mounriver/mounriver_studio/toolchain/risc-v embedded gcc/bin/../lib/gcc/riscv-none-embed/8.2.0/../../../../riscv-none-embed/lib/rv32imafc/ilp32f\libm.a(lib_a-k_rem_pio2.o)
                              e:/mounriver/mounriver_studio/toolchain/risc-v embedded gcc/bin/../lib/gcc/riscv-none-embed/8.2.0/../../../../riscv-none-embed/lib/rv32imafc/ilp32f\libm.a(lib_a-e_rem_pio2.o) (__kernel_rem_pio2)
e:/mounriver/mounriver_studio/toolchain/risc-v embedded gcc/bin/../lib/gcc/riscv-none-embed/8.2.0/../../../../riscv-none-embed/lib/rv32imafc/ilp32f\libm.a(lib_a-k_sin.o)
                              e:/mounriver/mounriver_studio/toolchain/risc-v embedded gcc/bin/../lib/gcc/riscv-none-embed/8.2.0/../../../../riscv-none-embed/lib/rv32imafc/ilp32f\libm.a(lib_a-s_cos.o) (__kernel_sin)
e:/mounriver/mounriver_studio/toolchain/risc-v embedded gcc/bin/../lib/gcc/riscv-none-embed/8.2.0/../../../../riscv-none-embed/lib/rv32imafc/ilp32f\libm.a(lib_a-s_atan.o)
[...]
Memory Configuration

Name             Origin             Length             Attributes
RAM              0x0000000020000000 0x0000000000010000 xrw
FLASH            0x0000000000000000 0x0000000000040000 xr
*default*        0x0000000000000000 0xffffffffffffffff

Linker script and memory map

LOAD ./zf_driver/zf_driver_adc.o
LOAD ./zf_driver/zf_driver_delay.o
LOAD ./zf_driver/zf_driver_dvp.o
LOAD ./zf_driver/zf_driver_encoder.o
LOAD ./zf_driver/zf_driver_exti.o
LOAD ./zf_driver/zf_driver_flash.o
LOAD ./zf_driver/zf_driver_gpio.o
LOAD ./zf_driver/zf_driver_iic.o
LOAD ./zf_driver/zf_driver_pit.o
LOAD ./zf_driver/zf_driver_pwm.o
LOAD ./zf_driver/zf_driver_soft_iic.o
LOAD ./zf_driver/zf_driver_soft_spi.o
LOAD ./zf_driver/zf_driver_spi.o
LOAD ./zf_driver/zf_driver_timer.o
LOAD ./zf_driver/zf_driver_uart.o
LOAD ./zf_driver/zf_driver_usb_cdc.o
LOAD ./zf_device/zf_device_absolute_encoder.o
LOAD ./zf_device/zf_device_aht20.o
LOAD ./zf_device/zf_device_bluetooth_ch9141.o
LOAD ./zf_device/zf_device_camera.o
LOAD ./zf_device/zf_device_dl1a.o
LOAD ./zf_device/zf_device_dm1xa.o
LOAD ./zf_device/zf_device_gps_tau1201.o
LOAD ./zf_device/zf_device_icm20602.o
LOAD ./zf_device/zf_device_imu660ra.o
LOAD ./zf_device/zf_device_imu963ra.o
LOAD ./zf_device/zf_device_ips114.o
LOAD ./zf_device/zf_device_ips200.o
LOAD ./zf_device/zf_device_k24c02.o
LOAD ./zf_device/zf_device_key.o
LOAD ./zf_device/zf_device_mpu6050.o
LOAD ./zf_device/zf_device_mt9v03x_dvp.o
LOAD ./zf_device/zf_device_oled.o
LOAD ./zf_device/zf_device_scc8660_dvp.o
LOAD ./zf_device/zf_device_tft180.o
LOAD ./zf_device/zf_device_type.o
LOAD ./zf_device/zf_device_virtual_oscilloscope.o
LOAD ./zf_device/zf_device_w25q32.o
LOAD ./zf_device/zf_device_wifi_uart.o
LOAD ./zf_device/zf_device_wireless_ch573.o
LOAD ./zf_device/zf_device_wireless_uart.o
LOAD ./zf_common/zf_common_clock.o
LOAD ./zf_common/zf_common_debug.o
LOAD ./zf_common/zf_common_fifo.o
LOAD ./zf_common/zf_common_font.o
LOAD ./zf_common/zf_common_function.o
LOAD ./zf_common/zf_common_interrupt.o
LOAD ./user_c/isr.o
LOAD ./user_c/main.o
LOAD ./sdk/Startup/startup_ch32v30x_D8C.o
LOAD ./sdk/Peripheral/ch32v30x_adc.o
LOAD ./sdk/Peripheral/ch32v30x_bkp.o
LOAD ./sdk/Peripheral/ch32v30x_can.o
LOAD ./sdk/Peripheral/ch32v30x_crc.o
LOAD ./sdk/Peripheral/ch32v30x_dac.o
LOAD ./sdk/Peripheral/ch32v30x_dbgmcu.o
LOAD ./sdk/Peripheral/ch32v30x_dma.o
LOAD ./sdk/Peripheral/ch32v30x_dvp.o
LOAD ./sdk/Peripheral/ch32v30x_eth.o
LOAD ./sdk/Peripheral/ch32v30x_exti.o
LOAD ./sdk/Peripheral/ch32v30x_flash.o
LOAD ./sdk/Peripheral/ch32v30x_fsmc.o
LOAD ./sdk/Peripheral/ch32v30x_gpio.o
LOAD ./sdk/Peripheral/ch32v30x_i2c.o
LOAD ./sdk/Peripheral/ch32v30x_iwdg.o
LOAD ./sdk/Peripheral/ch32v30x_opa.o
LOAD ./sdk/Peripheral/ch32v30x_pwr.o
LOAD ./sdk/Peripheral/ch32v30x_rcc.o
LOAD ./sdk/Peripheral/ch32v30x_rng.o
LOAD ./sdk/Peripheral/ch32v30x_rtc.o
LOAD ./sdk/Peripheral/ch32v30x_sdio.o
LOAD ./sdk/Peripheral/ch32v30x_spi.o
LOAD ./sdk/Peripheral/ch32v30x_tim.o
LOAD ./sdk/Peripheral/ch32v30x_usart.o
LOAD ./sdk/Peripheral/ch32v30x_usbotg_device.o
LOAD ./sdk/Peripheral/ch32v30x_wwdg.o
LOAD ./sdk/Core/core_riscv.o
LOAD ./code/Read_ADC.o
LOAD ./code/hall_stopline.o
LOAD ./code/lai.o
LOAD ./code/motor.o
LOAD ./code/qu.o
LOAD ./code/servo.o
LOAD ./code/tof.o
LOAD e:/mounriver/mounriver_studio/toolchain/risc-v embedded gcc/bin/../lib/gcc/riscv-none-embed/8.2.0/../../../../riscv-none-embed/lib/rv32imafc/ilp32f\libm.a
LOAD E:\CHV307_Library-master\Seekfree_CH32V307VCT6_Opensource_Library\libraries\zf_device\libzf_device_config.a
LOAD e:/mounriver/mounriver_studio/toolchain/risc-v embedded gcc/bin/../lib/gcc/riscv-none-embed/8.2.0/rv32imafc/ilp32f\libgcc.a
LOAD e:/mounriver/mounriver_studio/toolchain/risc-v embedded gcc/bin/../lib/gcc/riscv-none-embed/8.2.0/../../../../riscv-none-embed/lib/rv32imafc/ilp32f\libg_nano.a
LOAD e:/mounriver/mounriver_studio/toolchain/risc-v embedded gcc/bin/../lib/gcc/riscv-none-embed/8.2.0/../../../../riscv-none-embed/lib/rv32imafc/ilp32f\libc_nano.a
LOAD e:/mounriver/mounriver_studio/toolchain/risc-v embedded gcc/bin/../lib/gcc/riscv-none-embed/8.2.0/rv32imafc/ilp32f\libgcc.a
START GROUP
LOAD e:/mounriver/mounriver_studio/toolchain/risc-v embedded gcc/bin/../lib/gcc/riscv-none-embed/8.2.0/rv32imafc/ilp32f\libgcc.a
LOAD e:/mounriver/mounriver_studio/toolchain/risc-v embedded gcc/bin/../lib/gcc/riscv-none-embed/8.2.0/../../../../riscv-none-embed/lib/rv32imafc/ilp32f\libc_nano.a
LOAD e:/mounriver/mounriver_studio/toolchain/risc-v embedded gcc/bin/../lib/gcc/riscv-none-embed/8.2.0/../../../../riscv-none-embed/lib/rv32imafc/ilp32f\libnosys.a
END GROUP
START GROUP
LOAD e:/mounriver/mounriver_studio/toolchain/risc-v embedded gcc/bin/../lib/gcc/riscv-none-embed/8.2.0/rv32imafc/ilp32f\libgcc.a
LOAD e:/mounriver/mounriver_studio/toolchain/risc-v embedded gcc/bin/../lib/gcc/riscv-none-embed/8.2.0/../../../../riscv-none-embed/lib/rv32imafc/ilp32f\libc_nano.a
LOAD e:/mounriver/mounriver_studio/toolchain/risc-v embedded gcc/bin/../lib/gcc/riscv-none-embed/8.2.0/../../../../riscv-none-embed/lib/rv32imafc/ilp32f\libnosys.a
END GROUP
                0x0000000000000800                __stack_size = 0x800
                [!provide]                        PROVIDE (_stack_size = __stack_size)

.init           0x0000000000000000       0x38
                0x0000000000000000                _sinit = .
                0x0000000000000000                . = ALIGN (0x4)
 *(SORT_NONE(.init))
 .init          0x0000000000000000       0x38 ./sdk/Startup/startup_ch32v30x_D8C.o
                0x0000000000000000                _start
                0x0000000000000038                . = ALIGN (0x4)
                0x0000000000000038                _einit = .

.vector         0x0000000000000038      0x1c8
 *(.vector)
 .vector        0x0000000000000038      0x1a0 ./sdk/Startup/startup_ch32v30x_D8C.o
                0x0000000000000200                . = ALIGN (0x40)
 *fill*         0x00000000000001d8       0x28 

.text           0x0000000000000200    0x11a24
                0x0000000000000200                . = ALIGN (0x4)
 *(.text)
 .text          0x0000000000000200       0xa8 e:/mounriver/mounriver_studio/toolchain/risc-v embedded gcc/bin/../lib/gcc/riscv-none-embed/8.2.0/../../../../riscv-none-embed/lib/rv32imafc/ilp32f\libg_nano.a(lib_a-memset.o)
                0x0000000000000200                memset
 *(.text.*)
 .text.adc_convert
                0x00000000000002a8       0xbc ./zf_driver/zf_driver_adc.o
                0x00000000000002a8                adc_convert
 .text.adc_mean_filter_convert
                0x0000000000000364       0x7c ./zf_driver/zf_driver_adc.o
                0x0000000000000364                adc_mean_filter_convert
 .text.adc_init
                0x00000000000003e0      0x192 ./zf_driver/zf_driver_adc.o
                0x00000000000003e0                adc_init
 .text.system_delay
                0x0000000000000572       0x9a ./zf_driver/zf_driver_delay.o
                0x0000000000000572                system_delay
 .text.gpio_get_level
                0x000000000000060c       0x42 ./zf_driver/zf_driver_gpio.o
                0x000000000000060c                gpio_get_level
 .text.gpio_toggle_level
                0x000000000000064e       0x6a ./zf_driver/zf_driver_gpio.o
                0x000000000000064e                gpio_toggle_level
 .text.gpio_init
                0x00000000000006b8      0x15c ./zf_driver/zf_driver_gpio.o
                0x00000000000006b8                gpio_init
 .text.pit_init
                0x0000000000000814      0x218 ./zf_driver/zf_driver_pit.o
                0x0000000000000814                pit_init
 .text.pwm_set_duty
                0x0000000000000a2c      0x166 ./zf_driver/zf_driver_pwm.o
                0x0000000000000a2c                pwm_set_duty
 .text.pwm_init
                0x0000000000000b92      0x416 ./zf_driver/zf_driver_pwm.o
                0x0000000000000b92                pwm_init
 .text.soft_iic_start
                0x0000000000000fa8      0x128 ./zf_driver/zf_driver_soft_iic.o
 .text.soft_iic_stop
                0x00000000000010d0      0x142 ./zf_driver/zf_driver_soft_iic.o
 .text.soft_iic_send_ack
                0x0000000000001212      0x196 ./zf_driver/zf_driver_soft_iic.o
 .text.soft_iic_wait_ack
                0x00000000000013a8      0x160 ./zf_driver/zf_driver_soft_iic.o
 .text.soft_iic_send_data
                0x0000000000001508      0x16e ./zf_driver/zf_driver_soft_iic.o
 .text.soft_iic_read_data
                0x0000000000001676      0x1e8 ./zf_driver/zf_driver_soft_iic.o
 .text.soft_iic_write_8bit_array
                0x000000000000185e       0xa8 ./zf_driver/zf_driver_soft_iic.o
                0x000000000000185e                soft_iic_write_8bit_array
 .text.soft_iic_write_8bit_register
                0x0000000000001906       0x80 ./zf_driver/zf_driver_soft_iic.o
                0x0000000000001906                soft_iic_write_8bit_register
 .text.soft_iic_read_8bit_register
                0x0000000000001986       0xac ./zf_driver/zf_driver_soft_iic.o
                0x0000000000001986                soft_iic_read_8bit_register
 .text.soft_iic_read_8bit_registers
                0x0000000000001a32       0xf8 ./zf_driver/zf_driver_soft_iic.o
                0x0000000000001a32                soft_iic_read_8bit_registers
 .text.soft_iic_init
                0x0000000000001b2a       0xb2 ./zf_driver/zf_driver_soft_iic.o
                0x0000000000001b2a                soft_iic_init
 .text.spi_write_8bit
                0x0000000000001bdc       0x6a ./zf_driver/zf_driver_spi.o
                0x0000000000001bdc                spi_write_8bit
 .text.spi_write_16bit
                0x0000000000001c46       0xa6 ./zf_driver/zf_driver_spi.o
                0x0000000000001c46                spi_write_16bit
 .text.spi_init
                0x0000000000001cec      0x2f0 ./zf_driver/zf_driver_spi.o
                0x0000000000001cec                spi_init
 .text.timer_funciton_check
                0x0000000000001fdc       0x66 ./zf_driver/zf_driver_timer.o
                0x0000000000001fdc                timer_funciton_check
 .text.timer_clock_enable
                0x0000000000002042       0xe2 ./zf_driver/zf_driver_timer.o
                0x0000000000002042                timer_clock_enable
 .text.timer_get
                0x0000000000002124       0xfe ./zf_driver/zf_driver_timer.o
                0x0000000000002124                timer_get
 .text.timer_clear
                0x0000000000002222       0xc4 ./zf_driver/zf_driver_timer.o
                0x0000000000002222                timer_clear
 .text.timer_init
                0x00000000000022e6      0x1a0 ./zf_driver/zf_driver_timer.o
                0x00000000000022e6                timer_init
 .text.uart_write_byte
                0x0000000000002486       0x56 ./zf_driver/zf_driver_uart.o
                0x0000000000002486                uart_write_byte
 .text.uart_write_string
                0x00000000000024dc       0x60 ./zf_driver/zf_driver_uart.o
                0x00000000000024dc                uart_write_string
 .text.uart_query_byte
                0x000000000000253c       0x5e ./zf_driver/zf_driver_uart.o
                0x000000000000253c                uart_query_byte
 .text.uart_init
                0x000000000000259a      0x5a6 ./zf_driver/zf_driver_uart.o
                0x000000000000259a                uart_init
 .text.dl1a_get_spad_info
                0x0000000000002b40      0x208 ./zf_device/zf_device_dl1a.o
 .text.dl1a_timeout_mclks_to_microseconds
                0x0000000000002d48       0x58 ./zf_device/zf_device_dl1a.o
 .text.dl1a_timeout_microseconds_to_mclks
                0x0000000000002da0       0x54 ./zf_device/zf_device_dl1a.o
 .text.dl1a_decode_timeout
                0x0000000000002df4       0x34 ./zf_device/zf_device_dl1a.o
 .text.dl1a_encode_timeout
                0x0000000000002e28       0x7a ./zf_device/zf_device_dl1a.o
 .text.dl1a_get_sequence_step_enables
                0x0000000000002ea2       0x9e ./zf_device/zf_device_dl1a.o
 .text.dl1a_get_vcsel_pulse_period
                0x0000000000002f40       0x88 ./zf_device/zf_device_dl1a.o
 .text.dl1a_get_sequence_step_timeouts
                0x0000000000002fc8      0x190 ./zf_device/zf_device_dl1a.o
 .text.dl1a_perform_single_ref_calibration
                0x0000000000003158       0xce ./zf_device/zf_device_dl1a.o
 .text.dl1a_set_measurement_timing_budget
                0x0000000000003226      0x166 ./zf_device/zf_device_dl1a.o
 .text.dl1a_get_measurement_timing_budget
                0x000000000000338c       0xb6 ./zf_device/zf_device_dl1a.o
 .text.dl1a_set_signal_rate_limit
                0x0000000000003442       0xa6 ./zf_device/zf_device_dl1a.o
 .text.dl1a_init
                0x00000000000034e8      0x92c ./zf_device/zf_device_dl1a.o
                0x00000000000034e8                dl1a_init
 .text.dm1xa_sound_callback
                0x0000000000003e14       0xf2 ./zf_device/zf_device_dm1xa.o
                0x0000000000003e14                dm1xa_sound_callback
 .text.dm1xa_light_callback
                0x0000000000003f06       0x32 ./zf_device/zf_device_dm1xa.o
                0x0000000000003f06                dm1xa_light_callback
 .text.gps_uart_callback
                0x0000000000003f38      0x10a ./zf_device/zf_device_gps_tau1201.o
                0x0000000000003f38                gps_uart_callback
 .text.ips200_write_data
                0x0000000000004042       0x32 ./zf_device/zf_device_ips200.o
 .text.ips200_write_command
                0x0000000000004074       0xf8 ./zf_device/zf_device_ips200.o
 .text.ips200_write_8bit_data
                0x000000000000416c       0x8c ./zf_device/zf_device_ips200.o
 .text.ips200_write_16bit_data
                0x00000000000041f8       0xce ./zf_device/zf_device_ips200.o
 .text.ips200_set_region
                0x00000000000042c6       0xf4 ./zf_device/zf_device_ips200.o
 .text.ips200_debug_init
                0x00000000000043ba       0x7e ./zf_device/zf_device_ips200.o
 .text.ips200_clear
                0x0000000000004438       0x9e ./zf_device/zf_device_ips200.o
                0x0000000000004438                ips200_clear
 .text.ips200_set_dir
                0x00000000000044d6       0x46 ./zf_device/zf_device_ips200.o
                0x00000000000044d6                ips200_set_dir
 .text.ips200_set_color
                0x000000000000451c       0x2c ./zf_device/zf_device_ips200.o
                0x000000000000451c                ips200_set_color
 .text.ips200_show_char
                0x0000000000004548      0x292 ./zf_device/zf_device_ips200.o
                0x0000000000004548                ips200_show_char
 .text.ips200_show_string
                0x00000000000047da      0x11a ./zf_device/zf_device_ips200.o
                0x00000000000047da                ips200_show_string
 .text.ips200_show_float
                0x00000000000048f4      0x1ae ./zf_device/zf_device_ips200.o
                0x00000000000048f4                ips200_show_float
 .text.ips200_init
                0x0000000000004aa2      0x430 ./zf_device/zf_device_ips200.o
                0x0000000000004aa2                ips200_init
 .text.type_default_callback
                0x0000000000004ed2        0xe ./zf_device/zf_device_type.o
 .text.clock_reset
                0x0000000000004ee0       0x76 ./zf_common/zf_common_clock.o
 .text.clock_set_freq
                0x0000000000004f56      0x1d8 ./zf_common/zf_common_clock.o
 .text.clock_init
                0x000000000000512e       0x2e ./zf_common/zf_common_clock.o
                0x000000000000512e                clock_init
 .text.__NOP    0x000000000000515c       0x10 ./zf_common/zf_common_debug.o
 .text.debug_delay
                0x000000000000516c       0x54 ./zf_common/zf_common_debug.o
 .text.debug_protective_handler
                0x00000000000051c0        0xe ./zf_common/zf_common_debug.o
 .text.debug_uart_str_output
                0x00000000000051ce       0x20 ./zf_common/zf_common_debug.o
 .text.debug_output
                0x00000000000051ee      0x52c ./zf_common/zf_common_debug.o
 .text._write   0x000000000000571a       0x7c ./zf_common/zf_common_debug.o
                0x000000000000571a                _write
 .text.debug_assert_handler
                0x0000000000005796       0x68 ./zf_common/zf_common_debug.o
                0x0000000000005796                debug_assert_handler
 .text.debug_log_handler
                0x00000000000057fe       0x4e ./zf_common/zf_common_debug.o
                0x00000000000057fe                debug_log_handler
 .text.debug_output_struct_init
                0x000000000000584c       0x5a ./zf_common/zf_common_debug.o
                0x000000000000584c                debug_output_struct_init
 .text.debug_output_init
                0x00000000000058a6       0x88 ./zf_common/zf_common_debug.o
                0x00000000000058a6                debug_output_init
 .text.debug_init
                0x000000000000592e       0x4a ./zf_common/zf_common_debug.o
                0x000000000000592e                debug_init
 .text.fifo_head_offset
                0x0000000000005978       0x4e ./zf_common/zf_common_fifo.o
 .text.fifo_end_offset
                0x00000000000059c6       0x4e ./zf_common/zf_common_fifo.o
 .text.fifo_clear
                0x0000000000005a14      0x100 ./zf_common/zf_common_fifo.o
                0x0000000000005a14                fifo_clear
 .text.fifo_used
                0x0000000000005b14       0x44 ./zf_common/zf_common_fifo.o
                0x0000000000005b14                fifo_used
 .text.fifo_write_buffer
                0x0000000000005b58      0x304 ./zf_common/zf_common_fifo.o
                0x0000000000005b58                fifo_write_buffer
 .text.fifo_read_buffer
                0x0000000000005e5c      0x2e0 ./zf_common/zf_common_fifo.o
                0x0000000000005e5c                fifo_read_buffer
 .text.func_float_to_str
                0x000000000000613c      0x260 ./zf_common/zf_common_function.o
                0x000000000000613c                func_float_to_str
 .text.__enable_irq
                0x000000000000639c       0x18 ./zf_common/zf_common_interrupt.o
 .text.__disable_irq
                0x00000000000063b4       0x14 ./zf_common/zf_common_interrupt.o
 .text.NVIC_EnableIRQ
                0x00000000000063c8       0x32 ./zf_common/zf_common_interrupt.o
 .text.NVIC_SetPriority
                0x00000000000063fa       0x2a ./zf_common/zf_common_interrupt.o
 .text.interrupt_enable
                0x0000000000006424       0x1e ./zf_common/zf_common_interrupt.o
                0x0000000000006424                interrupt_enable
 .text.interrupt_set_priority
                0x0000000000006442       0x2a ./zf_common/zf_common_interrupt.o
                0x0000000000006442                interrupt_set_priority
 .text.interrupt_global_enable
                0x000000000000646c       0x32 ./zf_common/zf_common_interrupt.o
                0x000000000000646c                interrupt_global_enable
 .text.interrupt_global_disable
                0x000000000000649e       0x2c ./zf_common/zf_common_interrupt.o
                0x000000000000649e                interrupt_global_disable
 .text.interrupt_init
                0x00000000000064ca       0x18 ./zf_common/zf_common_interrupt.o
                0x00000000000064ca                interrupt_init
 .text.USART1_IRQHandler
                0x00000000000064e2       0x84 ./user_c/isr.o
                0x00000000000064e2                USART1_IRQHandler
 .text.USART2_IRQHandler
                0x0000000000006566       0x84 ./user_c/isr.o
                0x0000000000006566                USART2_IRQHandler
 .text.USART3_IRQHandler
                0x00000000000065ea       0x84 ./user_c/isr.o
                0x00000000000065ea                USART3_IRQHandler
 .text.UART4_IRQHandler
                0x000000000000666e       0x84 ./user_c/isr.o
                0x000000000000666e                UART4_IRQHandler
 .text.UART5_IRQHandler
                0x00000000000066f2       0x82 ./user_c/isr.o
                0x00000000000066f2                UART5_IRQHandler
 .text.UART6_IRQHandler
                0x0000000000006774       0x84 ./user_c/isr.o
                0x0000000000006774                UART6_IRQHandler
 .text.UART7_IRQHandler
                0x00000000000067f8       0x8a ./user_c/isr.o
                0x00000000000067f8                UART7_IRQHandler
 .text.UART8_IRQHandler
                0x0000000000006882       0x80 ./user_c/isr.o
                0x0000000000006882                UART8_IRQHandler
 .text.DVP_IRQHandler
                0x0000000000006902       0x90 ./user_c/isr.o
                0x0000000000006902                DVP_IRQHandler
 .text.EXTI0_IRQHandler
                0x0000000000006992       0x74 ./user_c/isr.o
                0x0000000000006992                EXTI0_IRQHandler
 .text.EXTI1_IRQHandler
                0x0000000000006a06       0x74 ./user_c/isr.o
                0x0000000000006a06                EXTI1_IRQHandler
 .text.EXTI2_IRQHandler
                0x0000000000006a7a       0x74 ./user_c/isr.o
                0x0000000000006a7a                EXTI2_IRQHandler
 .text.EXTI3_IRQHandler
                0x0000000000006aee       0x74 ./user_c/isr.o
                0x0000000000006aee                EXTI3_IRQHandler
 .text.EXTI4_IRQHandler
                0x0000000000006b62       0x74 ./user_c/isr.o
                0x0000000000006b62                EXTI4_IRQHandler
 .text.EXTI9_5_IRQHandler
                0x0000000000006bd6       0xd8 ./user_c/isr.o
                0x0000000000006bd6                EXTI9_5_IRQHandler
 .text.EXTI15_10_IRQHandler
                0x0000000000006cae       0xec ./user_c/isr.o
                0x0000000000006cae                EXTI15_10_IRQHandler
 .text.TIM1_UP_IRQHandler
                0x0000000000006d9a       0x80 ./user_c/isr.o
                0x0000000000006d9a                TIM1_UP_IRQHandler
 .text.TIM2_IRQHandler
                0x0000000000006e1a       0x78 ./user_c/isr.o
                0x0000000000006e1a                TIM2_IRQHandler
 .text.TIM3_IRQHandler
                0x0000000000006e92       0x80 ./user_c/isr.o
                0x0000000000006e92                TIM3_IRQHandler
 .text.TIM4_IRQHandler
                0x0000000000006f12       0x80 ./user_c/isr.o
                0x0000000000006f12                TIM4_IRQHandler
 .text.TIM5_IRQHandler
                0x0000000000006f92       0x80 ./user_c/isr.o
                0x0000000000006f92                TIM5_IRQHandler
 .text.TIM6_IRQHandler
                0x0000000000007012       0xd4 ./user_c/isr.o
                0x0000000000007012                TIM6_IRQHandler
 .text.TIM7_IRQHandler
                0x00000000000070e6       0x80 ./user_c/isr.o
                0x00000000000070e6                TIM7_IRQHandler
 .text.TIM8_UP_IRQHandler
                0x0000000000007166       0x80 ./user_c/isr.o
                0x0000000000007166                TIM8_UP_IRQHandler
 .text.TIM9_UP_IRQHandler
                0x00000000000071e6       0x80 ./user_c/isr.o
                0x00000000000071e6                TIM9_UP_IRQHandler
 .text.TIM10_UP_IRQHandler
                0x0000000000007266       0x78 ./user_c/isr.o
                0x0000000000007266                TIM10_UP_IRQHandler
 .text.NMI_Handler
                0x00000000000072de       0x10 ./user_c/isr.o
                0x00000000000072de                NMI_Handler
 .text.HardFault_Handler
                0x00000000000072ee        0x8 ./user_c/isr.o
                0x00000000000072ee                HardFault_Handler
 .text.main     0x00000000000072f6       0x6c ./user_c/main.o
                0x00000000000072f6                main
 .text.vector_handler
                0x0000000000007362       0xbe ./sdk/Startup/startup_ch32v30x_D8C.o
                0x0000000000007366                Ecall_M_Mode_Handler
                0x0000000000007368                Ecall_U_Mode_Handler
                0x000000000000736a                Break_Point_Handler
                0x000000000000736c                SysTick_Handler
                0x000000000000736e                SW_Handler
                0x0000000000007370                WWDG_IRQHandler
                0x0000000000007372                PVD_IRQHandler
                0x0000000000007374                TAMPER_IRQHandler
                0x0000000000007376                RTC_IRQHandler
                0x0000000000007378                FLASH_IRQHandler
                0x000000000000737a                RCC_IRQHandler
                0x0000000000007386                DMA1_Channel1_IRQHandler
                0x0000000000007388                DMA1_Channel2_IRQHandler
                0x000000000000738a                DMA1_Channel3_IRQHandler
                0x000000000000738c                DMA1_Channel4_IRQHandler
                0x000000000000738e                DMA1_Channel5_IRQHandler
                0x0000000000007390                DMA1_Channel6_IRQHandler
                0x0000000000007392                DMA1_Channel7_IRQHandler
                0x0000000000007394                ADC1_2_IRQHandler
                0x0000000000007396                USB_HP_CAN1_TX_IRQHandler
                0x0000000000007398                USB_LP_CAN1_RX0_IRQHandler
                0x000000000000739a                CAN1_RX1_IRQHandler
                0x000000000000739c                CAN1_SCE_IRQHandler
                0x00000000000073a0                TIM1_BRK_IRQHandler
                0x00000000000073a4                TIM1_TRG_COM_IRQHandler
                0x00000000000073a6                TIM1_CC_IRQHandler
                0x00000000000073ae                I2C1_EV_IRQHandler
                0x00000000000073b0                I2C1_ER_IRQHandler
                0x00000000000073b2                I2C2_EV_IRQHandler
                0x00000000000073b4                I2C2_ER_IRQHandler
                0x00000000000073b6                SPI1_IRQHandler
                0x00000000000073b8                SPI2_IRQHandler
                0x00000000000073c2                RTCAlarm_IRQHandler
                0x00000000000073c4                USBWakeUp_IRQHandler
                0x00000000000073c6                TIM8_BRK_IRQHandler
                0x00000000000073ca                TIM8_TRG_COM_IRQHandler
                0x00000000000073cc                TIM8_CC_IRQHandler
                0x00000000000073ce                RNG_IRQHandler
                0x00000000000073d0                FSMC_IRQHandler
                0x00000000000073d2                SDIO_IRQHandler
                0x00000000000073d6                SPI3_IRQHandler
                0x00000000000073e0                DMA2_Channel1_IRQHandler
                0x00000000000073e2                DMA2_Channel2_IRQHandler
                0x00000000000073e4                DMA2_Channel3_IRQHandler
                0x00000000000073e6                DMA2_Channel4_IRQHandler
                0x00000000000073e8                DMA2_Channel5_IRQHandler
                0x00000000000073ea                ETH_IRQHandler
                0x00000000000073ec                ETH_WKUP_IRQHandler
                0x00000000000073ee                CAN2_TX_IRQHandler
                0x00000000000073f0                CAN2_RX0_IRQHandler
                0x00000000000073f2                CAN2_RX1_IRQHandler
                0x00000000000073f4                CAN2_SCE_IRQHandler
                0x00000000000073f8                USBHSWakeup_IRQHandler
                0x00000000000073fa                USBHS_IRQHandler
                0x0000000000007404                TIM9_BRK_IRQHandler
                0x0000000000007408                TIM9_TRG_COM_IRQHandler
                0x000000000000740a                TIM9_CC_IRQHandler
                0x000000000000740c                TIM10_BRK_IRQHandler
                0x0000000000007410                TIM10_TRG_COM_IRQHandler
                0x0000000000007412                TIM10_CC_IRQHandler
                0x0000000000007414                DMA2_Channel6_IRQHandler
                0x0000000000007416                DMA2_Channel7_IRQHandler
                0x0000000000007418                DMA2_Channel8_IRQHandler
                0x000000000000741a                DMA2_Channel9_IRQHandler
                0x000000000000741c                DMA2_Channel10_IRQHandler
                0x000000000000741e                DMA2_Channel11_IRQHandler
 .text.handle_reset
                0x0000000000007420       0x86 ./sdk/Startup/startup_ch32v30x_D8C.o
                0x0000000000007420                handle_reset
 .text.ADC_DeInit
                0x00000000000074a6       0x60 ./sdk/Peripheral/ch32v30x_adc.o
                0x00000000000074a6                ADC_DeInit
 .text.ADC_Init
                0x0000000000007506      0x102 ./sdk/Peripheral/ch32v30x_adc.o
                0x0000000000007506                ADC_Init
 .text.ADC_Cmd  0x0000000000007608       0x3e ./sdk/Peripheral/ch32v30x_adc.o
                0x0000000000007608                ADC_Cmd
 .text.ADC_ResetCalibration
                0x0000000000007646       0x22 ./sdk/Peripheral/ch32v30x_adc.o
                0x0000000000007646                ADC_ResetCalibration
 .text.ADC_GetResetCalibrationStatus
                0x0000000000007668       0x30 ./sdk/Peripheral/ch32v30x_adc.o
                0x0000000000007668                ADC_GetResetCalibrationStatus
 .text.ADC_StartCalibration
                0x0000000000007698       0x22 ./sdk/Peripheral/ch32v30x_adc.o
                0x0000000000007698                ADC_StartCalibration
 .text.ADC_GetCalibrationStatus
                0x00000000000076ba       0x30 ./sdk/Peripheral/ch32v30x_adc.o
                0x00000000000076ba                ADC_GetCalibrationStatus
 .text.ADC_SoftwareStartConvCmd
                0x00000000000076ea       0x44 ./sdk/Peripheral/ch32v30x_adc.o
                0x00000000000076ea                ADC_SoftwareStartConvCmd
 .text.ADC_RegularChannelConfig
                0x000000000000772e      0x248 ./sdk/Peripheral/ch32v30x_adc.o
                0x000000000000772e                ADC_RegularChannelConfig
 .text.ADC_GetFlagStatus
                0x0000000000007976       0x3a ./sdk/Peripheral/ch32v30x_adc.o
                0x0000000000007976                ADC_GetFlagStatus
 .text.ADC_BufferCmd
                0x00000000000079b0       0x44 ./sdk/Peripheral/ch32v30x_adc.o
                0x00000000000079b0                ADC_BufferCmd
 .text.EXTI_GetITStatus
                0x00000000000079f4       0x56 ./sdk/Peripheral/ch32v30x_exti.o
                0x00000000000079f4                EXTI_GetITStatus
 .text.EXTI_ClearITPendingBit
                0x0000000000007a4a       0x20 ./sdk/Peripheral/ch32v30x_exti.o
                0x0000000000007a4a                EXTI_ClearITPendingBit
 .text.GPIO_Init
                0x0000000000007a6a      0x22a ./sdk/Peripheral/ch32v30x_gpio.o
                0x0000000000007a6a                GPIO_Init
 .text.GPIO_WriteBit
                0x0000000000007c94       0x38 ./sdk/Peripheral/ch32v30x_gpio.o
                0x0000000000007c94                GPIO_WriteBit
 .text.GPIO_PinRemapConfig
                0x0000000000007ccc      0x1c8 ./sdk/Peripheral/ch32v30x_gpio.o
                0x0000000000007ccc                GPIO_PinRemapConfig
 .text.RCC_ADCCLKConfig
                0x0000000000007e94       0x46 ./sdk/Peripheral/ch32v30x_rcc.o
                0x0000000000007e94                RCC_ADCCLKConfig
 .text.RCC_GetClocksFreq
                0x0000000000007eda      0x2c6 ./sdk/Peripheral/ch32v30x_rcc.o
                0x0000000000007eda                RCC_GetClocksFreq
 .text.RCC_APB2PeriphClockCmd
                0x00000000000081a0       0x46 ./sdk/Peripheral/ch32v30x_rcc.o
                0x00000000000081a0                RCC_APB2PeriphClockCmd
 .text.RCC_APB1PeriphClockCmd
                0x00000000000081e6       0x46 ./sdk/Peripheral/ch32v30x_rcc.o
                0x00000000000081e6                RCC_APB1PeriphClockCmd
 .text.RCC_APB2PeriphResetCmd
                0x000000000000822c       0x46 ./sdk/Peripheral/ch32v30x_rcc.o
                0x000000000000822c                RCC_APB2PeriphResetCmd
 .text.RCC_APB1PeriphResetCmd
                0x0000000000008272       0x46 ./sdk/Peripheral/ch32v30x_rcc.o
                0x0000000000008272                RCC_APB1PeriphResetCmd
 .text.SPI_I2S_DeInit
                0x00000000000082b8       0x76 ./sdk/Peripheral/ch32v30x_spi.o
                0x00000000000082b8                SPI_I2S_DeInit
 .text.SPI_Init
                0x000000000000832e       0xf8 ./sdk/Peripheral/ch32v30x_spi.o
                0x000000000000832e                SPI_Init
 .text.SPI_Cmd  0x0000000000008426       0x5a ./sdk/Peripheral/ch32v30x_spi.o
                0x0000000000008426                SPI_Cmd
 .text.TIM_TimeBaseInit
                0x0000000000008480      0x17e ./sdk/Peripheral/ch32v30x_tim.o
                0x0000000000008480                TIM_TimeBaseInit
 .text.TIM_OC1Init
                0x00000000000085fe      0x19c ./sdk/Peripheral/ch32v30x_tim.o
                0x00000000000085fe                TIM_OC1Init
 .text.TIM_OC2Init
                0x000000000000879a      0x1e2 ./sdk/Peripheral/ch32v30x_tim.o
                0x000000000000879a                TIM_OC2Init
 .text.TIM_OC3Init
                0x000000000000897c      0x1dc ./sdk/Peripheral/ch32v30x_tim.o
                0x000000000000897c                TIM_OC3Init
 .text.TIM_OC4Init
                0x0000000000008b58      0x176 ./sdk/Peripheral/ch32v30x_tim.o
                0x0000000000008b58                TIM_OC4Init
 .text.TIM_Cmd  0x0000000000008cce       0x58 ./sdk/Peripheral/ch32v30x_tim.o
                0x0000000000008cce                TIM_Cmd
 .text.TIM_CtrlPWMOutputs
                0x0000000000008d26       0x60 ./sdk/Peripheral/ch32v30x_tim.o
                0x0000000000008d26                TIM_CtrlPWMOutputs
 .text.TIM_ITConfig
                0x0000000000008d86       0x70 ./sdk/Peripheral/ch32v30x_tim.o
                0x0000000000008d86                TIM_ITConfig
 .text.TIM_OC1PreloadConfig
                0x0000000000008df6       0x4c ./sdk/Peripheral/ch32v30x_tim.o
                0x0000000000008df6                TIM_OC1PreloadConfig
 .text.TIM_OC2PreloadConfig
                0x0000000000008e42       0x5a ./sdk/Peripheral/ch32v30x_tim.o
                0x0000000000008e42                TIM_OC2PreloadConfig
 .text.TIM_OC3PreloadConfig
                0x0000000000008e9c       0x4c ./sdk/Peripheral/ch32v30x_tim.o
                0x0000000000008e9c                TIM_OC3PreloadConfig
 .text.TIM_OC4PreloadConfig
                0x0000000000008ee8       0x5a ./sdk/Peripheral/ch32v30x_tim.o
                0x0000000000008ee8                TIM_OC4PreloadConfig
 .text.TIM_OC1FastConfig
                0x0000000000008f42       0x4c ./sdk/Peripheral/ch32v30x_tim.o
                0x0000000000008f42                TIM_OC1FastConfig
 .text.TIM_OC2FastConfig
                0x0000000000008f8e       0x56 ./sdk/Peripheral/ch32v30x_tim.o
                0x0000000000008f8e                TIM_OC2FastConfig
 .text.TIM_OC3FastConfig
                0x0000000000008fe4       0x4c ./sdk/Peripheral/ch32v30x_tim.o
                0x0000000000008fe4                TIM_OC3FastConfig
 .text.TIM_OC4FastConfig
                0x0000000000009030       0x56 ./sdk/Peripheral/ch32v30x_tim.o
                0x0000000000009030                TIM_OC4FastConfig
 .text.TIM_GetITStatus
                0x0000000000009086       0x70 ./sdk/Peripheral/ch32v30x_tim.o
                0x0000000000009086                TIM_GetITStatus
 .text.TIM_ClearITPendingBit
                0x00000000000090f6       0x2e ./sdk/Peripheral/ch32v30x_tim.o
                0x00000000000090f6                TIM_ClearITPendingBit
 .text.USART_Init
                0x0000000000009124      0x234 ./sdk/Peripheral/ch32v30x_usart.o
                0x0000000000009124                USART_Init
 .text.USART_Cmd
                0x0000000000009358       0x60 ./sdk/Peripheral/ch32v30x_usart.o
                0x0000000000009358                USART_Cmd
 .text.USART_SendData
                0x00000000000093b8       0x2e ./sdk/Peripheral/ch32v30x_usart.o
                0x00000000000093b8                USART_SendData
 .text.USART_GetFlagStatus
                0x00000000000093e6       0x46 ./sdk/Peripheral/ch32v30x_usart.o
                0x00000000000093e6                USART_GetFlagStatus
 .text.USART_GetITStatus
                0x000000000000942c      0x102 ./sdk/Peripheral/ch32v30x_usart.o
                0x000000000000942c                USART_GetITStatus
 .text.USART_ClearITPendingBit
                0x000000000000952e       0x4e ./sdk/Peripheral/ch32v30x_usart.o
                0x000000000000952e                USART_ClearITPendingBit
 .text.DevEP1_IN_Deal
                0x000000000000957c       0x3e ./sdk/Peripheral/ch32v30x_usbotg_device.o
                0x000000000000957c                DevEP1_IN_Deal
 .text.DevEP2_IN_Deal
                0x00000000000095ba       0x3e ./sdk/Peripheral/ch32v30x_usbotg_device.o
                0x00000000000095ba                DevEP2_IN_Deal
 .text.DevEP1_OUT_Deal
                0x00000000000095f8       0x66 ./sdk/Peripheral/ch32v30x_usbotg_device.o
                0x00000000000095f8                DevEP1_OUT_Deal
 .text.DevEP2_OUT_Deal
                0x000000000000965e       0x66 ./sdk/Peripheral/ch32v30x_usbotg_device.o
                0x000000000000965e                DevEP2_OUT_Deal
 .text.OTG_FS_IRQHandler
                0x00000000000096c4      0xcd6 ./sdk/Peripheral/ch32v30x_usbotg_device.o
                0x00000000000096c4                OTG_FS_IRQHandler
 .text.Read_ADC
                0x000000000000a39a       0x56 ./code/Read_ADC.o
                0x000000000000a39a                Read_ADC
 .text.hallinit
                0x000000000000a3f0       0x50 ./code/hall_stopline.o
                0x000000000000a3f0                hallinit
 .text.motor_init
                0x000000000000a440       0x5a ./code/motor.o
                0x000000000000a440                motor_init
 .text.servo_init
                0x000000000000a49a       0x24 ./code/servo.o
                0x000000000000a49a                servo_init
 .text.servo_chabiji
                0x000000000000a4be       0x5e ./code/servo.o
                0x000000000000a4be                servo_chabiji
 .text.servo_con
                0x000000000000a51c      0x116 ./code/servo.o
                0x000000000000a51c                servo_con
 .text.tofinit  0x000000000000a632       0x4c ./code/tof.o
                0x000000000000a632                tofinit
 .text.__adddf3
                0x000000000000a67e      0xa0e e:/mounriver/mounriver_studio/toolchain/risc-v embedded gcc/bin/../lib/gcc/riscv-none-embed/8.2.0/rv32imafc/ilp32f\libgcc.a(adddf3.o)
                0x000000000000a67e                __adddf3
 .text.__divdf3
                0x000000000000b08c      0x7ea e:/mounriver/mounriver_studio/toolchain/risc-v embedded gcc/bin/../lib/gcc/riscv-none-embed/8.2.0/rv32imafc/ilp32f\libgcc.a(divdf3.o)
                0x000000000000b08c                __divdf3
 .text.__eqdf2  0x000000000000b876       0x98 e:/mounriver/mounriver_studio/toolchain/risc-v embedded gcc/bin/../lib/gcc/riscv-none-embed/8.2.0/rv32imafc/ilp32f\libgcc.a(eqdf2.o)
                0x000000000000b876                __nedf2
                0x000000000000b876                __eqdf2
 .text.__gedf2  0x000000000000b90e       0xb6 e:/mounriver/mounriver_studio/toolchain/risc-v embedded gcc/bin/../lib/gcc/riscv-none-embed/8.2.0/rv32imafc/ilp32f\libgcc.a(gedf2.o)
                0x000000000000b90e                __gedf2
                0x000000000000b90e                __gtdf2
 .text.__ledf2  0x000000000000b9c4       0xb6 e:/mounriver/mounriver_studio/toolchain/risc-v embedded gcc/bin/../lib/gcc/riscv-none-embed/8.2.0/rv32imafc/ilp32f\libgcc.a(ledf2.o)
                0x000000000000b9c4                __ledf2
                0x000000000000b9c4                __ltdf2
 .text.__muldf3
                0x000000000000ba7a      0x656 e:/mounriver/mounriver_studio/toolchain/risc-v embedded gcc/bin/../lib/gcc/riscv-none-embed/8.2.0/rv32imafc/ilp32f\libgcc.a(muldf3.o)
                0x000000000000ba7a                __muldf3
 .text.__subdf3
                0x000000000000c0d0      0xa8c e:/mounriver/mounriver_studio/toolchain/risc-v embedded gcc/bin/../lib/gcc/riscv-none-embed/8.2.0/rv32imafc/ilp32f\libgcc.a(subdf3.o)
                0x000000000000c0d0                __subdf3
 .text.__unorddf2
                0x000000000000cb5c       0x7c e:/mounriver/mounriver_studio/toolchain/risc-v embedded gcc/bin/../lib/gcc/riscv-none-embed/8.2.0/rv32imafc/ilp32f\libgcc.a(unorddf2.o)
                0x000000000000cb5c                __unorddf2
 .text.__fixdfsi
                0x000000000000cbd8       0xd8 e:/mounriver/mounriver_studio/toolchain/risc-v embedded gcc/bin/../lib/gcc/riscv-none-embed/8.2.0/rv32imafc/ilp32f\libgcc.a(fixdfsi.o)
                0x000000000000cbd8                __fixdfsi
 .text.__fixunsdfsi
                0x000000000000ccb0       0x9e e:/mounriver/mounriver_studio/toolchain/risc-v embedded gcc/bin/../lib/gcc/riscv-none-embed/8.2.0/rv32imafc/ilp32f\libgcc.a(fixunsdfsi.o)
                0x000000000000ccb0                __fixunsdfsi
 .text.__floatsidf
                0x000000000000cd4e       0x70 e:/mounriver/mounriver_studio/toolchain/risc-v embedded gcc/bin/../lib/gcc/riscv-none-embed/8.2.0/rv32imafc/ilp32f\libgcc.a(floatsidf.o)
                0x000000000000cd4e                __floatsidf
 .text.__floatunsidf
                0x000000000000cdbe       0x66 e:/mounriver/mounriver_studio/toolchain/risc-v embedded gcc/bin/../lib/gcc/riscv-none-embed/8.2.0/rv32imafc/ilp32f\libgcc.a(floatunsidf.o)
                0x000000000000cdbe                __floatunsidf
 .text.__extendsfdf2
                0x000000000000ce24       0xe8 e:/mounriver/mounriver_studio/toolchain/risc-v embedded gcc/bin/../lib/gcc/riscv-none-embed/8.2.0/rv32imafc/ilp32f\libgcc.a(extendsfdf2.o)
                0x000000000000ce24                __extendsfdf2
 .text.__clzsi2
                0x000000000000cf0c       0x76 e:/mounriver/mounriver_studio/toolchain/risc-v embedded gcc/bin/../lib/gcc/riscv-none-embed/8.2.0/rv32imafc/ilp32f\libgcc.a(_clzsi2.o)
                0x000000000000cf0c                __clzsi2
 .text.memcpy   0x000000000000cf82       0xb6 e:/mounriver/mounriver_studio/toolchain/risc-v embedded gcc/bin/../lib/gcc/riscv-none-embed/8.2.0/../../../../riscv-none-embed/lib/rv32imafc/ilp32f\libg_nano.a(lib_a-memcpy.o)
                0x000000000000cf82                memcpy
 .text.__cvt    0x000000000000d038       0xee e:/mounriver/mounriver_studio/toolchain/risc-v embedded gcc/bin/../lib/gcc/riscv-none-embed/8.2.0/../../../../riscv-none-embed/lib/rv32imafc/ilp32f\libg_nano.a(lib_a-nano-vfprintf_float.o)
                0x000000000000d038                __cvt
 .text.__exponent
                0x000000000000d126       0x8c e:/mounriver/mounriver_studio/toolchain/risc-v embedded gcc/bin/../lib/gcc/riscv-none-embed/8.2.0/../../../../riscv-none-embed/lib/rv32imafc/ilp32f\libg_nano.a(lib_a-nano-vfprintf_float.o)
                0x000000000000d126                __exponent
 .text._printf_float
                0x000000000000d1b2      0x4c4 e:/mounriver/mounriver_studio/toolchain/risc-v embedded gcc/bin/../lib/gcc/riscv-none-embed/8.2.0/../../../../riscv-none-embed/lib/rv32imafc/ilp32f\libg_nano.a(lib_a-nano-vfprintf_float.o)
                0x000000000000d1b2                _printf_float
 .text._printf_common
                0x000000000000d676      0x10c e:/mounriver/mounriver_studio/toolchain/risc-v embedded gcc/bin/../lib/gcc/riscv-none-embed/8.2.0/../../../../riscv-none-embed/lib/rv32imafc/ilp32f\libg_nano.a(lib_a-nano-vfprintf_i.o)
                0x000000000000d676                _printf_common
 .text._printf_i
                0x000000000000d782      0x2ac e:/mounriver/mounriver_studio/toolchain/risc-v embedded gcc/bin/../lib/gcc/riscv-none-embed/8.2.0/../../../../riscv-none-embed/lib/rv32imafc/ilp32f\libg_nano.a(lib_a-nano-vfprintf_i.o)
                0x000000000000d782                _printf_i
 .text.printf   0x000000000000da2e       0x42 e:/mounriver/mounriver_studio/toolchain/risc-v embedded gcc/bin/../lib/gcc/riscv-none-embed/8.2.0/../../../../riscv-none-embed/lib/rv32imafc/ilp32f\libg_nano.a(lib_a-printf.o)
                0x000000000000da2e                iprintf
                0x000000000000da2e                printf
 .text.sprintf  0x000000000000da70       0x46 e:/mounriver/mounriver_studio/toolchain/risc-v embedded gcc/bin/../lib/gcc/riscv-none-embed/8.2.0/../../../../riscv-none-embed/lib/rv32imafc/ilp32f\libg_nano.a(lib_a-sprintf.o)
                0x000000000000da70                siprintf
                0x000000000000da70                sprintf
 .text.strlen   0x000000000000dab6       0x12 e:/mounriver/mounriver_studio/toolchain/risc-v embedded gcc/bin/../lib/gcc/riscv-none-embed/8.2.0/../../../../riscv-none-embed/lib/rv32imafc/ilp32f\libg_nano.a(lib_a-strlen.o)
                0x000000000000dab6                strlen
 .text.strncmp  0x000000000000dac8       0x2c e:/mounriver/mounriver_studio/toolchain/risc-v embedded gcc/bin/../lib/gcc/riscv-none-embed/8.2.0/../../../../riscv-none-embed/lib/rv32imafc/ilp32f\libg_nano.a(lib_a-strncmp.o)
                0x000000000000dac8                strncmp
 .text.__swbuf_r
                0x000000000000daf4       0xc6 e:/mounriver/mounriver_studio/toolchain/risc-v embedded gcc/bin/../lib/gcc/riscv-none-embed/8.2.0/../../../../riscv-none-embed/lib/rv32imafc/ilp32f\libg_nano.a(lib_a-wbuf.o)
                0x000000000000daf4                __swbuf_r
 .text.__swsetup_r
                0x000000000000dbba      0x112 e:/mounriver/mounriver_studio/toolchain/risc-v embedded gcc/bin/../lib/gcc/riscv-none-embed/8.2.0/../../../../riscv-none-embed/lib/rv32imafc/ilp32f\libg_nano.a(lib_a-wsetup.o)
                0x000000000000dbba                __swsetup_r
 .text.quorem   0x000000000000dccc      0x13a e:/mounriver/mounriver_studio/toolchain/risc-v embedded gcc/bin/../lib/gcc/riscv-none-embed/8.2.0/../../../../riscv-none-embed/lib/rv32imafc/ilp32f\libg_nano.a(lib_a-dtoa.o)
 .text._dtoa_r  0x000000000000de06      0xc02 e:/mounriver/mounriver_studio/toolchain/risc-v embedded gcc/bin/../lib/gcc/riscv-none-embed/8.2.0/../../../../riscv-none-embed/lib/rv32imafc/ilp32f\libg_nano.a(lib_a-dtoa.o)
                0x000000000000de06                _dtoa_r
 .text.__sflush_r
                0x000000000000ea08      0x13e e:/mounriver/mounriver_studio/toolchain/risc-v embedded gcc/bin/../lib/gcc/riscv-none-embed/8.2.0/../../../../riscv-none-embed/lib/rv32imafc/ilp32f\libg_nano.a(lib_a-fflush.o)
                0x000000000000ea08                __sflush_r
 .text._fflush_r
                0x000000000000eb46       0x66 e:/mounriver/mounriver_studio/toolchain/risc-v embedded gcc/bin/../lib/gcc/riscv-none-embed/8.2.0/../../../../riscv-none-embed/lib/rv32imafc/ilp32f\libg_nano.a(lib_a-fflush.o)
                0x000000000000eb46                _fflush_r
 .text.std      0x000000000000ebac       0x6a e:/mounriver/mounriver_studio/toolchain/risc-v embedded gcc/bin/../lib/gcc/riscv-none-embed/8.2.0/../../../../riscv-none-embed/lib/rv32imafc/ilp32f\libg_nano.a(lib_a-findfp.o)
 .text._cleanup_r
                0x000000000000ec16        0xa e:/mounriver/mounriver_studio/toolchain/risc-v embedded gcc/bin/../lib/gcc/riscv-none-embed/8.2.0/../../../../riscv-none-embed/lib/rv32imafc/ilp32f\libg_nano.a(lib_a-findfp.o)
                0x000000000000ec16                _cleanup_r
 .text.__sfmoreglue
                0x000000000000ec20       0x48 e:/mounriver/mounriver_studio/toolchain/risc-v embedded gcc/bin/../lib/gcc/riscv-none-embed/8.2.0/../../../../riscv-none-embed/lib/rv32imafc/ilp32f\libg_nano.a(lib_a-findfp.o)
                0x000000000000ec20                __sfmoreglue
 .text.__sinit  0x000000000000ec68       0x6c e:/mounriver/mounriver_studio/toolchain/risc-v embedded gcc/bin/../lib/gcc/riscv-none-embed/8.2.0/../../../../riscv-none-embed/lib/rv32imafc/ilp32f\libg_nano.a(lib_a-findfp.o)
                0x000000000000ec68                __sinit
 .text.__sfp    0x000000000000ecd4       0xa0 e:/mounriver/mounriver_studio/toolchain/risc-v embedded gcc/bin/../lib/gcc/riscv-none-embed/8.2.0/../../../../riscv-none-embed/lib/rv32imafc/ilp32f\libg_nano.a(lib_a-findfp.o)
                0x000000000000ecd4                __sfp
 .text._fwalk_reent
                0x000000000000ed74       0x6c e:/mounriver/mounriver_studio/toolchain/risc-v embedded gcc/bin/../lib/gcc/riscv-none-embed/8.2.0/../../../../riscv-none-embed/lib/rv32imafc/ilp32f\libg_nano.a(lib_a-fwalk.o)
                0x000000000000ed74                _fwalk_reent
 .text._localeconv_r
                0x000000000000ede0       0x18 e:/mounriver/mounriver_studio/toolchain/risc-v embedded gcc/bin/../lib/gcc/riscv-none-embed/8.2.0/../../../../riscv-none-embed/lib/rv32imafc/ilp32f\libg_nano.a(lib_a-localeconv.o)
                0x000000000000ede0                _localeconv_r
 .text.__swhatbuf_r
                0x000000000000edf8       0x5a e:/mounriver/mounriver_studio/toolchain/risc-v embedded gcc/bin/../lib/gcc/riscv-none-embed/8.2.0/../../../../riscv-none-embed/lib/rv32imafc/ilp32f\libg_nano.a(lib_a-makebuf.o)
                0x000000000000edf8                __swhatbuf_r
 .text.__smakebuf_r
                0x000000000000ee52       0xa2 e:/mounriver/mounriver_studio/toolchain/risc-v embedded gcc/bin/../lib/gcc/riscv-none-embed/8.2.0/../../../../riscv-none-embed/lib/rv32imafc/ilp32f\libg_nano.a(lib_a-makebuf.o)
                0x000000000000ee52                __smakebuf_r
 .text.malloc   0x000000000000eef4        0xc e:/mounriver/mounriver_studio/toolchain/risc-v embedded gcc/bin/../lib/gcc/riscv-none-embed/8.2.0/../../../../riscv-none-embed/lib/rv32imafc/ilp32f\libg_nano.a(lib_a-malloc.o)
                0x000000000000eef4                malloc
 .text.memchr   0x000000000000ef00       0x1a e:/mounriver/mounriver_studio/toolchain/risc-v embedded gcc/bin/../lib/gcc/riscv-none-embed/8.2.0/../../../../riscv-none-embed/lib/rv32imafc/ilp32f\libg_nano.a(lib_a-memchr.o)
                0x000000000000ef00                memchr
 .text._Balloc  0x000000000000ef1a       0x88 e:/mounriver/mounriver_studio/toolchain/risc-v embedded gcc/bin/../lib/gcc/riscv-none-embed/8.2.0/../../../../riscv-none-embed/lib/rv32imafc/ilp32f\libg_nano.a(lib_a-mprec.o)
                0x000000000000ef1a                _Balloc
 .text._Bfree   0x000000000000efa2       0x44 e:/mounriver/mounriver_studio/toolchain/risc-v embedded gcc/bin/../lib/gcc/riscv-none-embed/8.2.0/../../../../riscv-none-embed/lib/rv32imafc/ilp32f\libg_nano.a(lib_a-mprec.o)
                0x000000000000efa2                _Bfree
 .text.__multadd
                0x000000000000efe6       0x98 e:/mounriver/mounriver_studio/toolchain/risc-v embedded gcc/bin/../lib/gcc/riscv-none-embed/8.2.0/../../../../riscv-none-embed/lib/rv32imafc/ilp32f\libg_nano.a(lib_a-mprec.o)
                0x000000000000efe6                __multadd
 .text.__hi0bits
                0x000000000000f07e       0x46 e:/mounriver/mounriver_studio/toolchain/risc-v embedded gcc/bin/../lib/gcc/riscv-none-embed/8.2.0/../../../../riscv-none-embed/lib/rv32imafc/ilp32f\libg_nano.a(lib_a-mprec.o)
                0x000000000000f07e                __hi0bits
 .text.__lo0bits
                0x000000000000f0c4       0x6a e:/mounriver/mounriver_studio/toolchain/risc-v embedded gcc/bin/../lib/gcc/riscv-none-embed/8.2.0/../../../../riscv-none-embed/lib/rv32imafc/ilp32f\libg_nano.a(lib_a-mprec.o)
                0x000000000000f0c4                __lo0bits
 .text.__i2b    0x000000000000f12e       0x1c e:/mounriver/mounriver_studio/toolchain/risc-v embedded gcc/bin/../lib/gcc/riscv-none-embed/8.2.0/../../../../riscv-none-embed/lib/rv32imafc/ilp32f\libg_nano.a(lib_a-mprec.o)
                0x000000000000f12e                __i2b
 .text.__multiply
                0x000000000000f14a      0x144 e:/mounriver/mounriver_studio/toolchain/risc-v embedded gcc/bin/../lib/gcc/riscv-none-embed/8.2.0/../../../../riscv-none-embed/lib/rv32imafc/ilp32f\libg_nano.a(lib_a-mprec.o)
                0x000000000000f14a                __multiply
 .text.__pow5mult
                0x000000000000f28e       0xbe e:/mounriver/mounriver_studio/toolchain/risc-v embedded gcc/bin/../lib/gcc/riscv-none-embed/8.2.0/../../../../riscv-none-embed/lib/rv32imafc/ilp32f\libg_nano.a(lib_a-mprec.o)
                0x000000000000f28e                __pow5mult
 .text.__lshift
                0x000000000000f34c       0xce e:/mounriver/mounriver_studio/toolchain/risc-v embedded gcc/bin/../lib/gcc/riscv-none-embed/8.2.0/../../../../riscv-none-embed/lib/rv32imafc/ilp32f\libg_nano.a(lib_a-mprec.o)
                0x000000000000f34c                __lshift
 .text.__mcmp   0x000000000000f41a       0x32 e:/mounriver/mounriver_studio/toolchain/risc-v embedded gcc/bin/../lib/gcc/riscv-none-embed/8.2.0/../../../../riscv-none-embed/lib/rv32imafc/ilp32f\libg_nano.a(lib_a-mprec.o)
                0x000000000000f41a                __mcmp
 .text.__mdiff  0x000000000000f44c       0xf2 e:/mounriver/mounriver_studio/toolchain/risc-v embedded gcc/bin/../lib/gcc/riscv-none-embed/8.2.0/../../../../riscv-none-embed/lib/rv32imafc/ilp32f\libg_nano.a(lib_a-mprec.o)
                0x000000000000f44c                __mdiff
 .text.__d2b    0x000000000000f53e       0xd4 e:/mounriver/mounriver_studio/toolchain/risc-v embedded gcc/bin/../lib/gcc/riscv-none-embed/8.2.0/../../../../riscv-none-embed/lib/rv32imafc/ilp32f\libg_nano.a(lib_a-mprec.o)
                0x000000000000f53e                __d2b
 .text._calloc_r
                0x000000000000f612       0x26 e:/mounriver/mounriver_studio/toolchain/risc-v embedded gcc/bin/../lib/gcc/riscv-none-embed/8.2.0/../../../../riscv-none-embed/lib/rv32imafc/ilp32f\libg_nano.a(lib_a-nano-callocr.o)
                0x000000000000f612                _calloc_r
 .text._free_r  0x000000000000f638       0xa8 e:/mounriver/mounriver_studio/toolchain/risc-v embedded gcc/bin/../lib/gcc/riscv-none-embed/8.2.0/../../../../riscv-none-embed/lib/rv32imafc/ilp32f\libg_nano.a(lib_a-nano-freer.o)
                0x000000000000f638                _free_r
 .text._malloc_r
                0x000000000000f6e0       0xd4 e:/mounriver/mounriver_studio/toolchain/risc-v embedded gcc/bin/../lib/gcc/riscv-none-embed/8.2.0/../../../../riscv-none-embed/lib/rv32imafc/ilp32f\libg_nano.a(lib_a-nano-mallocr.o)
                0x000000000000f6e0                _malloc_r
 .text.__ssputs_r
                0x000000000000f7b4       0xee e:/mounriver/mounriver_studio/toolchain/risc-v embedded gcc/bin/../lib/gcc/riscv-none-embed/8.2.0/../../../../riscv-none-embed/lib/rv32imafc/ilp32f\libg_nano.a(lib_a-nano-svfprintf.o)
                0x000000000000f7b4                __ssputs_r
 .text._svfprintf_r
                0x000000000000f8a2      0x27e e:/mounriver/mounriver_studio/toolchain/risc-v embedded gcc/bin/../lib/gcc/riscv-none-embed/8.2.0/../../../../riscv-none-embed/lib/rv32imafc/ilp32f\libg_nano.a(lib_a-nano-svfprintf.o)
                0x000000000000f8a2                _svfiprintf_r
                0x000000000000f8a2                _svfprintf_r
 .text.__sfputc_r
                0x000000000000fb20       0x2a e:/mounriver/mounriver_studio/toolchain/risc-v embedded gcc/bin/../lib/gcc/riscv-none-embed/8.2.0/../../../../riscv-none-embed/lib/rv32imafc/ilp32f\libg_nano.a(lib_a-nano-vfprintf.o)
 .text.__sfputs_r
                0x000000000000fb4a       0x44 e:/mounriver/mounriver_studio/toolchain/risc-v embedded gcc/bin/../lib/gcc/riscv-none-embed/8.2.0/../../../../riscv-none-embed/lib/rv32imafc/ilp32f\libg_nano.a(lib_a-nano-vfprintf.o)
                0x000000000000fb4a                __sfputs_r
 .text._vfprintf_r
                0x000000000000fb8e      0x2a0 e:/mounriver/mounriver_studio/toolchain/risc-v embedded gcc/bin/../lib/gcc/riscv-none-embed/8.2.0/../../../../riscv-none-embed/lib/rv32imafc/ilp32f\libg_nano.a(lib_a-nano-vfprintf.o)
                0x000000000000fb8e                _vfprintf_r
                0x000000000000fb8e                _vfiprintf_r
 .text._sbrk_r  0x000000000000fe2e       0x28 e:/mounriver/mounriver_studio/toolchain/risc-v embedded gcc/bin/../lib/gcc/riscv-none-embed/8.2.0/../../../../riscv-none-embed/lib/rv32imafc/ilp32f\libg_nano.a(lib_a-sbrkr.o)
                0x000000000000fe2e                _sbrk_r
 .text.__sread  0x000000000000fe56       0x30 e:/mounriver/mounriver_studio/toolchain/risc-v embedded gcc/bin/../lib/gcc/riscv-none-embed/8.2.0/../../../../riscv-none-embed/lib/rv32imafc/ilp32f\libg_nano.a(lib_a-stdio.o)
                0x000000000000fe56                __sread
 .text.__swrite
                0x000000000000fe86       0x4e e:/mounriver/mounriver_studio/toolchain/risc-v embedded gcc/bin/../lib/gcc/riscv-none-embed/8.2.0/../../../../riscv-none-embed/lib/rv32imafc/ilp32f\libg_nano.a(lib_a-stdio.o)
                0x000000000000fe86                __swrite
 .text.__sseek  0x000000000000fed4       0x36 e:/mounriver/mounriver_studio/toolchain/risc-v embedded gcc/bin/../lib/gcc/riscv-none-embed/8.2.0/../../../../riscv-none-embed/lib/rv32imafc/ilp32f\libg_nano.a(lib_a-stdio.o)
                0x000000000000fed4                __sseek
 .text.__sclose
                0x000000000000ff0a        0x6 e:/mounriver/mounriver_studio/toolchain/risc-v embedded gcc/bin/../lib/gcc/riscv-none-embed/8.2.0/../../../../riscv-none-embed/lib/rv32imafc/ilp32f\libg_nano.a(lib_a-stdio.o)
                0x000000000000ff0a                __sclose
 .text._write_r
                0x000000000000ff10       0x2e e:/mounriver/mounriver_studio/toolchain/risc-v embedded gcc/bin/../lib/gcc/riscv-none-embed/8.2.0/../../../../riscv-none-embed/lib/rv32imafc/ilp32f\libg_nano.a(lib_a-writer.o)
                0x000000000000ff10                _write_r
 .text._close_r
                0x000000000000ff3e       0x28 e:/mounriver/mounriver_studio/toolchain/risc-v embedded gcc/bin/../lib/gcc/riscv-none-embed/8.2.0/../../../../riscv-none-embed/lib/rv32imafc/ilp32f\libg_nano.a(lib_a-closer.o)
                0x000000000000ff3e                _close_r
 .text._fstat_r
                0x000000000000ff66       0x2a e:/mounriver/mounriver_studio/toolchain/risc-v embedded gcc/bin/../lib/gcc/riscv-none-embed/8.2.0/../../../../riscv-none-embed/lib/rv32imafc/ilp32f\libg_nano.a(lib_a-fstatr.o)
                0x000000000000ff66                _fstat_r
 .text._isatty_r
                0x000000000000ff90       0x28 e:/mounriver/mounriver_studio/toolchain/risc-v embedded gcc/bin/../lib/gcc/riscv-none-embed/8.2.0/../../../../riscv-none-embed/lib/rv32imafc/ilp32f\libg_nano.a(lib_a-isattyr.o)
                0x000000000000ff90                _isatty_r
 .text._lseek_r
                0x000000000000ffb8       0x2c e:/mounriver/mounriver_studio/toolchain/risc-v embedded gcc/bin/../lib/gcc/riscv-none-embed/8.2.0/../../../../riscv-none-embed/lib/rv32imafc/ilp32f\libg_nano.a(lib_a-lseekr.o)
                0x000000000000ffb8                _lseek_r
 .text.__ascii_mbtowc
                0x000000000000ffe4       0x3a e:/mounriver/mounriver_studio/toolchain/risc-v embedded gcc/bin/../lib/gcc/riscv-none-embed/8.2.0/../../../../riscv-none-embed/lib/rv32imafc/ilp32f\libg_nano.a(lib_a-mbtowc_r.o)
                0x000000000000ffe4                __ascii_mbtowc
 .text.memmove  0x000000000001001e       0x4a e:/mounriver/mounriver_studio/toolchain/risc-v embedded gcc/bin/../lib/gcc/riscv-none-embed/8.2.0/../../../../riscv-none-embed/lib/rv32imafc/ilp32f\libg_nano.a(lib_a-memmove.o)
                0x000000000001001e                memmove
 .text.__malloc_lock
                0x0000000000010068        0x2 e:/mounriver/mounriver_studio/toolchain/risc-v embedded gcc/bin/../lib/gcc/riscv-none-embed/8.2.0/../../../../riscv-none-embed/lib/rv32imafc/ilp32f\libg_nano.a(lib_a-mlock.o)
                0x0000000000010068                __malloc_lock
 .text.__malloc_unlock
                0x000000000001006a        0x2 e:/mounriver/mounriver_studio/toolchain/risc-v embedded gcc/bin/../lib/gcc/riscv-none-embed/8.2.0/../../../../riscv-none-embed/lib/rv32imafc/ilp32f\libg_nano.a(lib_a-mlock.o)
                0x000000000001006a                __malloc_unlock
 .text._realloc_r
                0x000000000001006c       0x58 e:/mounriver/mounriver_studio/toolchain/risc-v embedded gcc/bin/../lib/gcc/riscv-none-embed/8.2.0/../../../../riscv-none-embed/lib/rv32imafc/ilp32f\libg_nano.a(lib_a-nano-reallocr.o)
                0x000000000001006c                _realloc_r
 .text._read_r  0x00000000000100c4       0x2c e:/mounriver/mounriver_studio/toolchain/risc-v embedded gcc/bin/../lib/gcc/riscv-none-embed/8.2.0/../../../../riscv-none-embed/lib/rv32imafc/ilp32f\libg_nano.a(lib_a-readr.o)
                0x00000000000100c4                _read_r
 .text.__ascii_wctomb
                0x00000000000100f0       0x20 e:/mounriver/mounriver_studio/toolchain/risc-v embedded gcc/bin/../lib/gcc/riscv-none-embed/8.2.0/../../../../riscv-none-embed/lib/rv32imafc/ilp32f\libg_nano.a(lib_a-wctomb_r.o)
                0x00000000000100f0                __ascii_wctomb
 .text._malloc_usable_size_r
                0x0000000000010110       0x14 e:/mounriver/mounriver_studio/toolchain/risc-v embedded gcc/bin/../lib/gcc/riscv-none-embed/8.2.0/../../../../riscv-none-embed/lib/rv32imafc/ilp32f\libg_nano.a(lib_a-nano-msizer.o)
                0x0000000000010110                _malloc_usable_size_r
 .text.__trunctfdf2
                0x0000000000010124      0x3d0 e:/mounriver/mounriver_studio/toolchain/risc-v embedded gcc/bin/../lib/gcc/riscv-none-embed/8.2.0/rv32imafc/ilp32f\libgcc.a(trunctfdf2.o)
                0x0000000000010124                __trunctfdf2
 .text._close   0x00000000000104f4        0xc e:/mounriver/mounriver_studio/toolchain/risc-v embedded gcc/bin/../lib/gcc/riscv-none-embed/8.2.0/../../../../riscv-none-embed/lib/rv32imafc/ilp32f\libnosys.a(close.o)
                0x00000000000104f4                _close
 .text._fstat   0x0000000000010500        0xc e:/mounriver/mounriver_studio/toolchain/risc-v embedded gcc/bin/../lib/gcc/riscv-none-embed/8.2.0/../../../../riscv-none-embed/lib/rv32imafc/ilp32f\libnosys.a(fstat.o)
                0x0000000000010500                _fstat
 .text._isatty  0x000000000001050c        0xc e:/mounriver/mounriver_studio/toolchain/risc-v embedded gcc/bin/../lib/gcc/riscv-none-embed/8.2.0/../../../../riscv-none-embed/lib/rv32imafc/ilp32f\libnosys.a(isatty.o)
                0x000000000001050c                _isatty
 .text._lseek   0x0000000000010518        0xc e:/mounriver/mounriver_studio/toolchain/risc-v embedded gcc/bin/../lib/gcc/riscv-none-embed/8.2.0/../../../../riscv-none-embed/lib/rv32imafc/ilp32f\libnosys.a(lseek.o)
                0x0000000000010518                _lseek
 .text._read    0x0000000000010524        0xc e:/mounriver/mounriver_studio/toolchain/risc-v embedded gcc/bin/../lib/gcc/riscv-none-embed/8.2.0/../../../../riscv-none-embed/lib/rv32imafc/ilp32f\libnosys.a(read.o)
                0x0000000000010524                _read
 .text._sbrk    0x0000000000010530       0x20 e:/mounriver/mounriver_studio/toolchain/risc-v embedded gcc/bin/../lib/gcc/riscv-none-embed/8.2.0/../../../../riscv-none-embed/lib/rv32imafc/ilp32f\libnosys.a(sbrk.o)
                0x0000000000010530                _sbrk
 *(.rodata)
 .rodata        0x0000000000010550       0x66 ./zf_driver/zf_driver_adc.o
 *fill*         0x00000000000105b6        0x2 
 .rodata        0x00000000000105b8       0x8e ./zf_driver/zf_driver_pit.o
 *fill*         0x0000000000010646        0x2 
 .rodata        0x0000000000010648       0x66 ./zf_driver/zf_driver_pwm.o
 *fill*         0x00000000000106ae        0x2 
 .rodata        0x00000000000106b0       0x6b ./zf_driver/zf_driver_soft_iic.o
 *fill*         0x000000000001071b        0x1 
 .rodata        0x000000000001071c       0x66 ./zf_driver/zf_driver_spi.o
 *fill*         0x0000000000010782        0x2 
 .rodata        0x0000000000010784       0x68 ./zf_driver/zf_driver_timer.o
 .rodata        0x00000000000107ec       0x67 ./zf_driver/zf_driver_uart.o
 *fill*         0x0000000000010853        0x5 
 .rodata        0x0000000000010858       0xc8 ./zf_device/zf_device_dl1a.o
 .rodata        0x0000000000010920        0x8 ./zf_device/zf_device_dm1xa.o
 .rodata        0x0000000000010928       0xf0 ./zf_device/zf_device_gps_tau1201.o
 .rodata        0x0000000000010a18       0x74 ./zf_device/zf_device_ips200.o
 .rodata        0x0000000000010a8c       0x78 ./zf_common/zf_common_debug.o
 .rodata        0x0000000000010b04       0x67 ./zf_common/zf_common_fifo.o
 *fill*         0x0000000000010b6b        0x5 
 .rodata        0x0000000000010b70       0xa8 ./zf_common/zf_common_function.o
 .rodata        0x0000000000010c18       0x41 ./sdk/Peripheral/ch32v30x_usbotg_device.o
 *fill*         0x0000000000010c59        0x3 
 .rodata        0x0000000000010c5c       0x27 ./code/hall_stopline.o
 *fill*         0x0000000000010c83        0x5 
 .rodata        0x0000000000010c88       0x28 ./code/servo.o
 .rodata        0x0000000000010cb0       0x2e ./code/tof.o
 *(.rodata*)
 *fill*         0x0000000000010cde        0x2 
 .rodata.pit_init
                0x0000000000010ce0       0x28 ./zf_driver/zf_driver_pit.o
 .rodata.pwm_set_duty
                0x0000000000010d08       0x28 ./zf_driver/zf_driver_pwm.o
 .rodata.pwm_init
                0x0000000000010d30       0x28 ./zf_driver/zf_driver_pwm.o
 .rodata.spi_index
                0x0000000000010d58        0xc ./zf_driver/zf_driver_spi.o
                0x0000000000010d58                spi_index
 .rodata.timer_get
                0x0000000000010d64       0x28 ./zf_driver/zf_driver_timer.o
 .rodata.timer_clear
                0x0000000000010d8c       0x28 ./zf_driver/zf_driver_timer.o
 .rodata.timer_init
                0x0000000000010db4       0x28 ./zf_driver/zf_driver_timer.o
 .rodata.uart_index
                0x0000000000010ddc       0x20 ./zf_driver/zf_driver_uart.o
                0x0000000000010ddc                uart_index
 .rodata.ascii_font_8x16
                0x0000000000010dfc      0x5f0 ./zf_common/zf_common_font.o
                0x0000000000010dfc                ascii_font_8x16
 .rodata.ascii_font_6x8
                0x00000000000113ec      0x228 ./zf_common/zf_common_font.o
                0x00000000000113ec                ascii_font_6x8
 .rodata.MyDevDescrHD
                0x0000000000011614       0x12 ./sdk/Peripheral/ch32v30x_usbotg_device.o
                0x0000000000011614                MyDevDescrHD
 *fill*         0x0000000000011626        0x2 
 .rodata.MyCfgDescrHD
                0x0000000000011628       0x43 ./sdk/Peripheral/ch32v30x_usbotg_device.o
                0x0000000000011628                MyCfgDescrHD
 *fill*         0x000000000001166b        0x1 
 .rodata.MyReportDescHD
                0x000000000001166c       0x14 ./sdk/Peripheral/ch32v30x_usbotg_device.o
                0x000000000001166c                MyReportDescHD
 .rodata.MyManuInfoHD
                0x0000000000011680        0xe ./sdk/Peripheral/ch32v30x_usbotg_device.o
                0x0000000000011680                MyManuInfoHD
 *fill*         0x000000000001168e        0x2 
 .rodata.MyProdInfoHD
                0x0000000000011690        0xc ./sdk/Peripheral/ch32v30x_usbotg_device.o
                0x0000000000011690                MyProdInfoHD
 .rodata.MySerNumInfoHD
                0x000000000001169c       0x16 ./sdk/Peripheral/ch32v30x_usbotg_device.o
                0x000000000001169c                MySerNumInfoHD
 *fill*         0x00000000000116b2        0x2 
 .rodata.MyUSBQUADescHD
                0x00000000000116b4        0xa ./sdk/Peripheral/ch32v30x_usbotg_device.o
                0x00000000000116b4                MyUSBQUADescHD
 *fill*         0x00000000000116be        0x2 
 .rodata.OTG_FS_IRQHandler
                0x00000000000116c0       0xbc ./sdk/Peripheral/ch32v30x_usbotg_device.o
 .rodata.__divdf3
                0x000000000001177c       0x40 e:/mounriver/mounriver_studio/toolchain/risc-v embedded gcc/bin/../lib/gcc/riscv-none-embed/8.2.0/rv32imafc/ilp32f\libgcc.a(divdf3.o)
 .rodata.__muldf3
                0x00000000000117bc       0x40 e:/mounriver/mounriver_studio/toolchain/risc-v embedded gcc/bin/../lib/gcc/riscv-none-embed/8.2.0/rv32imafc/ilp32f\libgcc.a(muldf3.o)
 .rodata.__clz_tab
                0x00000000000117fc      0x100 e:/mounriver/mounriver_studio/toolchain/risc-v embedded gcc/bin/../lib/gcc/riscv-none-embed/8.2.0/rv32imafc/ilp32f\libgcc.a(_clz.o)
                0x00000000000117fc                __clz_tab
 *fill*         0x00000000000118fc        0x4 
 .rodata._printf_float.cst8
                0x0000000000011900        0x8 e:/mounriver/mounriver_studio/toolchain/risc-v embedded gcc/bin/../lib/gcc/riscv-none-embed/8.2.0/../../../../riscv-none-embed/lib/rv32imafc/ilp32f\libg_nano.a(lib_a-nano-vfprintf_float.o)
 .rodata._printf_float.str1.4
                0x0000000000011908       0x12 e:/mounriver/mounriver_studio/toolchain/risc-v embedded gcc/bin/../lib/gcc/riscv-none-embed/8.2.0/../../../../riscv-none-embed/lib/rv32imafc/ilp32f\libg_nano.a(lib_a-nano-vfprintf_float.o)
 *fill*         0x000000000001191a        0x2 
 .rodata._printf_i.str1.4
                0x000000000001191c       0x25 e:/mounriver/mounriver_studio/toolchain/risc-v embedded gcc/bin/../lib/gcc/riscv-none-embed/8.2.0/../../../../riscv-none-embed/lib/rv32imafc/ilp32f\libg_nano.a(lib_a-nano-vfprintf_i.o)
 *fill*         0x0000000000011941        0x7 
 .rodata._dtoa_r.cst8
                0x0000000000011948       0x48 e:/mounriver/mounriver_studio/toolchain/risc-v embedded gcc/bin/../lib/gcc/riscv-none-embed/8.2.0/../../../../riscv-none-embed/lib/rv32imafc/ilp32f\libg_nano.a(lib_a-dtoa.o)
 .rodata._dtoa_r.str1.4
                0x0000000000011990       0x10 e:/mounriver/mounriver_studio/toolchain/risc-v embedded gcc/bin/../lib/gcc/riscv-none-embed/8.2.0/../../../../riscv-none-embed/lib/rv32imafc/ilp32f\libg_nano.a(lib_a-dtoa.o)
                                         0x12 (size before relaxing)
 .rodata.__sf_fake_stderr
                0x00000000000119a0       0x20 e:/mounriver/mounriver_studio/toolchain/risc-v embedded gcc/bin/../lib/gcc/riscv-none-embed/8.2.0/../../../../riscv-none-embed/lib/rv32imafc/ilp32f\libg_nano.a(lib_a-findfp.o)
                0x00000000000119a0                __sf_fake_stderr
 .rodata.__sf_fake_stdin
                0x00000000000119c0       0x20 e:/mounriver/mounriver_studio/toolchain/risc-v embedded gcc/bin/../lib/gcc/riscv-none-embed/8.2.0/../../../../riscv-none-embed/lib/rv32imafc/ilp32f\libg_nano.a(lib_a-findfp.o)
                0x00000000000119c0                __sf_fake_stdin
 .rodata.__sf_fake_stdout
                0x00000000000119e0       0x20 e:/mounriver/mounriver_studio/toolchain/risc-v embedded gcc/bin/../lib/gcc/riscv-none-embed/8.2.0/../../../../riscv-none-embed/lib/rv32imafc/ilp32f\libg_nano.a(lib_a-findfp.o)
                0x00000000000119e0                __sf_fake_stdout
 .rodata.__mprec_bigtens
                0x0000000000011a00       0x28 e:/mounriver/mounriver_studio/toolchain/risc-v embedded gcc/bin/../lib/gcc/riscv-none-embed/8.2.0/../../../../riscv-none-embed/lib/rv32imafc/ilp32f\libg_nano.a(lib_a-mprec.o)
                0x0000000000011a00                __mprec_bigtens
 .rodata.__mprec_tens
                0x0000000000011a28       0xc8 e:/mounriver/mounriver_studio/toolchain/risc-v embedded gcc/bin/../lib/gcc/riscv-none-embed/8.2.0/../../../../riscv-none-embed/lib/rv32imafc/ilp32f\libg_nano.a(lib_a-mprec.o)
                0x0000000000011a28                __mprec_tens
 .rodata.p05.3321
                0x0000000000011af0        0xc e:/mounriver/mounriver_studio/toolchain/risc-v embedded gcc/bin/../lib/gcc/riscv-none-embed/8.2.0/../../../../riscv-none-embed/lib/rv32imafc/ilp32f\libg_nano.a(lib_a-mprec.o)
 .rodata._svfprintf_r.str1.4
                0x0000000000011afc       0x13 e:/mounriver/mounriver_studio/toolchain/risc-v embedded gcc/bin/../lib/gcc/riscv-none-embed/8.2.0/../../../../riscv-none-embed/lib/rv32imafc/ilp32f\libg_nano.a(lib_a-nano-svfprintf.o)
 .rodata._vfprintf_r.str1.4
                0x0000000000011b0f       0x13 e:/mounriver/mounriver_studio/toolchain/risc-v embedded gcc/bin/../lib/gcc/riscv-none-embed/8.2.0/../../../../riscv-none-embed/lib/rv32imafc/ilp32f\libg_nano.a(lib_a-nano-vfprintf.o)
 *fill*         0x0000000000011b0f        0x1 
 .rodata._setlocale_r.str1.4
                0x0000000000011b10        0xa e:/mounriver/mounriver_studio/toolchain/risc-v embedded gcc/bin/../lib/gcc/riscv-none-embed/8.2.0/../../../../riscv-none-embed/lib/rv32imafc/ilp32f\libg_nano.a(lib_a-locale.o)
                                          0xd (size before relaxing)
 *fill*         0x0000000000011b1a        0x2 
 .rodata.str1.4
                0x0000000000011b1c        0x4 e:/mounriver/mounriver_studio/toolchain/risc-v embedded gcc/bin/../lib/gcc/riscv-none-embed/8.2.0/../../../../riscv-none-embed/lib/rv32imafc/ilp32f\libg_nano.a(lib_a-locale.o)
                                          0x2 (size before relaxing)
 .rodata._ctype_
                0x0000000000011b20      0x101 e:/mounriver/mounriver_studio/toolchain/risc-v embedded gcc/bin/../lib/gcc/riscv-none-embed/8.2.0/../../../../riscv-none-embed/lib/rv32imafc/ilp32f\libg_nano.a(lib_a-ctype_.o)
                0x0000000000011b20                _ctype_
 *(.glue_7)
 *(.glue_7t)
 *(.gnu.linkonce.t.*)
                0x0000000000011c24                . = ALIGN (0x4)
 *fill*         0x0000000000011c21        0x3 

.rela.dyn       0x0000000000011c24        0x0
 .rela.init     0x0000000000011c24        0x0 ./zf_driver/zf_driver_adc.o
 .rela.vector   0x0000000000011c24        0x0 ./zf_driver/zf_driver_adc.o
 .rela.text.handle_reset
                0x0000000000011c24        0x0 ./zf_driver/zf_driver_adc.o
 .rela.text._svfprintf_r
                0x0000000000011c24        0x0 ./zf_driver/zf_driver_adc.o
 .rela.text._vfprintf_r
                0x0000000000011c24        0x0 ./zf_driver/zf_driver_adc.o
 .rela.text._sbrk_r
                0x0000000000011c24        0x0 ./zf_driver/zf_driver_adc.o
 .rela.text._write_r
                0x0000000000011c24        0x0 ./zf_driver/zf_driver_adc.o
 .rela.text._close_r
                0x0000000000011c24        0x0 ./zf_driver/zf_driver_adc.o
 .rela.text._fstat_r
                0x0000000000011c24        0x0 ./zf_driver/zf_driver_adc.o
 .rela.text._isatty_r
                0x0000000000011c24        0x0 ./zf_driver/zf_driver_adc.o
 .rela.text._lseek_r
                0x0000000000011c24        0x0 ./zf_driver/zf_driver_adc.o
 .rela.text._read_r
                0x0000000000011c24        0x0 ./zf_driver/zf_driver_adc.o
 .rela.text._close
                0x0000000000011c24        0x0 ./zf_driver/zf_driver_adc.o
 .rela.text._fstat
                0x0000000000011c24        0x0 ./zf_driver/zf_driver_adc.o
 .rela.text._isatty
                0x0000000000011c24        0x0 ./zf_driver/zf_driver_adc.o
 .rela.text._lseek
                0x0000000000011c24        0x0 ./zf_driver/zf_driver_adc.o
 .rela.text._read
                0x0000000000011c24        0x0 ./zf_driver/zf_driver_adc.o
 .rela.text._sbrk
                0x0000000000011c24        0x0 ./zf_driver/zf_driver_adc.o

.fini           0x0000000000011c24        0x0
 *(SORT_NONE(.fini))
                0x0000000000011c24                . = ALIGN (0x4)
                [!provide]                        PROVIDE (_etext = .)
                [!provide]                        PROVIDE (_eitcm = .)

.preinit_array  0x0000000000011c24        0x0
                [!provide]                        PROVIDE (__preinit_array_start = .)
 *(.preinit_array)
                [!provide]                        PROVIDE (__preinit_array_end = .)

.init_array     0x0000000000011c24        0x0
                [!provide]                        PROVIDE (__init_array_start = .)
 *(SORT_BY_INIT_PRIORITY(.init_array.*) SORT_BY_INIT_PRIORITY(.ctors.*))
 *(.init_array EXCLUDE_FILE(*crtend?.o *crtend.o *crtbegin?.o *crtbegin.o) .ctors)
                [!provide]                        PROVIDE (__init_array_end = .)

.fini_array     0x0000000000011c24        0x0
                [!provide]                        PROVIDE (__fini_array_start = .)
 *(SORT_BY_INIT_PRIORITY(.fini_array.*) SORT_BY_INIT_PRIORITY(.dtors.*))
 *(.fini_array EXCLUDE_FILE(*crtend?.o *crtend.o *crtbegin?.o *crtbegin.o) .dtors)
                [!provide]                        PROVIDE (__fini_array_end = .)

.ctors
 *crtbegin.o(.ctors)
 *crtbegin?.o(.ctors)
 *(EXCLUDE_FILE(*crtend?.o *crtend.o) .ctors)
 *(SORT_BY_NAME(.ctors.*))
 *(.ctors)

.dtors
 *crtbegin.o(.dtors)
 *crtbegin?.o(.dtors)
 *(EXCLUDE_FILE(*crtend?.o *crtend.o) .dtors)
 *(SORT_BY_NAME(.dtors.*))
 *(.dtors)

.dalign         0x0000000020000000        0x0 load address 0x0000000000011c24
                0x0000000020000000                . = ALIGN (0x4)
                0x0000000020000000                PROVIDE (_data_vma = .)

.dlalign        0x0000000000011c24        0x0
                0x0000000000011c24                . = ALIGN (0x4)
                0x0000000000011c24                PROVIDE (_data_lma = .)

.data           0x0000000020000000      0x290 load address 0x0000000000011c24
 *(.gnu.linkonce.r.*)
 *(.data .data.*)
 .data.gpio_group
                0x0000000020000000       0x14 ./zf_driver/zf_driver_gpio.o
                0x0000000020000000                gpio_group
 .data.APBAHBPrescTable
                0x0000000020000014       0x10 ./sdk/Peripheral/ch32v30x_rcc.o
 .data.TAB_USB_FS_OSC_DESC
                0x0000000020000024       0x43 ./sdk/Peripheral/ch32v30x_usbotg_device.o
                0x0000000020000024                TAB_USB_FS_OSC_DESC
 *fill*         0x0000000020000067        0x1 
 .data.impure_data
                0x0000000020000068       0x60 e:/mounriver/mounriver_studio/toolchain/risc-v embedded gcc/bin/../lib/gcc/riscv-none-embed/8.2.0/../../../../riscv-none-embed/lib/rv32imafc/ilp32f\libg_nano.a(lib_a-impure.o)
 .data.__global_locale
                0x00000000200000c8      0x16c e:/mounriver/mounriver_studio/toolchain/risc-v embedded gcc/bin/../lib/gcc/riscv-none-embed/8.2.0/../../../../riscv-none-embed/lib/rv32imafc/ilp32f\libg_nano.a(lib_a-locale.o)
                0x00000000200000c8                __global_locale
 *(.gnu.linkonce.d.*)
                0x0000000020000238                . = ALIGN (0x8)
 *fill*         0x0000000020000234        0x4 
                0x0000000020000a38                PROVIDE (__global_pointer$ = (. + 0x800))
 *(.sdata .sdata.*)
 .sdata.adc_index
                0x0000000020000238        0x8 ./zf_driver/zf_driver_adc.o
 .sdata.dm1xa_distance_mm
                0x0000000020000240        0x2 ./zf_device/zf_device_dm1xa.o
 .sdata.ips200_pencolor
                0x0000000020000242        0x2 ./zf_device/zf_device_ips200.o
 .sdata.ips200_bgcolor
                0x0000000020000244        0x2 ./zf_device/zf_device_ips200.o
 *fill*         0x0000000020000246        0x2 
 .sdata.ips200_display_font
                0x0000000020000248        0x4 ./zf_device/zf_device_ips200.o
 .sdata.ips200_x_max
                0x000000002000024c        0x2 ./zf_device/zf_device_ips200.o
 .sdata.ips200_y_max
                0x000000002000024e        0x2 ./zf_device/zf_device_ips200.o
 .sdata.ips_rst_pin
                0x0000000020000250        0x4 ./zf_device/zf_device_ips200.o
 .sdata.ips_bl_pin
                0x0000000020000254        0x4 ./zf_device/zf_device_ips200.o
 .sdata.camera_uart_handler
                0x0000000020000258        0x4 ./zf_device/zf_device_type.o
                0x0000000020000258                camera_uart_handler
 .sdata.camera_dvp_handler
                0x000000002000025c        0x4 ./zf_device/zf_device_type.o
                0x000000002000025c                camera_dvp_handler
 .sdata.wireless_module_uart_handler
                0x0000000020000260        0x4 ./zf_device/zf_device_type.o
                0x0000000020000260                wireless_module_uart_handler
 .sdata.system_clock
                0x0000000020000264        0x4 ./zf_common/zf_common_clock.o
                0x0000000020000264                system_clock
 .sdata.zf_debug_assert_enable
                0x0000000020000268        0x1 ./zf_common/zf_common_debug.o
 *fill*         0x0000000020000269        0x3 
 .sdata.ADCPrescTable
                0x000000002000026c        0x4 ./sdk/Peripheral/ch32v30x_rcc.o
 .sdata.USBHD_Dev_Speed
                0x0000000020000270        0x1 ./sdk/Peripheral/ch32v30x_usbotg_device.o
                0x0000000020000270                USBHD_Dev_Speed
 *fill*         0x0000000020000271        0x3 
 .sdata.LineCoding
                0x0000000020000274        0x7 ./sdk/Peripheral/ch32v30x_usbotg_device.o
                0x0000000020000274                LineCoding
 *fill*         0x000000002000027b        0x1 
 .sdata.Turn_KP
                0x000000002000027c        0x4 ./code/servo.o
                0x000000002000027c                Turn_KP
 .sdata.Turn_KD
                0x0000000020000280        0x4 ./code/servo.o
                0x0000000020000280                Turn_KD
 .sdata._impure_ptr
                0x0000000020000284        0x4 e:/mounriver/mounriver_studio/toolchain/risc-v embedded gcc/bin/../lib/gcc/riscv-none-embed/8.2.0/../../../../riscv-none-embed/lib/rv32imafc/ilp32f\libg_nano.a(lib_a-impure.o)
                0x0000000020000284                _impure_ptr
 *(.sdata2.*)
 .sdata2.MyLangDescrHD
                0x0000000020000288        0x4 ./sdk/Peripheral/ch32v30x_usbotg_device.o
                0x0000000020000288                MyLangDescrHD
 .sdata2._global_impure_ptr
                0x000000002000028c        0x4 e:/mounriver/mounriver_studio/toolchain/risc-v embedded gcc/bin/../lib/gcc/riscv-none-embed/8.2.0/../../../../riscv-none-embed/lib/rv32imafc/ilp32f\libg_nano.a(lib_a-impure.o)
                0x000000002000028c                _global_impure_ptr
 *(.gnu.linkonce.s.*)
                0x0000000020000290                . = ALIGN (0x8)
 *(.srodata.cst16)
 *(.srodata.cst8)
 *(.srodata.cst4)
 *(.srodata.cst2)
 *(.srodata .srodata.*)
                0x0000000020000290                . = ALIGN (0x4)
                0x0000000020000290                PROVIDE (_edata = .)

.bss            0x0000000020000290      0x208 load address 0x0000000000011eb4
                0x0000000020000290                . = ALIGN (0x4)
                0x0000000020000290                PROVIDE (_sbss = .)
 *(.sbss*)
 .sbss.adc_resolution
                0x0000000020000290        0x2 ./zf_driver/zf_driver_adc.o
 *fill*         0x0000000020000292        0x2 
 .sbss.dm1xa_plus_count
                0x0000000020000294        0x4 ./zf_device/zf_device_dm1xa.o
 .sbss.dm1xa_type
                0x0000000020000298        0x4 ./zf_device/zf_device_dm1xa.o
 .sbss.dm1xa_ranging_state
                0x000000002000029c        0x4 ./zf_device/zf_device_dm1xa.o
 .sbss.gps_tau1201_flag
                0x00000000200002a0        0x1 ./zf_device/zf_device_gps_tau1201.o
                0x00000000200002a0                gps_tau1201_flag
 .sbss.gps_tau1201_state
                0x00000000200002a1        0x1 ./zf_device/zf_device_gps_tau1201.o
 *fill*         0x00000000200002a2        0x2 
 .sbss.gps_gga_state
                0x00000000200002a4        0x4 ./zf_device/zf_device_gps_tau1201.o
                0x00000000200002a4                gps_gga_state
 .sbss.gps_rmc_state
                0x00000000200002a8        0x4 ./zf_device/zf_device_gps_tau1201.o
                0x00000000200002a8                gps_rmc_state
 .sbss.ips200_display_type
                0x00000000200002ac        0x4 ./zf_device/zf_device_ips200.o
 .sbss.ips200_display_dir
                0x00000000200002b0        0x4 ./zf_device/zf_device_ips200.o
 .sbss.zf_debug_init_flag
                0x00000000200002b4        0x1 ./zf_common/zf_common_debug.o
 .sbss.assert_nest_index.5018
                0x00000000200002b5        0x1 ./zf_common/zf_common_debug.o
 *fill*         0x00000000200002b6        0x2 
 .sbss.interrupt_nest_count
                0x00000000200002b8        0x4 ./zf_common/zf_common_interrupt.o
 .sbss.EP0_DatabufHD
                0x00000000200002bc        0x8 ./sdk/Peripheral/ch32v30x_usbotg_device.o
                0x00000000200002bc                EP0_DatabufHD
 .sbss.pEP0_RAM_Addr
                0x00000000200002c4        0x4 ./sdk/Peripheral/ch32v30x_usbotg_device.o
                0x00000000200002c4                pEP0_RAM_Addr
 .sbss.pEP1_RAM_Addr
                0x00000000200002c8        0x4 ./sdk/Peripheral/ch32v30x_usbotg_device.o
                0x00000000200002c8                pEP1_RAM_Addr
 .sbss.pEP2_RAM_Addr
                0x00000000200002cc        0x4 ./sdk/Peripheral/ch32v30x_usbotg_device.o
                0x00000000200002cc                pEP2_RAM_Addr
 .sbss.pDescr   0x00000000200002d0        0x4 ./sdk/Peripheral/ch32v30x_usbotg_device.o
                0x00000000200002d0                pDescr
 .sbss.USBHD_Dev_SetupReqLen
                0x00000000200002d4        0x2 ./sdk/Peripheral/ch32v30x_usbotg_device.o
                0x00000000200002d4                USBHD_Dev_SetupReqLen
 .sbss.USBHD_Dev_SleepStatus
                0x00000000200002d6        0x1 ./sdk/Peripheral/ch32v30x_usbotg_device.o
                0x00000000200002d6                USBHD_Dev_SleepStatus
 .sbss.DevConfig
                0x00000000200002d7        0x1 ./sdk/Peripheral/ch32v30x_usbotg_device.o
                0x00000000200002d7                DevConfig
 .sbss.SetupReqCode
                0x00000000200002d8        0x1 ./sdk/Peripheral/ch32v30x_usbotg_device.o
                0x00000000200002d8                SetupReqCode
 *fill*         0x00000000200002d9        0x1 
 .sbss.SetupReqLen
                0x00000000200002da        0x2 ./sdk/Peripheral/ch32v30x_usbotg_device.o
                0x00000000200002da                SetupReqLen
 .sbss.adc_LM   0x00000000200002dc        0x4 ./code/Read_ADC.o
                0x00000000200002dc                adc_LM
 .sbss.adc_RM   0x00000000200002e0        0x4 ./code/Read_ADC.o
                0x00000000200002e0                adc_RM
 .sbss.err      0x00000000200002e4        0x4 ./code/servo.o
                0x00000000200002e4                err
 .sbss.Angle    0x00000000200002e8        0x4 ./code/servo.o
                0x00000000200002e8                Angle
 .sbss.Bias.7890
                0x00000000200002ec        0x4 ./code/servo.o
 .sbss.Last_Bias.7888
                0x00000000200002f0        0x4 ./code/servo.o
 .sbss.exp_turn.7889
                0x00000000200002f4        0x4 ./code/servo.o
 .sbss.__malloc_free_list
                0x00000000200002f8        0x4 e:/mounriver/mounriver_studio/toolchain/risc-v embedded gcc/bin/../lib/gcc/riscv-none-embed/8.2.0/../../../../riscv-none-embed/lib/rv32imafc/ilp32f\libg_nano.a(lib_a-nano-mallocr.o)
                0x00000000200002f8                __malloc_free_list
 .sbss.__malloc_sbrk_start
                0x00000000200002fc        0x4 e:/mounriver/mounriver_studio/toolchain/risc-v embedded gcc/bin/../lib/gcc/riscv-none-embed/8.2.0/../../../../riscv-none-embed/lib/rv32imafc/ilp32f\libg_nano.a(lib_a-nano-mallocr.o)
                0x00000000200002fc                __malloc_sbrk_start
 .sbss.heap_end.1520
                0x0000000020000300        0x4 e:/mounriver/mounriver_studio/toolchain/risc-v embedded gcc/bin/../lib/gcc/riscv-none-embed/8.2.0/../../../../riscv-none-embed/lib/rv32imafc/ilp32f\libnosys.a(sbrk.o)
 *(.gnu.linkonce.sb.*)
 *(.bss*)
 .bss.timer_function_state
                0x0000000020000304       0x28 ./zf_driver/zf_driver_timer.o
 .bss.timer_mode_state
                0x000000002000032c       0x28 ./zf_driver/zf_driver_timer.o
 .bss.dl1a_iic_struct
                0x0000000020000354       0x10 ./zf_device/zf_device_dl1a.o
 .bss.gps_tau1201_receiver_fifo
                0x0000000020000364       0x1c ./zf_device/zf_device_gps_tau1201.o
 .bss.gps_gga_buffer
                0x0000000020000380       0x80 ./zf_device/zf_device_gps_tau1201.o
 .bss.gps_rmc_buffer
                0x0000000020000400       0x80 ./zf_device/zf_device_gps_tau1201.o
 .bss.debug_output_info
                0x0000000020000480       0x14 ./zf_common/zf_common_debug.o
 *(.gnu.linkonce.b.*)
 *(COMMON*)
 COMMON         0x0000000020000494        0x4 e:/mounriver/mounriver_studio/toolchain/risc-v embedded gcc/bin/../lib/gcc/riscv-none-embed/8.2.0/../../../../riscv-none-embed/lib/rv32imafc/ilp32f\libg_nano.a(lib_a-reent.o)
                0x0000000020000494                errno
                0x0000000020000498                . = ALIGN (0x4)
                0x0000000020000498                PROVIDE (_ebss = .)
                [!provide]                        PROVIDE (_end = _ebss)
                0x0000000020000498                PROVIDE (end = .)

.stack          0x000000002000f800      0x800
                [!provide]                        PROVIDE (_heap_end = .)
                0x000000002000f800                . = ALIGN (0x4)
                [!provide]                        PROVIDE (_susrstack = .)
                0x0000000020010000                . = (. + __stack_size)
 *fill*         0x000000002000f800      0x800 
                0x0000000020010000                PROVIDE (_eusrstack = .)
OUTPUT(Seekfree_CH32V307VCT6_Opensource_Library.elf elf32-littleriscv)

.debug_info     0x0000000000000000    0x2690a
 .debug_info    0x0000000000000000      0xea8 ./zf_driver/zf_driver_adc.o
 .debug_info    0x0000000000000ea8      0xa11 ./zf_driver/zf_driver_delay.o
 .debug_info    0x00000000000018b9      0xefa ./zf_driver/zf_driver_gpio.o
 .debug_info    0x00000000000027b3     0x10a9 ./zf_driver/zf_driver_pit.o
 .debug_info    0x000000000000385c     0x1489 ./zf_driver/zf_driver_pwm.o
 .debug_info    0x0000000000004ce5     0x1602 ./zf_driver/zf_driver_soft_iic.o
 .debug_info    0x00000000000062e7     0x156a ./zf_driver/zf_driver_spi.o
 .debug_info    0x0000000000007851      0xfb7 ./zf_driver/zf_driver_timer.o
 .debug_info    0x0000000000008808     0x146b ./zf_driver/zf_driver_uart.o
 .debug_info    0x0000000000009c73     0x1308 ./zf_device/zf_device_dl1a.o
 .debug_info    0x000000000000af7b      0xe37 ./zf_device/zf_device_dm1xa.o
 .debug_info    0x000000000000bdb2     0x175d ./zf_device/zf_device_gps_tau1201.o
 .debug_info    0x000000000000d50f     0x1a80 ./zf_device/zf_device_ips200.o
 .debug_info    0x000000000000ef8f      0xab8 ./zf_device/zf_device_type.o
 .debug_info    0x000000000000fa47      0xb2d ./zf_common/zf_common_clock.o
 .debug_info    0x0000000000010574     0x1302 ./zf_common/zf_common_debug.o
 .debug_info    0x0000000000011876      0xddf ./zf_common/zf_common_fifo.o
 .debug_info    0x0000000000012655      0xa18 ./zf_common/zf_common_font.o
 .debug_info    0x000000000001306d     0x11b5 ./zf_common/zf_common_function.o
 .debug_info    0x0000000000014222      0xf79 ./zf_common/zf_common_interrupt.o
 .debug_info    0x000000000001519b     0x1bd5 ./user_c/isr.o
 .debug_info    0x0000000000016d70     0x1883 ./user_c/main.o
 .debug_info    0x00000000000185f3       0x22 ./sdk/Startup/startup_ch32v30x_D8C.o
 .debug_info    0x0000000000018615      0xd58 ./sdk/Peripheral/ch32v30x_adc.o
 .debug_info    0x000000000001936d      0x353 ./sdk/Peripheral/ch32v30x_exti.o
 .debug_info    0x00000000000196c0      0x712 ./sdk/Peripheral/ch32v30x_gpio.o
 .debug_info    0x0000000000019dd2      0xc64 ./sdk/Peripheral/ch32v30x_rcc.o
 .debug_info    0x000000000001aa36      0x96e ./sdk/Peripheral/ch32v30x_spi.o
 .debug_info    0x000000000001b3a4     0x1dd2 ./sdk/Peripheral/ch32v30x_tim.o
 .debug_info    0x000000000001d176      0xa45 ./sdk/Peripheral/ch32v30x_usart.o
 .debug_info    0x000000000001dbbb     0x13c6 ./sdk/Peripheral/ch32v30x_usbotg_device.o
 .debug_info    0x000000000001ef81     0x17bb ./code/Read_ADC.o
 .debug_info    0x000000000002073c     0x1755 ./code/hall_stopline.o
 .debug_info    0x0000000000021e91     0x19b8 ./code/motor.o
 .debug_info    0x0000000000023849     0x19dd ./code/servo.o
 .debug_info    0x0000000000025226     0x16e4 ./code/tof.o

.debug_abbrev   0x0000000000000000     0x55d7
 .debug_abbrev  0x0000000000000000      0x295 ./zf_driver/zf_driver_adc.o
 .debug_abbrev  0x0000000000000295      0x207 ./zf_driver/zf_driver_delay.o
 .debug_abbrev  0x000000000000049c      0x2ad ./zf_driver/zf_driver_gpio.o
 .debug_abbrev  0x0000000000000749      0x256 ./zf_driver/zf_driver_pit.o
 .debug_abbrev  0x000000000000099f      0x289 ./zf_driver/zf_driver_pwm.o
 .debug_abbrev  0x0000000000000c28      0x321 ./zf_driver/zf_driver_soft_iic.o
 .debug_abbrev  0x0000000000000f49      0x32f ./zf_driver/zf_driver_spi.o
 .debug_abbrev  0x0000000000001278      0x28e ./zf_driver/zf_driver_timer.o
 .debug_abbrev  0x0000000000001506      0x2da ./zf_driver/zf_driver_uart.o
 .debug_abbrev  0x00000000000017e0      0x332 ./zf_device/zf_device_dl1a.o
 .debug_abbrev  0x0000000000001b12      0x28b ./zf_device/zf_device_dm1xa.o